[2025-04-09 01:14:27,621] [INFO] [real_accelerator.py:239:get_accelerator] Setting ds_accelerator to cuda (auto detect)
/home/victor/anaconda3/envs/deepspeed_zero/lib/python3.11/site-packages/transformers/utils/generic.py:260: FutureWarning: `torch.utils._pytree._register_pytree_node` is deprecated. Please use `torch.utils._pytree.register_pytree_node` instead.
  torch.utils._pytree._register_pytree_node(
/home/victor/anaconda3/envs/deepspeed_zero/lib/python3.11/site-packages/transformers/utils/generic.py:260: FutureWarning: `torch.utils._pytree._register_pytree_node` is deprecated. Please use `torch.utils._pytree.register_pytree_node` instead.
  torch.utils._pytree._register_pytree_node(
[2025-04-09 01:14:29,173] [WARNING] [runner.py:215:fetch_hostfile] Unable to find hostfile, will proceed with training with local resources only.
[2025-04-09 01:14:29,173] [INFO] [runner.py:605:main] cmd = /home/victor/anaconda3/envs/deepspeed_zero/bin/python -u -m deepspeed.launcher.launch --world_info=eyJsb2NhbGhvc3QiOiBbMF19 --master_addr=127.0.0.1 --master_port=29500 --enable_each_rank_log=None run_model.py --model facebook/opt-125m --batch-size 3 --prompt-len 512 --gen-len 32 --use_gds --pin-memory 1 --cpu-offload --kv-offload
[2025-04-09 01:14:30,310] [INFO] [real_accelerator.py:239:get_accelerator] Setting ds_accelerator to cuda (auto detect)
/home/victor/anaconda3/envs/deepspeed_zero/lib/python3.11/site-packages/transformers/utils/generic.py:260: FutureWarning: `torch.utils._pytree._register_pytree_node` is deprecated. Please use `torch.utils._pytree.register_pytree_node` instead.
  torch.utils._pytree._register_pytree_node(
/home/victor/anaconda3/envs/deepspeed_zero/lib/python3.11/site-packages/transformers/utils/generic.py:260: FutureWarning: `torch.utils._pytree._register_pytree_node` is deprecated. Please use `torch.utils._pytree.register_pytree_node` instead.
  torch.utils._pytree._register_pytree_node(
[2025-04-09 01:14:31,802] [INFO] [launch.py:146:main] WORLD INFO DICT: {'localhost': [0]}
[2025-04-09 01:14:31,802] [INFO] [launch.py:152:main] nnodes=1, num_local_procs=1, node_rank=0
[2025-04-09 01:14:31,802] [INFO] [launch.py:163:main] global_rank_mapping=defaultdict(<class 'list'>, {'localhost': [0]})
[2025-04-09 01:14:31,802] [INFO] [launch.py:164:main] dist_world_size=1
[2025-04-09 01:14:31,802] [INFO] [launch.py:168:main] Setting CUDA_VISIBLE_DEVICES=0
[2025-04-09 01:14:31,803] [INFO] [launch.py:256:main] process 146782 spawned with command: ['/home/victor/anaconda3/envs/deepspeed_zero/bin/python', '-u', 'run_model.py', '--local_rank=0', '--model', 'facebook/opt-125m', '--batch-size', '3', '--prompt-len', '512', '--gen-len', '32', '--use_gds', '--pin-memory', '1', '--cpu-offload', '--kv-offload']
[2025-04-09 01:14:32,924] [INFO] [real_accelerator.py:239:get_accelerator] Setting ds_accelerator to cuda (auto detect)
/home/victor/anaconda3/envs/deepspeed_zero/lib/python3.11/site-packages/transformers/utils/generic.py:260: FutureWarning: `torch.utils._pytree._register_pytree_node` is deprecated. Please use `torch.utils._pytree.register_pytree_node` instead.
  torch.utils._pytree._register_pytree_node(
/home/victor/anaconda3/envs/deepspeed_zero/lib/python3.11/site-packages/transformers/utils/generic.py:260: FutureWarning: `torch.utils._pytree._register_pytree_node` is deprecated. Please use `torch.utils._pytree.register_pytree_node` instead.
  torch.utils._pytree._register_pytree_node(
[2025-04-09 01:14:34,457] [INFO] [comm.py:658:init_distributed] cdb=None
[2025-04-09 01:14:34,458] [INFO] [comm.py:689:init_distributed] Initializing TorchBackend in DeepSpeed with backend nccl
/home/victor/anaconda3/envs/deepspeed_zero/lib/python3.11/site-packages/huggingface_hub/file_download.py:797: FutureWarning: `resume_download` is deprecated and will be removed in version 1.0.0. Downloads always resume when possible. If you want to force a new download, use `force_download=True`.
  warnings.warn(
load model
[2025-04-09 01:14:35,747] [INFO] [config.py:734:__init__] Config mesh_device None world_size = 1
[2025-04-09 01:14:36,536] [INFO] [partition_parameters.py:348:__exit__] finished initializing model - num_params = 197, num_elems = 0.16B
[2025-04-09 01:14:36,909] [INFO] [logging.py:107:log_dist] [Rank 0] DeepSpeed info: version=0.16.5, git-hash=unknown, git-branch=unknown
[2025-04-09 01:14:36,909] [INFO] [config.py:734:__init__] Config mesh_device None world_size = 1
[2025-04-09 01:14:36,912] [INFO] [logging.py:107:log_dist] [Rank 0] DeepSpeed Flops Profiler Enabled: False
[2025-04-09 01:14:36,913] [INFO] [logging.py:107:log_dist] [Rank 0] Creating ZeRO Offload
[2025-04-09 01:14:37,018] [INFO] [utils.py:781:see_memory_usage] DeepSpeedZeRoOffload initialize [begin]
[2025-04-09 01:14:37,019] [INFO] [utils.py:782:see_memory_usage] MA 0.0 GB         Max_MA 0.14 GB         CA 0.15 GB         Max_CA 0 GB 
[2025-04-09 01:14:37,019] [INFO] [utils.py:789:see_memory_usage] CPU Virtual Memory:  used = 10.8 GB, percent = 71.9%
Parameter Offload: Total persistent parameters: 84480 in 110 params
[2025-04-09 01:14:37,138] [INFO] [utils.py:781:see_memory_usage] DeepSpeedZeRoOffload initialize [end]
[2025-04-09 01:14:37,139] [INFO] [utils.py:782:see_memory_usage] MA 0.0 GB         Max_MA 0.0 GB         CA 0.15 GB         Max_CA 0 GB 
[2025-04-09 01:14:37,139] [INFO] [utils.py:789:see_memory_usage] CPU Virtual Memory:  used = 10.8 GB, percent = 71.8%
[2025-04-09 01:14:37,139] [INFO] [config.py:1000:print] DeepSpeedEngine configuration:
[2025-04-09 01:14:37,139] [INFO] [config.py:1004:print]   activation_checkpointing_config  {
    "partition_activations": false, 
    "contiguous_memory_optimization": false, 
    "cpu_checkpointing": false, 
    "number_checkpoints": null, 
    "synchronize_checkpoint_boundary": false, 
    "profile": false
}
[2025-04-09 01:14:37,139] [INFO] [config.py:1004:print]   aio_config ................... {'block_size': 1048576, 'queue_depth': 8, 'intra_op_parallelism': 1, 'single_submit': False, 'overlap_events': True, 'use_gds': False}
[2025-04-09 01:14:37,139] [INFO] [config.py:1004:print]   amp_enabled .................. False
[2025-04-09 01:14:37,139] [INFO] [config.py:1004:print]   amp_params ................... False
[2025-04-09 01:14:37,140] [INFO] [config.py:1004:print]   autotuning_config ............ {
    "enabled": false, 
    "start_step": null, 
    "end_step": null, 
    "metric_path": null, 
    "arg_mappings": null, 
    "metric": "throughput", 
    "model_info": null, 
    "results_dir": "autotuning_results", 
    "exps_dir": "autotuning_exps", 
    "overwrite": true, 
    "fast": true, 
    "start_profile_step": 3, 
    "end_profile_step": 5, 
    "tuner_type": "gridsearch", 
    "tuner_early_stopping": 5, 
    "tuner_num_trials": 50, 
    "model_info_path": null, 
    "mp_size": 1, 
    "max_train_batch_size": null, 
    "min_train_batch_size": 1, 
    "max_train_micro_batch_size_per_gpu": 1.024000e+03, 
    "min_train_micro_batch_size_per_gpu": 1, 
    "num_tuning_micro_batch_sizes": 3
}
[2025-04-09 01:14:37,140] [INFO] [config.py:1004:print]   bfloat16_enabled ............. False
[2025-04-09 01:14:37,140] [INFO] [config.py:1004:print]   bfloat16_immediate_grad_update  True
[2025-04-09 01:14:37,140] [INFO] [config.py:1004:print]   checkpoint_parallel_write_pipeline  False
[2025-04-09 01:14:37,140] [INFO] [config.py:1004:print]   checkpoint_tag_validation_enabled  True
[2025-04-09 01:14:37,140] [INFO] [config.py:1004:print]   checkpoint_tag_validation_fail  False
[2025-04-09 01:14:37,140] [INFO] [config.py:1004:print]   comms_config ................. <deepspeed.comm.config.DeepSpeedCommsConfig object at 0x72056209f590>
[2025-04-09 01:14:37,140] [INFO] [config.py:1004:print]   communication_data_type ...... None
[2025-04-09 01:14:37,140] [INFO] [config.py:1004:print]   compression_config ........... {'weight_quantization': {'shared_parameters': {'enabled': False, 'quantizer_kernel': False, 'schedule_offset': 0, 'quantize_groups': 1, 'quantize_verbose': False, 'quantization_type': 'symmetric', 'quantize_weight_in_forward': False, 'rounding': 'nearest', 'fp16_mixed_quantize': False, 'quantize_change_ratio': 0.001}, 'different_groups': {}}, 'activation_quantization': {'shared_parameters': {'enabled': False, 'quantization_type': 'symmetric', 'range_calibration': 'dynamic', 'schedule_offset': 1000}, 'different_groups': {}}, 'sparse_pruning': {'shared_parameters': {'enabled': False, 'method': 'l1', 'schedule_offset': 1000}, 'different_groups': {}}, 'row_pruning': {'shared_parameters': {'enabled': False, 'method': 'l1', 'schedule_offset': 1000}, 'different_groups': {}}, 'head_pruning': {'shared_parameters': {'enabled': False, 'method': 'topk', 'schedule_offset': 1000}, 'different_groups': {}}, 'channel_pruning': {'shared_parameters': {'enabled': False, 'method': 'l1', 'schedule_offset': 1000}, 'different_groups': {}}, 'layer_reduction': {'enabled': False}}
[2025-04-09 01:14:37,140] [INFO] [config.py:1004:print]   curriculum_enabled_legacy .... False
[2025-04-09 01:14:37,140] [INFO] [config.py:1004:print]   curriculum_params_legacy ..... False
[2025-04-09 01:14:37,140] [INFO] [config.py:1004:print]   data_efficiency_config ....... {'enabled': False, 'seed': 1234, 'data_sampling': {'enabled': False, 'num_epochs': 1000, 'num_workers': 0, 'pin_memory': False, 'curriculum_learning': {'enabled': False}, 'dynamic_batching': {'enabled': False, 'lr_scaling_method': 'linear', 'min_batch_size': 1, 'max_batch_size': None, 'sequence_picking_order': 'dataloader', 'verbose': False}}, 'data_routing': {'enabled': False, 'random_ltd': {'enabled': False, 'layer_token_lr_schedule': {'enabled': False}}}}
[2025-04-09 01:14:37,140] [INFO] [config.py:1004:print]   data_efficiency_enabled ...... False
[2025-04-09 01:14:37,140] [INFO] [config.py:1004:print]   dataloader_drop_last ......... False
[2025-04-09 01:14:37,140] [INFO] [config.py:1004:print]   disable_allgather ............ False
[2025-04-09 01:14:37,140] [INFO] [config.py:1004:print]   dump_state ................... False
[2025-04-09 01:14:37,140] [INFO] [config.py:1004:print]   dynamic_loss_scale_args ...... None
[2025-04-09 01:14:37,140] [INFO] [config.py:1004:print]   eigenvalue_enabled ........... False
[2025-04-09 01:14:37,140] [INFO] [config.py:1004:print]   eigenvalue_gas_boundary_resolution  1
[2025-04-09 01:14:37,140] [INFO] [config.py:1004:print]   eigenvalue_layer_name ........ bert.encoder.layer
[2025-04-09 01:14:37,140] [INFO] [config.py:1004:print]   eigenvalue_layer_num ......... 0
[2025-04-09 01:14:37,140] [INFO] [config.py:1004:print]   eigenvalue_max_iter .......... 100
[2025-04-09 01:14:37,140] [INFO] [config.py:1004:print]   eigenvalue_stability ......... 1e-06
[2025-04-09 01:14:37,140] [INFO] [config.py:1004:print]   eigenvalue_tol ............... 0.01
[2025-04-09 01:14:37,140] [INFO] [config.py:1004:print]   eigenvalue_verbose ........... False
[2025-04-09 01:14:37,140] [INFO] [config.py:1004:print]   elasticity_enabled ........... False
[2025-04-09 01:14:37,140] [INFO] [config.py:1004:print]   flops_profiler_config ........ {
    "enabled": false, 
    "recompute_fwd_factor": 0.0, 
    "profile_step": 1, 
    "module_depth": -1, 
    "top_modules": 1, 
    "detailed": true, 
    "output_file": null
}
[2025-04-09 01:14:37,140] [INFO] [config.py:1004:print]   fp16_auto_cast ............... False
[2025-04-09 01:14:37,140] [INFO] [config.py:1004:print]   fp16_enabled ................. True
[2025-04-09 01:14:37,140] [INFO] [config.py:1004:print]   fp16_master_weights_and_gradients  False
[2025-04-09 01:14:37,140] [INFO] [config.py:1004:print]   global_rank .................. 0
[2025-04-09 01:14:37,140] [INFO] [config.py:1004:print]   grad_accum_dtype ............. None
[2025-04-09 01:14:37,140] [INFO] [config.py:1004:print]   gradient_accumulation_steps .. 1
[2025-04-09 01:14:37,140] [INFO] [config.py:1004:print]   gradient_clipping ............ 0.0
[2025-04-09 01:14:37,140] [INFO] [config.py:1004:print]   gradient_predivide_factor .... 1.0
[2025-04-09 01:14:37,140] [INFO] [config.py:1004:print]   graph_harvesting ............. False
[2025-04-09 01:14:37,140] [INFO] [config.py:1004:print]   hybrid_engine ................ enabled=False max_out_tokens=512 inference_tp_size=1 release_inference_cache=False pin_parameters=True tp_gather_partition_size=8
[2025-04-09 01:14:37,140] [INFO] [config.py:1004:print]   initial_dynamic_scale ........ 65536
[2025-04-09 01:14:37,140] [INFO] [config.py:1004:print]   load_universal_checkpoint .... False
[2025-04-09 01:14:37,140] [INFO] [config.py:1004:print]   loss_scale ................... 0
[2025-04-09 01:14:37,140] [INFO] [config.py:1004:print]   memory_breakdown ............. False
[2025-04-09 01:14:37,140] [INFO] [config.py:1004:print]   mics_hierarchial_params_gather  False
[2025-04-09 01:14:37,140] [INFO] [config.py:1004:print]   mics_shard_size .............. -1
[2025-04-09 01:14:37,141] [INFO] [config.py:1004:print]   monitor_config ............... tensorboard=TensorBoardConfig(enabled=False, output_path='', job_name='DeepSpeedJobName') comet=CometConfig(enabled=False, samples_log_interval=100, project=None, workspace=None, api_key=None, experiment_name=None, experiment_key=None, online=None, mode=None) wandb=WandbConfig(enabled=False, group=None, team=None, project='deepspeed') csv_monitor=CSVConfig(enabled=False, output_path='', job_name='DeepSpeedJobName')
[2025-04-09 01:14:37,141] [INFO] [config.py:1004:print]   nebula_config ................ {
    "enabled": false, 
    "persistent_storage_path": null, 
    "persistent_time_interval": 100, 
    "num_of_version_in_retention": 2, 
    "enable_nebula_load": true, 
    "load_path": null
}
[2025-04-09 01:14:37,141] [INFO] [config.py:1004:print]   optimizer_legacy_fusion ...... False
[2025-04-09 01:14:37,141] [INFO] [config.py:1004:print]   optimizer_name ............... None
[2025-04-09 01:14:37,141] [INFO] [config.py:1004:print]   optimizer_params ............. None
[2025-04-09 01:14:37,141] [INFO] [config.py:1004:print]   pipeline ..................... {'stages': 'auto', 'partition': 'best', 'seed_layers': False, 'activation_checkpoint_interval': 0, 'pipe_partitioned': True, 'grad_partitioned': True}
[2025-04-09 01:14:37,141] [INFO] [config.py:1004:print]   pld_enabled .................. False
[2025-04-09 01:14:37,141] [INFO] [config.py:1004:print]   pld_params ................... False
[2025-04-09 01:14:37,141] [INFO] [config.py:1004:print]   prescale_gradients ........... False
[2025-04-09 01:14:37,141] [INFO] [config.py:1004:print]   scheduler_name ............... None
[2025-04-09 01:14:37,141] [INFO] [config.py:1004:print]   scheduler_params ............. None
[2025-04-09 01:14:37,141] [INFO] [config.py:1004:print]   seq_parallel_communication_data_type  torch.float32
[2025-04-09 01:14:37,141] [INFO] [config.py:1004:print]   sparse_attention ............. None
[2025-04-09 01:14:37,141] [INFO] [config.py:1004:print]   sparse_gradients_enabled ..... False
[2025-04-09 01:14:37,141] [INFO] [config.py:1004:print]   steps_per_print .............. 2000
[2025-04-09 01:14:37,141] [INFO] [config.py:1004:print]   tensor_parallel_config ....... dtype=torch.float16 autotp_size=0 tensor_parallel=TPConfig(tp_size=1, tp_grain_size=1, mpu=None, tp_group=None) injection_policy_tuple=None keep_module_on_host=False replace_with_kernel_inject=False
[2025-04-09 01:14:37,141] [INFO] [config.py:1004:print]   timers_config ................ enabled=True synchronized=True
[2025-04-09 01:14:37,141] [INFO] [config.py:1004:print]   train_batch_size ............. 3
[2025-04-09 01:14:37,141] [INFO] [config.py:1004:print]   train_micro_batch_size_per_gpu  3
[2025-04-09 01:14:37,141] [INFO] [config.py:1004:print]   use_data_before_expert_parallel_  False
[2025-04-09 01:14:37,141] [INFO] [config.py:1004:print]   use_node_local_storage ....... False
[2025-04-09 01:14:37,141] [INFO] [config.py:1004:print]   wall_clock_breakdown ......... False
[2025-04-09 01:14:37,141] [INFO] [config.py:1004:print]   weight_quantization_config ... None
[2025-04-09 01:14:37,141] [INFO] [config.py:1004:print]   world_size ................... 1
[2025-04-09 01:14:37,141] [INFO] [config.py:1004:print]   zero_allow_untested_optimizer  False
[2025-04-09 01:14:37,141] [INFO] [config.py:1004:print]   zero_config .................. stage=3 contiguous_gradients=True reduce_scatter=True reduce_bucket_size=500000000 use_multi_rank_bucket_allreduce=True allgather_partitions=True allgather_bucket_size=500000000 overlap_comm=True load_from_fp32_weights=True elastic_checkpoint=False offload_param=DeepSpeedZeroOffloadParamConfig(device='cpu', nvme_path=None, buffer_count=5, buffer_size=100000000, max_in_cpu=1000000000, pin_memory=True) offload_optimizer=None sub_group_size=1000000000 cpu_offload_param=None cpu_offload_use_pin_memory=None cpu_offload=None prefetch_bucket_size=1179648 param_persistence_threshold=768 model_persistence_threshold=9223372036854775807 max_live_parameters=1179648 max_reuse_distance=1000000000 gather_16bit_weights_on_model_save=False module_granularity_threshold=0 use_all_reduce_for_fetch_params=False stage3_gather_fp16_weights_on_model_save=False ignore_unused_parameters=True legacy_stage1=False round_robin_gradients=False zero_hpz_partition_size=1 zero_quantized_weights=False zero_quantized_nontrainable_weights=False zero_quantized_gradients=False zeropp_loco_param=None mics_shard_size=-1 mics_hierarchical_params_gather=False memory_efficient_linear=True pipeline_loading_checkpoint=False override_module_apply=True log_trace_cache_warnings=False
[2025-04-09 01:14:37,141] [INFO] [config.py:1004:print]   zero_enabled ................. True
[2025-04-09 01:14:37,141] [INFO] [config.py:1004:print]   zero_force_ds_cpu_optimizer .. True
[2025-04-09 01:14:37,141] [INFO] [config.py:1004:print]   zero_optimization_stage ...... 3
[2025-04-09 01:14:37,141] [INFO] [config.py:990:print_user_config]   json = {
    "fp16": {
        "enabled": true
    }, 
    "bf16": {
        "enabled": false
    }, 
    "zero_optimization": {
        "stage": 3, 
        "stage3_prefetch_bucket_size": 1.179648e+06, 
        "stage3_param_persistence_threshold": 768, 
        "stage3_max_live_parameters": 1.179648e+06, 
        "offload_param": {
            "device": "cpu", 
            "pin_memory": true
        }
    }, 
    "steps_per_print": 2.000000e+03, 
    "train_batch_size": 3, 
    "wall_clock_breakdown": false
}
model.config = OPTConfig {
  "_name_or_path": "facebook/opt-125m",
  "_remove_final_layer_norm": false,
  "activation_dropout": 0.0,
  "activation_function": "relu",
  "architectures": [
    "OPTForCausalLM"
  ],
  "attention_dropout": 0.0,
  "bos_token_id": 2,
  "do_layer_norm_before": true,
  "dropout": 0.1,
  "enable_bias": true,
  "eos_token_id": 2,
  "ffn_dim": 3072,
  "hidden_size": 768,
  "init_std": 0.02,
  "layer_norm_elementwise_affine": true,
  "layerdrop": 0.0,
  "max_position_embeddings": 2048,
  "model_type": "opt",
  "num_attention_heads": 12,
  "num_hidden_layers": 12,
  "pad_token_id": 1,
  "prefix": "</s>",
  "torch_dtype": "float16",
  "transformers_version": "4.33.0.dev0",
  "use_cache": true,
  "vocab_size": 50272,
  "word_embed_proj_dim": 768
}

benchmark, prompt_len = 512, execute_gen_len = 32, input_ids.shape = torch.Size([3, 512])
token_latency=[0.370147705078125, 0.17026710510253906, 0.08653688430786133, 0.08780908584594727, 0.0883493423461914, 0.09330368041992188, 0.09106040000915527, 0.09006977081298828, 0.0897681713104248, 0.08934283256530762, 0.09005975723266602, 0.0931699275970459, 0.09224128723144531, 0.09274649620056152, 0.0910947322845459, 0.08754682540893555, 0.08818340301513672, 0.08708715438842773, 0.08831024169921875, 0.08827972412109375, 0.08769893646240234, 0.08726668357849121, 0.0868372917175293, 0.08727002143859863, 0.09050202369689941, 0.08736276626586914, 0.08786320686340332, 0.0877985954284668, 0.08642005920410156, 0.08882379531860352, 0.08720755577087402, 0.08874154090881348]
token_latency=[0.13299798965454102, 0.08899641036987305, 0.0879220962524414, 0.08792710304260254, 0.08788323402404785, 0.09064769744873047, 0.0893714427947998, 0.08991670608520508, 0.0884699821472168, 0.0876777172088623, 0.08919501304626465, 0.0875692367553711, 0.08688187599182129, 0.0867166519165039, 0.08773374557495117, 0.08700966835021973, 0.0879054069519043, 0.08995532989501953, 0.08940768241882324, 0.08752322196960449, 0.08735084533691406, 0.08799219131469727, 0.08901286125183105, 0.08917236328125, 0.09838628768920898, 0.0910344123840332, 0.09287405014038086, 0.09068655967712402, 0.09141778945922852, 0.09492731094360352, 0.09339046478271484, 0.09100604057312012]
token_latency=[0.13619017601013184, 0.0941157341003418, 0.08829307556152344, 0.08655858039855957, 0.0894467830657959, 0.08754348754882812, 0.08937740325927734, 0.08770871162414551, 0.08768248558044434, 0.08724308013916016, 0.08715033531188965, 0.08793044090270996, 0.0876622200012207, 0.08779525756835938, 0.0871267318725586, 0.08844327926635742, 0.08711791038513184, 0.08696937561035156, 0.08736228942871094, 0.08731579780578613, 0.08843588829040527, 0.09021258354187012, 0.08774709701538086, 0.08834052085876465, 0.0868690013885498, 0.08785629272460938, 0.08858823776245117, 0.08818745613098145, 0.0872657299041748, 0.08741068840026855, 0.0869898796081543, 0.08735299110412598]
Summary:
costs = [3.2598682370007737, 2.922355183000036, 2.877558611000495], prefill_timings = [0.36928796768188477, 0.12067055702209473, 0.12410926818847656]
Outputs:
----------------------------------------------------------------------
0: Paris is the capital city of France.
I'm not sure if you're being sarcastic or not, but I'm not sure if you're being sarcastic.
I'm not sure if
----------------------------------------------------------------------
1: Paris is the capital city of France.
I'm not sure if you're being sarcastic or not, but I'm not sure if you're being sarcastic.
I'm not sure if
----------------------------------------------------------------------
2: Paris is the capital city of France.
I'm not sure if you're being sarcastic or not, but I'm not sure if you're being sarcastic.
I'm not sure if
----------------------------------------------------------------------

model size: 0.230 GB	cache size: 0.056 GB	hidden size (p): 0.002 GB
peak gpu mem: 0.230 GB	prefill latency: 0.124 s	prefill throughput: 12376.191 token/s
decode latency: 2.753 s	decode throughput: 33.776 token/s
total latency: 2.878 s	total throughput: 33.362 token/s
[rank0]:[W409 01:14:46.256294489 ProcessGroupNCCL.cpp:1496] Warning: WARNING: destroy_process_group() was not called before program exit, which can leak resources. For more info, please see https://pytorch.org/docs/stable/distributed.html#shutdown (function operator())
[2025-04-09 01:14:47,805] [INFO] [launch.py:351:main] Process 146782 exits successfully.
