[2025-04-29 00:04:00,704] [INFO] [real_accelerator.py:239:get_accelerator] Setting ds_accelerator to cuda (auto detect)
/home/victor/anaconda3/envs/megatron-deepspeed/lib/python3.11/site-packages/transformers/utils/generic.py:260: FutureWarning: `torch.utils._pytree._register_pytree_node` is deprecated. Please use `torch.utils._pytree.register_pytree_node` instead.
  torch.utils._pytree._register_pytree_node(
/home/victor/anaconda3/envs/megatron-deepspeed/lib/python3.11/site-packages/transformers/utils/generic.py:260: FutureWarning: `torch.utils._pytree._register_pytree_node` is deprecated. Please use `torch.utils._pytree.register_pytree_node` instead.
  torch.utils._pytree._register_pytree_node(
[2025-04-29 00:04:04,797] [WARNING] [runner.py:215:fetch_hostfile] Unable to find hostfile, will proceed with training with local resources only.
[2025-04-29 00:04:04,797] [INFO] [runner.py:605:main] cmd = /home/victor/anaconda3/envs/megatron-deepspeed/bin/python -u -m deepspeed.launcher.launch --world_info=eyJsb2NhbGhvc3QiOiBbMCwgMV19 --master_addr=127.0.0.1 --master_port=29500 --enable_each_rank_log=None 1234.py
[2025-04-29 00:04:06,856] [INFO] [real_accelerator.py:239:get_accelerator] Setting ds_accelerator to cuda (auto detect)
/home/victor/anaconda3/envs/megatron-deepspeed/lib/python3.11/site-packages/transformers/utils/generic.py:260: FutureWarning: `torch.utils._pytree._register_pytree_node` is deprecated. Please use `torch.utils._pytree.register_pytree_node` instead.
  torch.utils._pytree._register_pytree_node(
/home/victor/anaconda3/envs/megatron-deepspeed/lib/python3.11/site-packages/transformers/utils/generic.py:260: FutureWarning: `torch.utils._pytree._register_pytree_node` is deprecated. Please use `torch.utils._pytree.register_pytree_node` instead.
  torch.utils._pytree._register_pytree_node(
[2025-04-29 00:04:09,974] [INFO] [launch.py:146:main] WORLD INFO DICT: {'localhost': [0, 1]}
[2025-04-29 00:04:09,974] [INFO] [launch.py:152:main] nnodes=1, num_local_procs=2, node_rank=0
[2025-04-29 00:04:09,975] [INFO] [launch.py:163:main] global_rank_mapping=defaultdict(<class 'list'>, {'localhost': [0, 1]})
[2025-04-29 00:04:09,975] [INFO] [launch.py:164:main] dist_world_size=2
[2025-04-29 00:04:09,975] [INFO] [launch.py:168:main] Setting CUDA_VISIBLE_DEVICES=0,1
[2025-04-29 00:04:09,977] [INFO] [launch.py:256:main] process 9683 spawned with command: ['/home/victor/anaconda3/envs/megatron-deepspeed/bin/python', '-u', '1234.py', '--local_rank=0']
[2025-04-29 00:04:09,979] [INFO] [launch.py:256:main] process 9684 spawned with command: ['/home/victor/anaconda3/envs/megatron-deepspeed/bin/python', '-u', '1234.py', '--local_rank=1']
/home/victor/anaconda3/envs/megatron-deepspeed/lib/python3.11/site-packages/transformers/utils/generic.py:260: FutureWarning: `torch.utils._pytree._register_pytree_node` is deprecated. Please use `torch.utils._pytree.register_pytree_node` instead.
  torch.utils._pytree._register_pytree_node(
/home/victor/anaconda3/envs/megatron-deepspeed/lib/python3.11/site-packages/transformers/utils/generic.py:260: FutureWarning: `torch.utils._pytree._register_pytree_node` is deprecated. Please use `torch.utils._pytree.register_pytree_node` instead.
  torch.utils._pytree._register_pytree_node(
[2025-04-29 00:04:14,335] [INFO] [real_accelerator.py:239:get_accelerator] Setting ds_accelerator to cuda (auto detect)
/home/victor/anaconda3/envs/megatron-deepspeed/lib/python3.11/site-packages/transformers/utils/generic.py:260: FutureWarning: `torch.utils._pytree._register_pytree_node` is deprecated. Please use `torch.utils._pytree.register_pytree_node` instead.
  torch.utils._pytree._register_pytree_node(
/home/victor/anaconda3/envs/megatron-deepspeed/lib/python3.11/site-packages/transformers/utils/generic.py:260: FutureWarning: `torch.utils._pytree._register_pytree_node` is deprecated. Please use `torch.utils._pytree.register_pytree_node` instead.
  torch.utils._pytree._register_pytree_node(
[2025-04-29 00:04:14,959] [INFO] [real_accelerator.py:239:get_accelerator] Setting ds_accelerator to cuda (auto detect)
[2025-04-29 00:04:17,381] [INFO] [comm.py:669:init_distributed] cdb=None
[2025-04-29 00:04:18,356] [INFO] [comm.py:669:init_distributed] cdb=None
[2025-04-29 00:04:18,356] [INFO] [comm.py:700:init_distributed] Initializing TorchBackend in DeepSpeed with backend nccl
/home/victor/anaconda3/envs/megatron-deepspeed/lib/python3.11/site-packages/huggingface_hub/file_download.py:896: FutureWarning: `resume_download` is deprecated and will be removed in version 1.0.0. Downloads always resume when possible. If you want to force a new download, use `force_download=True`.
  warnings.warn(
/home/victor/anaconda3/envs/megatron-deepspeed/lib/python3.11/site-packages/huggingface_hub/file_download.py:896: FutureWarning: `resume_download` is deprecated and will be removed in version 1.0.0. Downloads always resume when possible. If you want to force a new download, use `force_download=True`.
  warnings.warn(
SEED_LAYERS=False BASE_SEED=1234 SEED_FN=None
Using topology: {ProcessCoord(pipe=0, data=0): 0, ProcessCoord(pipe=1, data=0): 1}
[2025-04-29 00:04:48,544] [INFO] [module.py:398:_partition_layers] Partitioning pipeline stages with method parameters
stage=0 layers=13
     0: Embedding
     1: OPTDecoderLayer
     2: OPTDecoderLayer
     3: OPTDecoderLayer
     4: OPTDecoderLayer
     5: OPTDecoderLayer
     6: OPTDecoderLayer
     7: OPTDecoderLayer
     8: OPTDecoderLayer
     9: OPTDecoderLayer
    10: OPTDecoderLayer
    11: OPTDecoderLayer
    12: OPTDecoderLayer
stage=1 layers=14
    13: OPTDecoderLayer
    14: OPTDecoderLayer
    15: OPTDecoderLayer
    16: OPTDecoderLayer
    17: OPTDecoderLayer
    18: OPTDecoderLayer
    19: OPTDecoderLayer
    20: OPTDecoderLayer
    21: OPTDecoderLayer
    22: OPTDecoderLayer
    23: OPTDecoderLayer
    24: OPTDecoderLayer
    25: LayerNorm
    26: Linear
[2025-04-29 00:04:52,472] [INFO] [logging.py:107:log_dist] [Rank 0] DeepSpeed info: version=0.16.7, git-hash=unknown, git-branch=unknown
[2025-04-29 00:04:52,473] [INFO] [config.py:735:__init__] Config mesh_device None world_size = 1
[2025-04-29 00:04:52,723] [INFO] [logging.py:107:log_dist] [Rank 0] DeepSpeed Flops Profiler Enabled: False
[2025-04-29 00:04:52,724] [INFO] [logging.py:107:log_dist] [Rank 0] Creating ZeRO Offload
[2025-04-29 00:04:52,839] [INFO] [utils.py:781:see_memory_usage] DeepSpeedZeRoOffload initialize [begin]
[2025-04-29 00:04:52,840] [INFO] [utils.py:782:see_memory_usage] MA 2.63 GB         Max_MA 2.63 GB         CA 2.64 GB         Max_CA 3 GB 
[2025-04-29 00:04:52,840] [INFO] [utils.py:789:see_memory_usage] CPU Virtual Memory:  used = 9.17 GB, percent = 47.2%
[2025-04-29 00:04:52,842] [INFO] [config.py:735:__init__] Config mesh_device None world_size = 1
[2025-04-29 00:04:53,160] [INFO] [config.py:735:__init__] Config mesh_device None world_size = 1
[2025-04-29 00:04:53,385] [INFO] [config.py:735:__init__] Config mesh_device None world_size = 1
/home/victor/anaconda3/envs/megatron-deepspeed/lib/python3.11/site-packages/torch/utils/cpp_extension.py:2059: UserWarning: TORCH_CUDA_ARCH_LIST is not set, all archs for visible cards are included for compilation. 
If this is not desired, please set os.environ['TORCH_CUDA_ARCH_LIST'].
  warnings.warn(
/home/victor/anaconda3/envs/megatron-deepspeed/lib/python3.11/site-packages/torch/utils/cpp_extension.py:2059: UserWarning: TORCH_CUDA_ARCH_LIST is not set, all archs for visible cards are included for compilation. 
If this is not desired, please set os.environ['TORCH_CUDA_ARCH_LIST'].
  warnings.warn(
[2025-04-29 00:04:58,192] [INFO] [utils.py:30:print_object] AsyncPartitionedParameterSwapper:
[2025-04-29 00:04:58,193] [INFO] [utils.py:34:print_object]   aio_config ................... {'block_size': 1048576, 'queue_depth': 8, 'intra_op_parallelism': 1, 'single_submit': False, 'overlap_events': True, 'use_gds': False}
[2025-04-29 00:04:58,195] [INFO] [utils.py:34:print_object]   aio_handle ................... <class 'async_io.aio_handle'>
[2025-04-29 00:04:58,195] [INFO] [utils.py:34:print_object]   aligned_bytes ................ 1024
[2025-04-29 00:04:58,196] [INFO] [utils.py:34:print_object]   aligned_elements_per_buffer .. 536870912
[2025-04-29 00:04:58,196] [INFO] [utils.py:34:print_object]   available_buffer_ids ......... [0, 1]
[2025-04-29 00:04:58,196] [INFO] [utils.py:34:print_object]   available_numel .............. 0
[2025-04-29 00:04:58,196] [INFO] [utils.py:34:print_object]   available_params ............. set()
[2025-04-29 00:04:58,196] [INFO] [utils.py:34:print_object]   dtype ........................ torch.bfloat16
[2025-04-29 00:04:58,196] [INFO] [utils.py:34:print_object]   elements_per_buffer .......... 536870912
[2025-04-29 00:04:58,196] [INFO] [utils.py:34:print_object]   id_to_path ................... {}
[2025-04-29 00:04:58,196] [INFO] [utils.py:34:print_object]   inflight_numel ............... 0
[2025-04-29 00:04:58,196] [INFO] [utils.py:34:print_object]   inflight_params .............. []
[2025-04-29 00:04:58,198] [INFO] [utils.py:34:print_object]   inflight_swap_in_buffers ..... []
[2025-04-29 00:04:58,198] [INFO] [utils.py:34:print_object]   invalid_buffer ............... 1.0
[2025-04-29 00:04:58,199] [INFO] [utils.py:34:print_object]   min_aio_bytes ................ 1048576
[2025-04-29 00:04:58,199] [INFO] [utils.py:34:print_object]   numel_alignment .............. 512
[2025-04-29 00:04:58,199] [INFO] [utils.py:34:print_object]   param_buffer_count ........... 2
[2025-04-29 00:04:58,199] [INFO] [utils.py:34:print_object]   param_id_to_buffer_id ........ {}
[2025-04-29 00:04:58,199] [INFO] [utils.py:34:print_object]   param_id_to_numel ............ {}
[2025-04-29 00:04:58,199] [INFO] [utils.py:34:print_object]   param_id_to_swap_buffer ...... {}
[2025-04-29 00:04:58,199] [INFO] [utils.py:34:print_object]   partitioned_swap_buffer ...... None
[2025-04-29 00:04:58,199] [INFO] [utils.py:34:print_object]   partitioned_swap_pool ........ None
[2025-04-29 00:04:58,199] [INFO] [utils.py:34:print_object]   pending_reads ................ 0
[2025-04-29 00:04:58,199] [INFO] [utils.py:34:print_object]   pending_writes ............... 0
[2025-04-29 00:04:58,199] [INFO] [utils.py:34:print_object]   reserved_buffer_ids .......... []
[2025-04-29 00:04:58,199] [INFO] [utils.py:34:print_object]   swap_config .................. device='nvme' nvme_path=PosixPath('offload') buffer_count=2 buffer_size=536870912 max_in_cpu=1000000000 pin_memory=True
[2025-04-29 00:04:58,199] [INFO] [utils.py:34:print_object]   swap_element_size ............ 2
[2025-04-29 00:04:58,199] [INFO] [utils.py:34:print_object]   swap_folder .................. offload/zero_stage_3/bfloat16params/rank0
[2025-04-29 00:04:58,199] [INFO] [utils.py:34:print_object]   swap_out_params .............. []
[2025-04-29 00:04:58,199] [INFO] [utils.py:34:print_object]   use_gds ...................... False
Parameter Offload: Total persistent parameters: 0 in 0 params
[2025-04-29 00:05:23,677] [INFO] [utils.py:781:see_memory_usage] DeepSpeedZeRoOffload initialize [end]
[2025-04-29 00:05:23,678] [INFO] [utils.py:782:see_memory_usage] MA 0.0 GB         Max_MA 2.63 GB         CA 2.64 GB         Max_CA 3 GB 
[2025-04-29 00:05:23,678] [INFO] [utils.py:789:see_memory_usage] CPU Virtual Memory:  used = 15.01 GB, percent = 77.3%
[2025-04-29 00:05:23,678] [INFO] [config.py:1003:print] DeepSpeedEngine configuration:
[2025-04-29 00:05:23,679] [INFO] [config.py:1007:print]   activation_checkpointing_config  {
    "partition_activations": false, 
    "contiguous_memory_optimization": false, 
    "cpu_checkpointing": false, 
    "number_checkpoints": null, 
    "synchronize_checkpoint_boundary": false, 
    "profile": false
}
[2025-04-29 00:05:23,679] [INFO] [config.py:1007:print]   aio_config ................... {'block_size': 1048576, 'queue_depth': 8, 'intra_op_parallelism': 1, 'single_submit': False, 'overlap_events': True, 'use_gds': False}
[2025-04-29 00:05:23,679] [INFO] [config.py:1007:print]   amp_enabled .................. False
[2025-04-29 00:05:23,679] [INFO] [config.py:1007:print]   amp_params ................... False
[2025-04-29 00:05:23,679] [INFO] [config.py:1007:print]   autotuning_config ............ {
    "enabled": false, 
    "start_step": null, 
    "end_step": null, 
    "metric_path": null, 
    "arg_mappings": null, 
    "metric": "throughput", 
    "model_info": null, 
    "results_dir": "autotuning_results", 
    "exps_dir": "autotuning_exps", 
    "overwrite": true, 
    "fast": true, 
    "start_profile_step": 3, 
    "end_profile_step": 5, 
    "tuner_type": "gridsearch", 
    "tuner_early_stopping": 5, 
    "tuner_num_trials": 50, 
    "model_info_path": null, 
    "mp_size": 1, 
    "max_train_batch_size": null, 
    "min_train_batch_size": 1, 
    "max_train_micro_batch_size_per_gpu": 1.024000e+03, 
    "min_train_micro_batch_size_per_gpu": 1, 
    "num_tuning_micro_batch_sizes": 3
}
[2025-04-29 00:05:23,679] [INFO] [config.py:1007:print]   bfloat16_enabled ............. False
[2025-04-29 00:05:23,679] [INFO] [config.py:1007:print]   bfloat16_immediate_grad_update  False
[2025-04-29 00:05:23,679] [INFO] [config.py:1007:print]   checkpoint_parallel_write_pipeline  False
[2025-04-29 00:05:23,679] [INFO] [config.py:1007:print]   checkpoint_tag_validation_enabled  True
[2025-04-29 00:05:23,679] [INFO] [config.py:1007:print]   checkpoint_tag_validation_fail  False
[2025-04-29 00:05:23,679] [INFO] [config.py:1007:print]   comms_config ................. <deepspeed.comm.config.DeepSpeedCommsConfig object at 0x76971675f2d0>
[2025-04-29 00:05:23,679] [INFO] [config.py:1007:print]   communication_data_type ...... None
[2025-04-29 00:05:23,679] [INFO] [config.py:1007:print]   compile_config ............... deepcompile=False free_activation=False offload_activation=False offload_opt_states=False double_buffer=True symmetric_memory=False debug_log=False offload_parameters=False sync_before_reduce=False sync_after_reduce=False sync_before_allgather=False sync_after_allgather=False
[2025-04-29 00:05:23,679] [INFO] [config.py:1007:print]   compression_config ........... {'weight_quantization': {'shared_parameters': {'enabled': False, 'quantizer_kernel': False, 'schedule_offset': 0, 'quantize_groups': 1, 'quantize_verbose': False, 'quantization_type': 'symmetric', 'quantize_weight_in_forward': False, 'rounding': 'nearest', 'fp16_mixed_quantize': False, 'quantize_change_ratio': 0.001}, 'different_groups': {}}, 'activation_quantization': {'shared_parameters': {'enabled': False, 'quantization_type': 'symmetric', 'range_calibration': 'dynamic', 'schedule_offset': 1000}, 'different_groups': {}}, 'sparse_pruning': {'shared_parameters': {'enabled': False, 'method': 'l1', 'schedule_offset': 1000}, 'different_groups': {}}, 'row_pruning': {'shared_parameters': {'enabled': False, 'method': 'l1', 'schedule_offset': 1000}, 'different_groups': {}}, 'head_pruning': {'shared_parameters': {'enabled': False, 'method': 'topk', 'schedule_offset': 1000}, 'different_groups': {}}, 'channel_pruning': {'shared_parameters': {'enabled': False, 'method': 'l1', 'schedule_offset': 1000}, 'different_groups': {}}, 'layer_reduction': {'enabled': False}}
[2025-04-29 00:05:23,680] [INFO] [config.py:1007:print]   curriculum_enabled_legacy .... False
[2025-04-29 00:05:23,680] [INFO] [config.py:1007:print]   curriculum_params_legacy ..... False
[2025-04-29 00:05:23,680] [INFO] [config.py:1007:print]   data_efficiency_config ....... {'enabled': False, 'seed': 1234, 'data_sampling': {'enabled': False, 'num_epochs': 1000, 'num_workers': 0, 'pin_memory': False, 'curriculum_learning': {'enabled': False}, 'dynamic_batching': {'enabled': False, 'lr_scaling_method': 'linear', 'min_batch_size': 1, 'max_batch_size': None, 'sequence_picking_order': 'dataloader', 'verbose': False}}, 'data_routing': {'enabled': False, 'random_ltd': {'enabled': False, 'layer_token_lr_schedule': {'enabled': False}}}}
[2025-04-29 00:05:23,680] [INFO] [config.py:1007:print]   data_efficiency_enabled ...... False
[2025-04-29 00:05:23,680] [INFO] [config.py:1007:print]   dataloader_drop_last ......... False
[2025-04-29 00:05:23,680] [INFO] [config.py:1007:print]   disable_allgather ............ False
[2025-04-29 00:05:23,680] [INFO] [config.py:1007:print]   dump_state ................... False
[2025-04-29 00:05:23,680] [INFO] [config.py:1007:print]   dynamic_loss_scale_args ...... None
[2025-04-29 00:05:23,680] [INFO] [config.py:1007:print]   eigenvalue_enabled ........... False
[2025-04-29 00:05:23,680] [INFO] [config.py:1007:print]   eigenvalue_gas_boundary_resolution  1
[2025-04-29 00:05:23,680] [INFO] [config.py:1007:print]   eigenvalue_layer_name ........ bert.encoder.layer
[2025-04-29 00:05:23,680] [INFO] [config.py:1007:print]   eigenvalue_layer_num ......... 0
[2025-04-29 00:05:23,680] [INFO] [config.py:1007:print]   eigenvalue_max_iter .......... 100
[2025-04-29 00:05:23,680] [INFO] [config.py:1007:print]   eigenvalue_stability ......... 1e-06
[2025-04-29 00:05:23,680] [INFO] [config.py:1007:print]   eigenvalue_tol ............... 0.01
[2025-04-29 00:05:23,680] [INFO] [config.py:1007:print]   eigenvalue_verbose ........... False
[2025-04-29 00:05:23,680] [INFO] [config.py:1007:print]   elasticity_enabled ........... False
[2025-04-29 00:05:23,680] [INFO] [config.py:1007:print]   flops_profiler_config ........ {
    "enabled": false, 
    "recompute_fwd_factor": 0.0, 
    "profile_step": 1, 
    "module_depth": -1, 
    "top_modules": 1, 
    "detailed": true, 
    "output_file": null
}
[2025-04-29 00:05:23,680] [INFO] [config.py:1007:print]   fp16_auto_cast ............... None
[2025-04-29 00:05:23,680] [INFO] [config.py:1007:print]   fp16_enabled ................. False
[2025-04-29 00:05:23,680] [INFO] [config.py:1007:print]   fp16_master_weights_and_gradients  False
[2025-04-29 00:05:23,680] [INFO] [config.py:1007:print]   global_rank .................. 0
[2025-04-29 00:05:23,680] [INFO] [config.py:1007:print]   grad_accum_dtype ............. None
[2025-04-29 00:05:23,680] [INFO] [config.py:1007:print]   gradient_accumulation_steps .. 1
[2025-04-29 00:05:23,680] [INFO] [config.py:1007:print]   gradient_clipping ............ 0.0
[2025-04-29 00:05:23,680] [INFO] [config.py:1007:print]   gradient_predivide_factor .... 1.0
[2025-04-29 00:05:23,680] [INFO] [config.py:1007:print]   graph_harvesting ............. False
[2025-04-29 00:05:23,680] [INFO] [config.py:1007:print]   hybrid_engine ................ enabled=False max_out_tokens=512 inference_tp_size=1 release_inference_cache=False pin_parameters=True tp_gather_partition_size=8
[2025-04-29 00:05:23,680] [INFO] [config.py:1007:print]   initial_dynamic_scale ........ 65536
[2025-04-29 00:05:23,680] [INFO] [config.py:1007:print]   load_universal_checkpoint .... False
[2025-04-29 00:05:23,680] [INFO] [config.py:1007:print]   loss_scale ................... 0
[2025-04-29 00:05:23,680] [INFO] [config.py:1007:print]   memory_breakdown ............. False
[2025-04-29 00:05:23,680] [INFO] [config.py:1007:print]   mics_hierarchial_params_gather  False
[2025-04-29 00:05:23,680] [INFO] [config.py:1007:print]   mics_shard_size .............. -1
[2025-04-29 00:05:23,681] [INFO] [config.py:1007:print]   monitor_config ............... tensorboard=TensorBoardConfig(enabled=False, output_path='', job_name='DeepSpeedJobName') comet=CometConfig(enabled=False, samples_log_interval=100, project=None, workspace=None, api_key=None, experiment_name=None, experiment_key=None, online=None, mode=None) wandb=WandbConfig(enabled=False, group=None, team=None, project='deepspeed') csv_monitor=CSVConfig(enabled=False, output_path='', job_name='DeepSpeedJobName')
[2025-04-29 00:05:23,681] [INFO] [config.py:1007:print]   nebula_config ................ {
    "enabled": false, 
    "persistent_storage_path": null, 
    "persistent_time_interval": 100, 
    "num_of_version_in_retention": 2, 
    "enable_nebula_load": true, 
    "load_path": null
}
[2025-04-29 00:05:23,681] [INFO] [config.py:1007:print]   optimizer_legacy_fusion ...... False
[2025-04-29 00:05:23,681] [INFO] [config.py:1007:print]   optimizer_name ............... None
[2025-04-29 00:05:23,681] [INFO] [config.py:1007:print]   optimizer_params ............. None
[2025-04-29 00:05:23,681] [INFO] [config.py:1007:print]   pipeline ..................... {'stages': 'auto', 'partition': 'best', 'seed_layers': False, 'activation_checkpoint_interval': 0, 'pipe_partitioned': True, 'grad_partitioned': True, 'pipe_parallel_size': 2}
[2025-04-29 00:05:23,681] [INFO] [config.py:1007:print]   pld_enabled .................. False
[2025-04-29 00:05:23,681] [INFO] [config.py:1007:print]   pld_params ................... False
[2025-04-29 00:05:23,681] [INFO] [config.py:1007:print]   prescale_gradients ........... False
[2025-04-29 00:05:23,681] [INFO] [config.py:1007:print]   scheduler_name ............... None
[2025-04-29 00:05:23,681] [INFO] [config.py:1007:print]   scheduler_params ............. None
[2025-04-29 00:05:23,681] [INFO] [config.py:1007:print]   seq_parallel_communication_data_type  torch.float32
[2025-04-29 00:05:23,681] [INFO] [config.py:1007:print]   sparse_attention ............. None
[2025-04-29 00:05:23,681] [INFO] [config.py:1007:print]   sparse_gradients_enabled ..... False
[2025-04-29 00:05:23,681] [INFO] [config.py:1007:print]   steps_per_print .............. None
[2025-04-29 00:05:23,681] [INFO] [config.py:1007:print]   tensor_parallel_config ....... dtype=torch.float16 autotp_size=0 tp_overlap_comm=False tensor_parallel=TPConfig(tp_size=1, tp_grain_size=1, mpu=None, tp_group=None) injection_policy_tuple=None keep_module_on_host=False replace_with_kernel_inject=False
[2025-04-29 00:05:23,681] [INFO] [config.py:1007:print]   timers_config ................ enabled=True synchronized=True
[2025-04-29 00:05:23,681] [INFO] [config.py:1007:print]   train_batch_size ............. 4
[2025-04-29 00:05:23,681] [INFO] [config.py:1007:print]   train_micro_batch_size_per_gpu  4
[2025-04-29 00:05:23,681] [INFO] [config.py:1007:print]   use_data_before_expert_parallel_  False
[2025-04-29 00:05:23,681] [INFO] [config.py:1007:print]   use_node_local_storage ....... False
[2025-04-29 00:05:23,681] [INFO] [config.py:1007:print]   wall_clock_breakdown ......... False
[2025-04-29 00:05:23,681] [INFO] [config.py:1007:print]   weight_quantization_config ... None
[2025-04-29 00:05:23,681] [INFO] [config.py:1007:print]   world_size ................... 1
[2025-04-29 00:05:23,681] [INFO] [config.py:1007:print]   zero_allow_untested_optimizer  False
[2025-04-29 00:05:23,681] [INFO] [config.py:1007:print]   zero_config .................. stage=3 contiguous_gradients=True reduce_scatter=True reduce_bucket_size=500000000 use_multi_rank_bucket_allreduce=True allgather_partitions=True allgather_bucket_size=500000000 overlap_comm=True load_from_fp32_weights=True elastic_checkpoint=False offload_param=DeepSpeedZeroOffloadParamConfig(device='nvme', nvme_path=PosixPath('offload'), buffer_count=2, buffer_size=536870912, max_in_cpu=1000000000, pin_memory=True) offload_optimizer=None sub_group_size=1000000000 cpu_offload_param=None cpu_offload_use_pin_memory=None cpu_offload=None prefetch_bucket_size=2097152 param_persistence_threshold=1024 model_persistence_threshold=9223372036854775807 max_live_parameters=2097152 max_reuse_distance=1000000000 gather_16bit_weights_on_model_save=False module_granularity_threshold=0 use_all_reduce_for_fetch_params=False stage3_gather_fp16_weights_on_model_save=False ignore_unused_parameters=True legacy_stage1=False round_robin_gradients=False zero_hpz_partition_size=1 zero_quantized_weights=False zero_quantized_nontrainable_weights=False zero_quantized_gradients=False zeropp_loco_param=None mics_shard_size=-1 mics_hierarchical_params_gather=False memory_efficient_linear=True pipeline_loading_checkpoint=False override_module_apply=True log_trace_cache_warnings=False
[2025-04-29 00:05:23,681] [INFO] [config.py:1007:print]   zero_enabled ................. True
[2025-04-29 00:05:23,681] [INFO] [config.py:1007:print]   zero_force_ds_cpu_optimizer .. True
[2025-04-29 00:05:23,681] [INFO] [config.py:1007:print]   zero_optimization_stage ...... 3
[2025-04-29 00:05:23,682] [INFO] [config.py:993:print_user_config]   json = {
    "train_batch_size": 4, 
    "zero_optimization": {
        "stage": 3, 
        "stage3_prefetch_bucket_size": 2.097152e+06, 
        "stage3_param_persistence_threshold": 1.024000e+03, 
        "stage3_max_live_parameters": 2.097152e+06, 
        "offload_param": {
            "device": "nvme", 
            "pin_memory": true, 
            "nvme_path": "offload", 
            "buffer_count": 2, 
            "buffer_size": 5.368709e+08
        }
    }, 
    "pipeline": {
        "pipe_parallel_size": 2
    }
}
[rank0]: Traceback (most recent call last):
[rank0]:   File "/home/victor/NIR/multi-gpu/1234.py", line 43, in <module>
[rank0]:     model_engine = deepspeed.initialize(
[rank0]:                    ^^^^^^^^^^^^^^^^^^^^^
[rank0]:   File "/home/victor/anaconda3/envs/megatron-deepspeed/lib/python3.11/site-packages/deepspeed/__init__.py", line 209, in initialize
[rank0]:     engine = PipelineEngine(args=args,
[rank0]:              ^^^^^^^^^^^^^^^^^^^^^^^^^
[rank0]:   File "/home/victor/anaconda3/envs/megatron-deepspeed/lib/python3.11/site-packages/deepspeed/runtime/pipe/engine.py", line 77, in __init__
[rank0]:     assert self.zero_optimization_stage(
[rank0]:            ^^^^^^^^^^^^^^^^^^^^^^^^^^^^^
[rank0]: AssertionError: ZeRO-2 and ZeRO-3 are incompatible with pipeline parallelism
[rank0]:[W429 00:05:23.576563244 ProcessGroupNCCL.cpp:1496] Warning: WARNING: destroy_process_group() was not called before program exit, which can leak resources. For more info, please see https://pytorch.org/docs/stable/distributed.html#shutdown (function operator())
[rank1]: Traceback (most recent call last):
[rank1]:   File "/home/victor/NIR/multi-gpu/1234.py", line 43, in <module>
[rank1]:     model_engine = deepspeed.initialize(
[rank1]:                    ^^^^^^^^^^^^^^^^^^^^^
[rank1]:   File "/home/victor/anaconda3/envs/megatron-deepspeed/lib/python3.11/site-packages/deepspeed/__init__.py", line 209, in initialize
[rank1]:     engine = PipelineEngine(args=args,
[rank1]:              ^^^^^^^^^^^^^^^^^^^^^^^^^
[rank1]:   File "/home/victor/anaconda3/envs/megatron-deepspeed/lib/python3.11/site-packages/deepspeed/runtime/pipe/engine.py", line 77, in __init__
[rank1]:     assert self.zero_optimization_stage(
[rank1]:            ^^^^^^^^^^^^^^^^^^^^^^^^^^^^^
[rank1]: AssertionError: ZeRO-2 and ZeRO-3 are incompatible with pipeline parallelism
[rank1]:[W429 00:05:24.223011642 ProcessGroupNCCL.cpp:1496] Warning: WARNING: destroy_process_group() was not called before program exit, which can leak resources. For more info, please see https://pytorch.org/docs/stable/distributed.html#shutdown (function operator())
[2025-04-29 00:05:27,005] [INFO] [launch.py:319:sigkill_handler] Killing subprocess 9683
[2025-04-29 00:05:27,006] [INFO] [launch.py:319:sigkill_handler] Killing subprocess 9684
[2025-04-29 00:05:27,011] [ERROR] [launch.py:325:sigkill_handler] ['/home/victor/anaconda3/envs/megatron-deepspeed/bin/python', '-u', '1234.py', '--local_rank=1'] exits with return code = 1
