[2025-05-21 14:35:07,641] [INFO] [real_accelerator.py:239:get_accelerator] Setting ds_accelerator to cuda (auto detect)
/home/victor/anaconda3/envs/megatron-deepspeed/lib/python3.11/site-packages/transformers/utils/generic.py:260: FutureWarning: `torch.utils._pytree._register_pytree_node` is deprecated. Please use `torch.utils._pytree.register_pytree_node` instead.
  torch.utils._pytree._register_pytree_node(
/home/victor/anaconda3/envs/megatron-deepspeed/lib/python3.11/site-packages/transformers/utils/generic.py:260: FutureWarning: `torch.utils._pytree._register_pytree_node` is deprecated. Please use `torch.utils._pytree.register_pytree_node` instead.
  torch.utils._pytree._register_pytree_node(
[2025-05-21 14:35:10,630] [WARNING] [runner.py:215:fetch_hostfile] Unable to find hostfile, will proceed with training with local resources only.
[2025-05-21 14:35:10,630] [INFO] [runner.py:605:main] cmd = /home/victor/anaconda3/envs/megatron-deepspeed/bin/python -u -m deepspeed.launcher.launch --world_info=eyJsb2NhbGhvc3QiOiBbMCwgMV19 --master_addr=127.0.0.1 --master_port=29500 --enable_each_rank_log=None MoE-parallelism.py
[2025-05-21 14:35:12,728] [INFO] [real_accelerator.py:239:get_accelerator] Setting ds_accelerator to cuda (auto detect)
/home/victor/anaconda3/envs/megatron-deepspeed/lib/python3.11/site-packages/transformers/utils/generic.py:260: FutureWarning: `torch.utils._pytree._register_pytree_node` is deprecated. Please use `torch.utils._pytree.register_pytree_node` instead.
  torch.utils._pytree._register_pytree_node(
/home/victor/anaconda3/envs/megatron-deepspeed/lib/python3.11/site-packages/transformers/utils/generic.py:260: FutureWarning: `torch.utils._pytree._register_pytree_node` is deprecated. Please use `torch.utils._pytree.register_pytree_node` instead.
  torch.utils._pytree._register_pytree_node(
[2025-05-21 14:35:15,690] [INFO] [launch.py:146:main] WORLD INFO DICT: {'localhost': [0, 1]}
[2025-05-21 14:35:15,690] [INFO] [launch.py:152:main] nnodes=1, num_local_procs=2, node_rank=0
[2025-05-21 14:35:15,691] [INFO] [launch.py:163:main] global_rank_mapping=defaultdict(<class 'list'>, {'localhost': [0, 1]})
[2025-05-21 14:35:15,691] [INFO] [launch.py:164:main] dist_world_size=2
[2025-05-21 14:35:15,691] [INFO] [launch.py:168:main] Setting CUDA_VISIBLE_DEVICES=0,1
[2025-05-21 14:35:15,693] [INFO] [launch.py:256:main] process 5974 spawned with command: ['/home/victor/anaconda3/envs/megatron-deepspeed/bin/python', '-u', 'MoE-parallelism.py', '--local_rank=0']
[2025-05-21 14:35:15,695] [INFO] [launch.py:256:main] process 5975 spawned with command: ['/home/victor/anaconda3/envs/megatron-deepspeed/bin/python', '-u', 'MoE-parallelism.py', '--local_rank=1']
/home/victor/anaconda3/envs/megatron-deepspeed/lib/python3.11/site-packages/transformers/utils/generic.py:260: FutureWarning: `torch.utils._pytree._register_pytree_node` is deprecated. Please use `torch.utils._pytree.register_pytree_node` instead.
  torch.utils._pytree._register_pytree_node(
/home/victor/anaconda3/envs/megatron-deepspeed/lib/python3.11/site-packages/transformers/utils/generic.py:260: FutureWarning: `torch.utils._pytree._register_pytree_node` is deprecated. Please use `torch.utils._pytree.register_pytree_node` instead.
  torch.utils._pytree._register_pytree_node(
/home/victor/anaconda3/envs/megatron-deepspeed/lib/python3.11/site-packages/transformers/utils/generic.py:260: FutureWarning: `torch.utils._pytree._register_pytree_node` is deprecated. Please use `torch.utils._pytree.register_pytree_node` instead.
  torch.utils._pytree._register_pytree_node(
/home/victor/anaconda3/envs/megatron-deepspeed/lib/python3.11/site-packages/transformers/utils/generic.py:260: FutureWarning: `torch.utils._pytree._register_pytree_node` is deprecated. Please use `torch.utils._pytree.register_pytree_node` instead.
  torch.utils._pytree._register_pytree_node(
[2025-05-21 14:35:20,029] [INFO] [real_accelerator.py:239:get_accelerator] Setting ds_accelerator to cuda (auto detect)
[2025-05-21 14:35:20,090] [INFO] [real_accelerator.py:239:get_accelerator] Setting ds_accelerator to cuda (auto detect)
[2025-05-21 14:35:23,497] [INFO] [comm.py:669:init_distributed] cdb=None
[2025-05-21 14:35:23,497] [INFO] [comm.py:700:init_distributed] Initializing TorchBackend in DeepSpeed with backend nccl
[2025-05-21 14:35:23,683] [INFO] [comm.py:669:init_distributed] cdb=None
[2025-05-21 14:35:25,971] [INFO] [logging.py:107:log_dist] [Rank 0] Creating MoE layer with num_experts: 16 | num_local_experts: 8 | expert_parallel_size: 2
[2025-05-21 14:35:26,136] [INFO] [logging.py:107:log_dist] [Rank 0] Creating MoE layer with num_experts: 16 | num_local_experts: 8 | expert_parallel_size: 2
[2025-05-21 14:35:26,299] [INFO] [logging.py:107:log_dist] [Rank 0] Creating MoE layer with num_experts: 16 | num_local_experts: 8 | expert_parallel_size: 2
[2025-05-21 14:35:26,457] [INFO] [logging.py:107:log_dist] [Rank 0] Creating MoE layer with num_experts: 16 | num_local_experts: 8 | expert_parallel_size: 2
[2025-05-21 14:35:26,615] [INFO] [logging.py:107:log_dist] [Rank 0] Creating MoE layer with num_experts: 16 | num_local_experts: 8 | expert_parallel_size: 2
[2025-05-21 14:35:26,773] [INFO] [logging.py:107:log_dist] [Rank 0] Creating MoE layer with num_experts: 16 | num_local_experts: 8 | expert_parallel_size: 2
[2025-05-21 14:35:26,927] [INFO] [logging.py:107:log_dist] [Rank 0] Creating MoE layer with num_experts: 16 | num_local_experts: 8 | expert_parallel_size: 2
[2025-05-21 14:35:27,089] [INFO] [logging.py:107:log_dist] [Rank 0] Creating MoE layer with num_experts: 16 | num_local_experts: 8 | expert_parallel_size: 2
[2025-05-21 14:35:27,255] [INFO] [logging.py:107:log_dist] [Rank 0] Creating MoE layer with num_experts: 16 | num_local_experts: 8 | expert_parallel_size: 2
[2025-05-21 14:35:27,416] [INFO] [logging.py:107:log_dist] [Rank 0] Creating MoE layer with num_experts: 16 | num_local_experts: 8 | expert_parallel_size: 2
[2025-05-21 14:35:27,576] [INFO] [logging.py:107:log_dist] [Rank 0] Creating MoE layer with num_experts: 16 | num_local_experts: 8 | expert_parallel_size: 2
[2025-05-21 14:35:27,735] [INFO] [logging.py:107:log_dist] [Rank 0] Creating MoE layer with num_experts: 16 | num_local_experts: 8 | expert_parallel_size: 2
[2025-05-21 14:35:27,897] [INFO] [logging.py:107:log_dist] [Rank 0] Creating MoE layer with num_experts: 16 | num_local_experts: 8 | expert_parallel_size: 2
[2025-05-21 14:35:28,058] [INFO] [logging.py:107:log_dist] [Rank 0] Creating MoE layer with num_experts: 16 | num_local_experts: 8 | expert_parallel_size: 2
[2025-05-21 14:35:28,224] [INFO] [logging.py:107:log_dist] [Rank 0] Creating MoE layer with num_experts: 16 | num_local_experts: 8 | expert_parallel_size: 2
[2025-05-21 14:35:28,388] [INFO] [logging.py:107:log_dist] [Rank 0] Creating MoE layer with num_experts: 16 | num_local_experts: 8 | expert_parallel_size: 2
[2025-05-21 14:35:28,552] [INFO] [logging.py:107:log_dist] [Rank 0] Creating MoE layer with num_experts: 16 | num_local_experts: 8 | expert_parallel_size: 2
[2025-05-21 14:35:28,713] [INFO] [logging.py:107:log_dist] [Rank 0] Creating MoE layer with num_experts: 16 | num_local_experts: 8 | expert_parallel_size: 2
[2025-05-21 14:35:28,902] [INFO] [logging.py:107:log_dist] [Rank 0] Creating MoE layer with num_experts: 16 | num_local_experts: 8 | expert_parallel_size: 2
[2025-05-21 14:35:29,057] [INFO] [logging.py:107:log_dist] [Rank 0] Creating MoE layer with num_experts: 16 | num_local_experts: 8 | expert_parallel_size: 2
[2025-05-21 14:35:29,219] [INFO] [logging.py:107:log_dist] [Rank 0] Creating MoE layer with num_experts: 16 | num_local_experts: 8 | expert_parallel_size: 2
[2025-05-21 14:35:29,375] [INFO] [logging.py:107:log_dist] [Rank 0] Creating MoE layer with num_experts: 16 | num_local_experts: 8 | expert_parallel_size: 2
[2025-05-21 14:35:29,537] [INFO] [logging.py:107:log_dist] [Rank 0] Creating MoE layer with num_experts: 16 | num_local_experts: 8 | expert_parallel_size: 2
[2025-05-21 14:35:29,699] [INFO] [logging.py:107:log_dist] [Rank 0] Creating MoE layer with num_experts: 16 | num_local_experts: 8 | expert_parallel_size: 2

[Rank 1] Model device: cuda:1
embed.weight is on cuda:1
layers.0.attn.self.query.weight is on cuda:1
layers.0.attn.self.query.bias is on cuda:1
layers.0.attn.self.key.weight is on cuda:1
layers.0.attn.self.key.bias is on cuda:1
layers.0.attn.self.value.weight is on cuda:1
layers.0.attn.self.value.bias is on cuda:1
layers.0.attn.output.dense.weight is on cuda:1
layers.0.attn.output.dense.bias is on cuda:1
layers.0.attn.output.LayerNorm.weight is on cuda:1
layers.0.attn.output.LayerNorm.bias is on cuda:1
layers.0.moe.deepspeed_moe.gate.wg.weight is on cuda:1
layers.0.moe.deepspeed_moe.experts.deepspeed_experts.0.weight is on cuda:1
layers.0.moe.deepspeed_moe.experts.deepspeed_experts.0.bias is on cuda:1
layers.0.moe.deepspeed_moe.experts.deepspeed_experts.1.weight is on cuda:1
layers.0.moe.deepspeed_moe.experts.deepspeed_experts.1.bias is on cuda:1
layers.0.moe.deepspeed_moe.experts.deepspeed_experts.2.weight is on cuda:1
layers.0.moe.deepspeed_moe.experts.deepspeed_experts.2.bias is on cuda:1
layers.0.moe.deepspeed_moe.experts.deepspeed_experts.3.weight is on cuda:1
layers.0.moe.deepspeed_moe.experts.deepspeed_experts.3.bias is on cuda:1
layers.0.moe.deepspeed_moe.experts.deepspeed_experts.4.weight is on cuda:1
layers.0.moe.deepspeed_moe.experts.deepspeed_experts.4.bias is on cuda:1
layers.0.moe.deepspeed_moe.experts.deepspeed_experts.5.weight is on cuda:1
layers.0.moe.deepspeed_moe.experts.deepspeed_experts.5.bias is on cuda:1
layers.0.moe.deepspeed_moe.experts.deepspeed_experts.6.weight is on cuda:1
layers.0.moe.deepspeed_moe.experts.deepspeed_experts.6.bias is on cuda:1
layers.0.moe.deepspeed_moe.experts.deepspeed_experts.7.weight is on cuda:1
layers.0.moe.deepspeed_moe.experts.deepspeed_experts.7.bias is on cuda:1
layers.0.ln1.weight is on cuda:1
layers.0.ln1.bias is on cuda:1
layers.0.ln2.weight is on cuda:1
layers.0.ln2.bias is on cuda:1
layers.1.attn.self.query.weight is on cuda:1
layers.1.attn.self.query.bias is on cuda:1
layers.1.attn.self.key.weight is on cuda:1
layers.1.attn.self.key.bias is on cuda:1
layers.1.attn.self.value.weight is on cuda:1
layers.1.attn.self.value.bias is on cuda:1
layers.1.attn.output.dense.weight is on cuda:1
layers.1.attn.output.dense.bias is on cuda:1
layers.1.attn.output.LayerNorm.weight is on cuda:1
layers.1.attn.output.LayerNorm.bias is on cuda:1
layers.1.moe.deepspeed_moe.gate.wg.weight is on cuda:1
layers.1.moe.deepspeed_moe.experts.deepspeed_experts.0.weight is on cuda:1
layers.1.moe.deepspeed_moe.experts.deepspeed_experts.0.bias is on cuda:1
layers.1.moe.deepspeed_moe.experts.deepspeed_experts.1.weight is on cuda:1
layers.1.moe.deepspeed_moe.experts.deepspeed_experts.1.bias is on cuda:1
layers.1.moe.deepspeed_moe.experts.deepspeed_experts.2.weight is on cuda:1
layers.1.moe.deepspeed_moe.experts.deepspeed_experts.2.bias is on cuda:1
layers.1.moe.deepspeed_moe.experts.deepspeed_experts.3.weight is on cuda:1
layers.1.moe.deepspeed_moe.experts.deepspeed_experts.3.bias is on cuda:1
layers.1.moe.deepspeed_moe.experts.deepspeed_experts.4.weight is on cuda:1
layers.1.moe.deepspeed_moe.experts.deepspeed_experts.4.bias is on cuda:1
layers.1.moe.deepspeed_moe.experts.deepspeed_experts.5.weight is on cuda:1
layers.1.moe.deepspeed_moe.experts.deepspeed_experts.5.bias is on cuda:1
layers.1.moe.deepspeed_moe.experts.deepspeed_experts.6.weight is on cuda:1
layers.1.moe.deepspeed_moe.experts.deepspeed_experts.6.bias is on cuda:1
layers.1.moe.deepspeed_moe.experts.deepspeed_experts.7.weight is on cuda:1
layers.1.moe.deepspeed_moe.experts.deepspeed_experts.7.bias is on cuda:1
layers.1.ln1.weight is on cuda:1
layers.1.ln1.bias is on cuda:1
layers.1.ln2.weight is on cuda:1
layers.1.ln2.bias is on cuda:1
layers.2.attn.self.query.weight is on cuda:1
layers.2.attn.self.query.bias is on cuda:1
layers.2.attn.self.key.weight is on cuda:1
layers.2.attn.self.key.bias is on cuda:1
layers.2.attn.self.value.weight is on cuda:1
layers.2.attn.self.value.bias is on cuda:1
layers.2.attn.output.dense.weight is on cuda:1
layers.2.attn.output.dense.bias is on cuda:1
layers.2.attn.output.LayerNorm.weight is on cuda:1
layers.2.attn.output.LayerNorm.bias is on cuda:1
layers.2.moe.deepspeed_moe.gate.wg.weight is on cuda:1
layers.2.moe.deepspeed_moe.experts.deepspeed_experts.0.weight is on cuda:1
layers.2.moe.deepspeed_moe.experts.deepspeed_experts.0.bias is on cuda:1
layers.2.moe.deepspeed_moe.experts.deepspeed_experts.1.weight is on cuda:1
layers.2.moe.deepspeed_moe.experts.deepspeed_experts.1.bias is on cuda:1
layers.2.moe.deepspeed_moe.experts.deepspeed_experts.2.weight is on cuda:1
layers.2.moe.deepspeed_moe.experts.deepspeed_experts.2.bias is on cuda:1
layers.2.moe.deepspeed_moe.experts.deepspeed_experts.3.weight is on cuda:1
layers.2.moe.deepspeed_moe.experts.deepspeed_experts.3.bias is on cuda:1
layers.2.moe.deepspeed_moe.experts.deepspeed_experts.4.weight is on cuda:1
layers.2.moe.deepspeed_moe.experts.deepspeed_experts.4.bias is on cuda:1
layers.2.moe.deepspeed_moe.experts.deepspeed_experts.5.weight is on cuda:1
layers.2.moe.deepspeed_moe.experts.deepspeed_experts.5.bias is on cuda:1
layers.2.moe.deepspeed_moe.experts.deepspeed_experts.6.weight is on cuda:1
layers.2.moe.deepspeed_moe.experts.deepspeed_experts.6.bias is on cuda:1
layers.2.moe.deepspeed_moe.experts.deepspeed_experts.7.weight is on cuda:1
layers.2.moe.deepspeed_moe.experts.deepspeed_experts.7.bias is on cuda:1
layers.2.ln1.weight is on cuda:1
layers.2.ln1.bias is on cuda:1
layers.2.ln2.weight is on cuda:1
layers.2.ln2.bias is on cuda:1
layers.3.attn.self.query.weight is on cuda:1
layers.3.attn.self.query.bias is on cuda:1
layers.3.attn.self.key.weight is on cuda:1
layers.3.attn.self.key.bias is on cuda:1
layers.3.attn.self.value.weight is on cuda:1
layers.3.attn.self.value.bias is on cuda:1
layers.3.attn.output.dense.weight is on cuda:1
layers.3.attn.output.dense.bias is on cuda:1
layers.3.attn.output.LayerNorm.weight is on cuda:1
layers.3.attn.output.LayerNorm.bias is on cuda:1
layers.3.moe.deepspeed_moe.gate.wg.weight is on cuda:1
layers.3.moe.deepspeed_moe.experts.deepspeed_experts.0.weight is on cuda:1
layers.3.moe.deepspeed_moe.experts.deepspeed_experts.0.bias is on cuda:1
layers.3.moe.deepspeed_moe.experts.deepspeed_experts.1.weight is on cuda:1
layers.3.moe.deepspeed_moe.experts.deepspeed_experts.1.bias is on cuda:1
layers.3.moe.deepspeed_moe.experts.deepspeed_experts.2.weight is on cuda:1
layers.3.moe.deepspeed_moe.experts.deepspeed_experts.2.bias is on cuda:1
layers.3.moe.deepspeed_moe.experts.deepspeed_experts.3.weight is on cuda:1
layers.3.moe.deepspeed_moe.experts.deepspeed_experts.3.bias is on cuda:1
layers.3.moe.deepspeed_moe.experts.deepspeed_experts.4.weight is on cuda:1
layers.3.moe.deepspeed_moe.experts.deepspeed_experts.4.bias is on cuda:1
layers.3.moe.deepspeed_moe.experts.deepspeed_experts.5.weight is on cuda:1
layers.3.moe.deepspeed_moe.experts.deepspeed_experts.5.bias is on cuda:1
layers.3.moe.deepspeed_moe.experts.deepspeed_experts.6.weight is on cuda:1
layers.3.moe.deepspeed_moe.experts.deepspeed_experts.6.bias is on cuda:1
layers.3.moe.deepspeed_moe.experts.deepspeed_experts.7.weight is on cuda:1
layers.3.moe.deepspeed_moe.experts.deepspeed_experts.7.bias is on cuda:1
layers.3.ln1.weight is on cuda:1
layers.3.ln1.bias is on cuda:1
layers.3.ln2.weight is on cuda:1
layers.3.ln2.bias is on cuda:1
layers.4.attn.self.query.weight is on cuda:1
layers.4.attn.self.query.bias is on cuda:1
layers.4.attn.self.key.weight is on cuda:1
layers.4.attn.self.key.bias is on cuda:1
layers.4.attn.self.value.weight is on cuda:1
layers.4.attn.self.value.bias is on cuda:1
layers.4.attn.output.dense.weight is on cuda:1
layers.4.attn.output.dense.bias is on cuda:1
layers.4.attn.output.LayerNorm.weight is on cuda:1
layers.4.attn.output.LayerNorm.bias is on cuda:1
layers.4.moe.deepspeed_moe.gate.wg.weight is on cuda:1
layers.4.moe.deepspeed_moe.experts.deepspeed_experts.0.weight is on cuda:1
layers.4.moe.deepspeed_moe.experts.deepspeed_experts.0.bias is on cuda:1
layers.4.moe.deepspeed_moe.experts.deepspeed_experts.1.weight is on cuda:1
layers.4.moe.deepspeed_moe.experts.deepspeed_experts.1.bias is on cuda:1
layers.4.moe.deepspeed_moe.experts.deepspeed_experts.2.weight is on cuda:1
layers.4.moe.deepspeed_moe.experts.deepspeed_experts.2.bias is on cuda:1
layers.4.moe.deepspeed_moe.experts.deepspeed_experts.3.weight is on cuda:1
layers.4.moe.deepspeed_moe.experts.deepspeed_experts.3.bias is on cuda:1
layers.4.moe.deepspeed_moe.experts.deepspeed_experts.4.weight is on cuda:1
layers.4.moe.deepspeed_moe.experts.deepspeed_experts.4.bias is on cuda:1
layers.4.moe.deepspeed_moe.experts.deepspeed_experts.5.weight is on cuda:1
layers.4.moe.deepspeed_moe.experts.deepspeed_experts.5.bias is on cuda:1
layers.4.moe.deepspeed_moe.experts.deepspeed_experts.6.weight is on cuda:1
layers.4.moe.deepspeed_moe.experts.deepspeed_experts.6.bias is on cuda:1
layers.4.moe.deepspeed_moe.experts.deepspeed_experts.7.weight is on cuda:1
layers.4.moe.deepspeed_moe.experts.deepspeed_experts.7.bias is on cuda:1
layers.4.ln1.weight is on cuda:1
layers.4.ln1.bias is on cuda:1
layers.4.ln2.weight is on cuda:1
layers.4.ln2.bias is on cuda:1
layers.5.attn.self.query.weight is on cuda:1
layers.5.attn.self.query.bias is on cuda:1
layers.5.attn.self.key.weight is on cuda:1
layers.5.attn.self.key.bias is on cuda:1
layers.5.attn.self.value.weight is on cuda:1
layers.5.attn.self.value.bias is on cuda:1
layers.5.attn.output.dense.weight is on cuda:1
layers.5.attn.output.dense.bias is on cuda:1
layers.5.attn.output.LayerNorm.weight is on cuda:1
layers.5.attn.output.LayerNorm.bias is on cuda:1
layers.5.moe.deepspeed_moe.gate.wg.weight is on cuda:1
layers.5.moe.deepspeed_moe.experts.deepspeed_experts.0.weight is on cuda:1
layers.5.moe.deepspeed_moe.experts.deepspeed_experts.0.bias is on cuda:1
layers.5.moe.deepspeed_moe.experts.deepspeed_experts.1.weight is on cuda:1
layers.5.moe.deepspeed_moe.experts.deepspeed_experts.1.bias is on cuda:1
layers.5.moe.deepspeed_moe.experts.deepspeed_experts.2.weight is on cuda:1
layers.5.moe.deepspeed_moe.experts.deepspeed_experts.2.bias is on cuda:1
layers.5.moe.deepspeed_moe.experts.deepspeed_experts.3.weight is on cuda:1
layers.5.moe.deepspeed_moe.experts.deepspeed_experts.3.bias is on cuda:1
layers.5.moe.deepspeed_moe.experts.deepspeed_experts.4.weight is on cuda:1
layers.5.moe.deepspeed_moe.experts.deepspeed_experts.4.bias is on cuda:1
layers.5.moe.deepspeed_moe.experts.deepspeed_experts.5.weight is on cuda:1
layers.5.moe.deepspeed_moe.experts.deepspeed_experts.5.bias is on cuda:1
layers.5.moe.deepspeed_moe.experts.deepspeed_experts.6.weight is on cuda:1
layers.5.moe.deepspeed_moe.experts.deepspeed_experts.6.bias is on cuda:1
layers.5.moe.deepspeed_moe.experts.deepspeed_experts.7.weight is on cuda:1
layers.5.moe.deepspeed_moe.experts.deepspeed_experts.7.bias is on cuda:1
layers.5.ln1.weight is on cuda:1
layers.5.ln1.bias is on cuda:1
layers.5.ln2.weight is on cuda:1
layers.5.ln2.bias is on cuda:1
layers.6.attn.self.query.weight is on cuda:1
layers.6.attn.self.query.bias is on cuda:1
layers.6.attn.self.key.weight is on cuda:1
layers.6.attn.self.key.bias is on cuda:1
layers.6.attn.self.value.weight is on cuda:1
layers.6.attn.self.value.bias is on cuda:1
layers.6.attn.output.dense.weight is on cuda:1
layers.6.attn.output.dense.bias is on cuda:1
layers.6.attn.output.LayerNorm.weight is on cuda:1
layers.6.attn.output.LayerNorm.bias is on cuda:1
layers.6.moe.deepspeed_moe.gate.wg.weight is on cuda:1
layers.6.moe.deepspeed_moe.experts.deepspeed_experts.0.weight is on cuda:1
layers.6.moe.deepspeed_moe.experts.deepspeed_experts.0.bias is on cuda:1
layers.6.moe.deepspeed_moe.experts.deepspeed_experts.1.weight is on cuda:1
layers.6.moe.deepspeed_moe.experts.deepspeed_experts.1.bias is on cuda:1
layers.6.moe.deepspeed_moe.experts.deepspeed_experts.2.weight is on cuda:1
layers.6.moe.deepspeed_moe.experts.deepspeed_experts.2.bias is on cuda:1
layers.6.moe.deepspeed_moe.experts.deepspeed_experts.3.weight is on cuda:1
layers.6.moe.deepspeed_moe.experts.deepspeed_experts.3.bias is on cuda:1
layers.6.moe.deepspeed_moe.experts.deepspeed_experts.4.weight is on cuda:1
layers.6.moe.deepspeed_moe.experts.deepspeed_experts.4.bias is on cuda:1
layers.6.moe.deepspeed_moe.experts.deepspeed_experts.5.weight is on cuda:1
layers.6.moe.deepspeed_moe.experts.deepspeed_experts.5.bias is on cuda:1
layers.6.moe.deepspeed_moe.experts.deepspeed_experts.6.weight is on cuda:1
layers.6.moe.deepspeed_moe.experts.deepspeed_experts.6.bias is on cuda:1
layers.6.moe.deepspeed_moe.experts.deepspeed_experts.7.weight is on cuda:1
layers.6.moe.deepspeed_moe.experts.deepspeed_experts.7.bias is on cuda:1
layers.6.ln1.weight is on cuda:1
layers.6.ln1.bias is on cuda:1
layers.6.ln2.weight is on cuda:1
layers.6.ln2.bias is on cuda:1
layers.7.attn.self.query.weight is on cuda:1
layers.7.attn.self.query.bias is on cuda:1
layers.7.attn.self.key.weight is on cuda:1
layers.7.attn.self.key.bias is on cuda:1
layers.7.attn.self.value.weight is on cuda:1
layers.7.attn.self.value.bias is on cuda:1
layers.7.attn.output.dense.weight is on cuda:1
layers.7.attn.output.dense.bias is on cuda:1
layers.7.attn.output.LayerNorm.weight is on cuda:1
layers.7.attn.output.LayerNorm.bias is on cuda:1
layers.7.moe.deepspeed_moe.gate.wg.weight is on cuda:1
layers.7.moe.deepspeed_moe.experts.deepspeed_experts.0.weight is on cuda:1
layers.7.moe.deepspeed_moe.experts.deepspeed_experts.0.bias is on cuda:1
layers.7.moe.deepspeed_moe.experts.deepspeed_experts.1.weight is on cuda:1
layers.7.moe.deepspeed_moe.experts.deepspeed_experts.1.bias is on cuda:1
layers.7.moe.deepspeed_moe.experts.deepspeed_experts.2.weight is on cuda:1
layers.7.moe.deepspeed_moe.experts.deepspeed_experts.2.bias is on cuda:1
layers.7.moe.deepspeed_moe.experts.deepspeed_experts.3.weight is on cuda:1
layers.7.moe.deepspeed_moe.experts.deepspeed_experts.3.bias is on cuda:1
layers.7.moe.deepspeed_moe.experts.deepspeed_experts.4.weight is on cuda:1
layers.7.moe.deepspeed_moe.experts.deepspeed_experts.4.bias is on cuda:1
layers.7.moe.deepspeed_moe.experts.deepspeed_experts.5.weight is on cuda:1
layers.7.moe.deepspeed_moe.experts.deepspeed_experts.5.bias is on cuda:1
layers.7.moe.deepspeed_moe.experts.deepspeed_experts.6.weight is on cuda:1
layers.7.moe.deepspeed_moe.experts.deepspeed_experts.6.bias is on cuda:1
layers.7.moe.deepspeed_moe.experts.deepspeed_experts.7.weight is on cuda:1
layers.7.moe.deepspeed_moe.experts.deepspeed_experts.7.bias is on cuda:1
layers.7.ln1.weight is on cuda:1
layers.7.ln1.bias is on cuda:1
layers.7.ln2.weight is on cuda:1
layers.7.ln2.bias is on cuda:1
layers.8.attn.self.query.weight is on cuda:1
layers.8.attn.self.query.bias is on cuda:1
layers.8.attn.self.key.weight is on cuda:1
layers.8.attn.self.key.bias is on cuda:1
layers.8.attn.self.value.weight is on cuda:1
layers.8.attn.self.value.bias is on cuda:1
layers.8.attn.output.dense.weight is on cuda:1
layers.8.attn.output.dense.bias is on cuda:1
layers.8.attn.output.LayerNorm.weight is on cuda:1
layers.8.attn.output.LayerNorm.bias is on cuda:1
layers.8.moe.deepspeed_moe.gate.wg.weight is on cuda:1
layers.8.moe.deepspeed_moe.experts.deepspeed_experts.0.weight is on cuda:1
layers.8.moe.deepspeed_moe.experts.deepspeed_experts.0.bias is on cuda:1
layers.8.moe.deepspeed_moe.experts.deepspeed_experts.1.weight is on cuda:1
layers.8.moe.deepspeed_moe.experts.deepspeed_experts.1.bias is on cuda:1
layers.8.moe.deepspeed_moe.experts.deepspeed_experts.2.weight is on cuda:1
layers.8.moe.deepspeed_moe.experts.deepspeed_experts.2.bias is on cuda:1
layers.8.moe.deepspeed_moe.experts.deepspeed_experts.3.weight is on cuda:1
layers.8.moe.deepspeed_moe.experts.deepspeed_experts.3.bias is on cuda:1
layers.8.moe.deepspeed_moe.experts.deepspeed_experts.4.weight is on cuda:1
layers.8.moe.deepspeed_moe.experts.deepspeed_experts.4.bias is on cuda:1
layers.8.moe.deepspeed_moe.experts.deepspeed_experts.5.weight is on cuda:1
layers.8.moe.deepspeed_moe.experts.deepspeed_experts.5.bias is on cuda:1
layers.8.moe.deepspeed_moe.experts.deepspeed_experts.6.weight is on cuda:1
layers.8.moe.deepspeed_moe.experts.deepspeed_experts.6.bias is on cuda:1
layers.8.moe.deepspeed_moe.experts.deepspeed_experts.7.weight is on cuda:1
layers.8.moe.deepspeed_moe.experts.deepspeed_experts.7.bias is on cuda:1
layers.8.ln1.weight is on cuda:1
layers.8.ln1.bias is on cuda:1
layers.8.ln2.weight is on cuda:1
layers.8.ln2.bias is on cuda:1
layers.9.attn.self.query.weight is on cuda:1
layers.9.attn.self.query.bias is on cuda:1
layers.9.attn.self.key.weight is on cuda:1
layers.9.attn.self.key.bias is on cuda:1
layers.9.attn.self.value.weight is on cuda:1
layers.9.attn.self.value.bias is on cuda:1
layers.9.attn.output.dense.weight is on cuda:1
layers.9.attn.output.dense.bias is on cuda:1
layers.9.attn.output.LayerNorm.weight is on cuda:1
layers.9.attn.output.LayerNorm.bias is on cuda:1
layers.9.moe.deepspeed_moe.gate.wg.weight is on cuda:1
layers.9.moe.deepspeed_moe.experts.deepspeed_experts.0.weight is on cuda:1
layers.9.moe.deepspeed_moe.experts.deepspeed_experts.0.bias is on cuda:1
layers.9.moe.deepspeed_moe.experts.deepspeed_experts.1.weight is on cuda:1
layers.9.moe.deepspeed_moe.experts.deepspeed_experts.1.bias is on cuda:1
layers.9.moe.deepspeed_moe.experts.deepspeed_experts.2.weight is on cuda:1
layers.9.moe.deepspeed_moe.experts.deepspeed_experts.2.bias is on cuda:1
layers.9.moe.deepspeed_moe.experts.deepspeed_experts.3.weight is on cuda:1
layers.9.moe.deepspeed_moe.experts.deepspeed_experts.3.bias is on cuda:1
layers.9.moe.deepspeed_moe.experts.deepspeed_experts.4.weight is on cuda:1
layers.9.moe.deepspeed_moe.experts.deepspeed_experts.4.bias is on cuda:1
layers.9.moe.deepspeed_moe.experts.deepspeed_experts.5.weight is on cuda:1
layers.9.moe.deepspeed_moe.experts.deepspeed_experts.5.bias is on cuda:1
layers.9.moe.deepspeed_moe.experts.deepspeed_experts.6.weight is on cuda:1
layers.9.moe.deepspeed_moe.experts.deepspeed_experts.6.bias is on cuda:1
layers.9.moe.deepspeed_moe.experts.deepspeed_experts.7.weight is on cuda:1
layers.9.moe.deepspeed_moe.experts.deepspeed_experts.7.bias is on cuda:1
layers.9.ln1.weight is on cuda:1
layers.9.ln1.bias is on cuda:1
layers.9.ln2.weight is on cuda:1
layers.9.ln2.bias is on cuda:1
layers.10.attn.self.query.weight is on cuda:1
layers.10.attn.self.query.bias is on cuda:1
layers.10.attn.self.key.weight is on cuda:1
layers.10.attn.self.key.bias is on cuda:1
layers.10.attn.self.value.weight is on cuda:1
layers.10.attn.self.value.bias is on cuda:1
layers.10.attn.output.dense.weight is on cuda:1
layers.10.attn.output.dense.bias is on cuda:1
layers.10.attn.output.LayerNorm.weight is on cuda:1
layers.10.attn.output.LayerNorm.bias is on cuda:1
layers.10.moe.deepspeed_moe.gate.wg.weight is on cuda:1
layers.10.moe.deepspeed_moe.experts.deepspeed_experts.0.weight is on cuda:1
layers.10.moe.deepspeed_moe.experts.deepspeed_experts.0.bias is on cuda:1
layers.10.moe.deepspeed_moe.experts.deepspeed_experts.1.weight is on cuda:1
layers.10.moe.deepspeed_moe.experts.deepspeed_experts.1.bias is on cuda:1
layers.10.moe.deepspeed_moe.experts.deepspeed_experts.2.weight is on cuda:1
layers.10.moe.deepspeed_moe.experts.deepspeed_experts.2.bias is on cuda:1
layers.10.moe.deepspeed_moe.experts.deepspeed_experts.3.weight is on cuda:1
layers.10.moe.deepspeed_moe.experts.deepspeed_experts.3.bias is on cuda:1
layers.10.moe.deepspeed_moe.experts.deepspeed_experts.4.weight is on cuda:1
layers.10.moe.deepspeed_moe.experts.deepspeed_experts.4.bias is on cuda:1
layers.10.moe.deepspeed_moe.experts.deepspeed_experts.5.weight is on cuda:1
layers.10.moe.deepspeed_moe.experts.deepspeed_experts.5.bias is on cuda:1
layers.10.moe.deepspeed_moe.experts.deepspeed_experts.6.weight is on cuda:1
layers.10.moe.deepspeed_moe.experts.deepspeed_experts.6.bias is on cuda:1
layers.10.moe.deepspeed_moe.experts.deepspeed_experts.7.weight is on cuda:1
layers.10.moe.deepspeed_moe.experts.deepspeed_experts.7.bias is on cuda:1
layers.10.ln1.weight is on cuda:1
layers.10.ln1.bias is on cuda:1
layers.10.ln2.weight is on cuda:1
layers.10.ln2.bias is on cuda:1
layers.11.attn.self.query.weight is on cuda:1
layers.11.attn.self.query.bias is on cuda:1
layers.11.attn.self.key.weight is on cuda:1
layers.11.attn.self.key.bias is on cuda:1
layers.11.attn.self.value.weight is on cuda:1
layers.11.attn.self.value.bias is on cuda:1
layers.11.attn.output.dense.weight is on cuda:1
layers.11.attn.output.dense.bias is on cuda:1
layers.11.attn.output.LayerNorm.weight is on cuda:1
layers.11.attn.output.LayerNorm.bias is on cuda:1
layers.11.moe.deepspeed_moe.gate.wg.weight is on cuda:1
layers.11.moe.deepspeed_moe.experts.deepspeed_experts.0.weight is on cuda:1
layers.11.moe.deepspeed_moe.experts.deepspeed_experts.0.bias is on cuda:1
layers.11.moe.deepspeed_moe.experts.deepspeed_experts.1.weight is on cuda:1
layers.11.moe.deepspeed_moe.experts.deepspeed_experts.1.bias is on cuda:1
layers.11.moe.deepspeed_moe.experts.deepspeed_experts.2.weight is on cuda:1
layers.11.moe.deepspeed_moe.experts.deepspeed_experts.2.bias is on cuda:1
layers.11.moe.deepspeed_moe.experts.deepspeed_experts.3.weight is on cuda:1
layers.11.moe.deepspeed_moe.experts.deepspeed_experts.3.bias is on cuda:1
layers.11.moe.deepspeed_moe.experts.deepspeed_experts.4.weight is on cuda:1
layers.11.moe.deepspeed_moe.experts.deepspeed_experts.4.bias is on cuda:1
layers.11.moe.deepspeed_moe.experts.deepspeed_experts.5.weight is on cuda:1
layers.11.moe.deepspeed_moe.experts.deepspeed_experts.5.bias is on cuda:1
layers.11.moe.deepspeed_moe.experts.deepspeed_experts.6.weight is on cuda:1
layers.11.moe.deepspeed_moe.experts.deepspeed_experts.6.bias is on cuda:1
layers.11.moe.deepspeed_moe.experts.deepspeed_experts.7.weight is on cuda:1
layers.11.moe.deepspeed_moe.experts.deepspeed_experts.7.bias is on cuda:1
layers.11.ln1.weight is on cuda:1
layers.11.ln1.bias is on cuda:1
layers.11.ln2.weight is on cuda:1
layers.11.ln2.bias is on cuda:1
layers.12.attn.self.query.weight is on cuda:1
layers.12.attn.self.query.bias is on cuda:1
layers.12.attn.self.key.weight is on cuda:1
layers.12.attn.self.key.bias is on cuda:1
layers.12.attn.self.value.weight is on cuda:1
layers.12.attn.self.value.bias is on cuda:1
layers.12.attn.output.dense.weight is on cuda:1
layers.12.attn.output.dense.bias is on cuda:1
layers.12.attn.output.LayerNorm.weight is on cuda:1
layers.12.attn.output.LayerNorm.bias is on cuda:1
layers.12.moe.deepspeed_moe.gate.wg.weight is on cuda:1
layers.12.moe.deepspeed_moe.experts.deepspeed_experts.0.weight is on cuda:1
layers.12.moe.deepspeed_moe.experts.deepspeed_experts.0.bias is on cuda:1
layers.12.moe.deepspeed_moe.experts.deepspeed_experts.1.weight is on cuda:1
layers.12.moe.deepspeed_moe.experts.deepspeed_experts.1.bias is on cuda:1
layers.12.moe.deepspeed_moe.experts.deepspeed_experts.2.weight is on cuda:1
layers.12.moe.deepspeed_moe.experts.deepspeed_experts.2.bias is on cuda:1
layers.12.moe.deepspeed_moe.experts.deepspeed_experts.3.weight is on cuda:1
layers.12.moe.deepspeed_moe.experts.deepspeed_experts.3.bias is on cuda:1
layers.12.moe.deepspeed_moe.experts.deepspeed_experts.4.weight is on cuda:1
layers.12.moe.deepspeed_moe.experts.deepspeed_experts.4.bias is on cuda:1
layers.12.moe.deepspeed_moe.experts.deepspeed_experts.5.weight is on cuda:1
layers.12.moe.deepspeed_moe.experts.deepspeed_experts.5.bias is on cuda:1
layers.12.moe.deepspeed_moe.experts.deepspeed_experts.6.weight is on cuda:1
layers.12.moe.deepspeed_moe.experts.deepspeed_experts.6.bias is on cuda:1
layers.12.moe.deepspeed_moe.experts.deepspeed_experts.7.weight is on cuda:1
layers.12.moe.deepspeed_moe.experts.deepspeed_experts.7.bias is on cuda:1
layers.12.ln1.weight is on cuda:1
layers.12.ln1.bias is on cuda:1
layers.12.ln2.weight is on cuda:1
layers.12.ln2.bias is on cuda:1
layers.13.attn.self.query.weight is on cuda:1
layers.13.attn.self.query.bias is on cuda:1
layers.13.attn.self.key.weight is on cuda:1
layers.13.attn.self.key.bias is on cuda:1
layers.13.attn.self.value.weight is on cuda:1
layers.13.attn.self.value.bias is on cuda:1
layers.13.attn.output.dense.weight is on cuda:1
layers.13.attn.output.dense.bias is on cuda:1
layers.13.attn.output.LayerNorm.weight is on cuda:1
layers.13.attn.output.LayerNorm.bias is on cuda:1
layers.13.moe.deepspeed_moe.gate.wg.weight is on cuda:1
layers.13.moe.deepspeed_moe.experts.deepspeed_experts.0.weight is on cuda:1
layers.13.moe.deepspeed_moe.experts.deepspeed_experts.0.bias is on cuda:1
layers.13.moe.deepspeed_moe.experts.deepspeed_experts.1.weight is on cuda:1
layers.13.moe.deepspeed_moe.experts.deepspeed_experts.1.bias is on cuda:1
layers.13.moe.deepspeed_moe.experts.deepspeed_experts.2.weight is on cuda:1
layers.13.moe.deepspeed_moe.experts.deepspeed_experts.2.bias is on cuda:1
layers.13.moe.deepspeed_moe.experts.deepspeed_experts.3.weight is on cuda:1
layers.13.moe.deepspeed_moe.experts.deepspeed_experts.3.bias is on cuda:1
layers.13.moe.deepspeed_moe.experts.deepspeed_experts.4.weight is on cuda:1
layers.13.moe.deepspeed_moe.experts.deepspeed_experts.4.bias is on cuda:1
layers.13.moe.deepspeed_moe.experts.deepspeed_experts.5.weight is on cuda:1
layers.13.moe.deepspeed_moe.experts.deepspeed_experts.5.bias is on cuda:1
layers.13.moe.deepspeed_moe.experts.deepspeed_experts.6.weight is on cuda:1
layers.13.moe.deepspeed_moe.experts.deepspeed_experts.6.bias is on cuda:1
layers.13.moe.deepspeed_moe.experts.deepspeed_experts.7.weight is on cuda:1
layers.13.moe.deepspeed_moe.experts.deepspeed_experts.7.bias is on cuda:1
layers.13.ln1.weight is on cuda:1
layers.13.ln1.bias is on cuda:1
layers.13.ln2.weight is on cuda:1
layers.13.ln2.bias is on cuda:1
layers.14.attn.self.query.weight is on cuda:1
layers.14.attn.self.query.bias is on cuda:1
layers.14.attn.self.key.weight is on cuda:1
layers.14.attn.self.key.bias is on cuda:1
layers.14.attn.self.value.weight is on cuda:1
layers.14.attn.self.value.bias is on cuda:1
layers.14.attn.output.dense.weight is on cuda:1
layers.14.attn.output.dense.bias is on cuda:1
layers.14.attn.output.LayerNorm.weight is on cuda:1
layers.14.attn.output.LayerNorm.bias is on cuda:1
layers.14.moe.deepspeed_moe.gate.wg.weight is on cuda:1
layers.14.moe.deepspeed_moe.experts.deepspeed_experts.0.weight is on cuda:1
layers.14.moe.deepspeed_moe.experts.deepspeed_experts.0.bias is on cuda:1
layers.14.moe.deepspeed_moe.experts.deepspeed_experts.1.weight is on cuda:1
layers.14.moe.deepspeed_moe.experts.deepspeed_experts.1.bias is on cuda:1
layers.14.moe.deepspeed_moe.experts.deepspeed_experts.2.weight is on cuda:1
layers.14.moe.deepspeed_moe.experts.deepspeed_experts.2.bias is on cuda:1
layers.14.moe.deepspeed_moe.experts.deepspeed_experts.3.weight is on cuda:1
layers.14.moe.deepspeed_moe.experts.deepspeed_experts.3.bias is on cuda:1
layers.14.moe.deepspeed_moe.experts.deepspeed_experts.4.weight is on cuda:1
layers.14.moe.deepspeed_moe.experts.deepspeed_experts.4.bias is on cuda:1
layers.14.moe.deepspeed_moe.experts.deepspeed_experts.5.weight is on cuda:1
layers.14.moe.deepspeed_moe.experts.deepspeed_experts.5.bias is on cuda:1
layers.14.moe.deepspeed_moe.experts.deepspeed_experts.6.weight is on cuda:1
layers.14.moe.deepspeed_moe.experts.deepspeed_experts.6.bias is on cuda:1
layers.14.moe.deepspeed_moe.experts.deepspeed_experts.7.weight is on cuda:1
layers.14.moe.deepspeed_moe.experts.deepspeed_experts.7.bias is on cuda:1
layers.14.ln1.weight is on cuda:1
layers.14.ln1.bias is on cuda:1
layers.14.ln2.weight is on cuda:1
layers.14.ln2.bias is on cuda:1
layers.15.attn.self.query.weight is on cuda:1
layers.15.attn.self.query.bias is on cuda:1
layers.15.attn.self.key.weight is on cuda:1
layers.15.attn.self.key.bias is on cuda:1
layers.15.attn.self.value.weight is on cuda:1
layers.15.attn.self.value.bias is on cuda:1
layers.15.attn.output.dense.weight is on cuda:1
layers.15.attn.output.dense.bias is on cuda:1
layers.15.attn.output.LayerNorm.weight is on cuda:1
layers.15.attn.output.LayerNorm.bias is on cuda:1
layers.15.moe.deepspeed_moe.gate.wg.weight is on cuda:1
layers.15.moe.deepspeed_moe.experts.deepspeed_experts.0.weight is on cuda:1
layers.15.moe.deepspeed_moe.experts.deepspeed_experts.0.bias is on cuda:1
layers.15.moe.deepspeed_moe.experts.deepspeed_experts.1.weight is on cuda:1
layers.15.moe.deepspeed_moe.experts.deepspeed_experts.1.bias is on cuda:1
layers.15.moe.deepspeed_moe.experts.deepspeed_experts.2.weight is on cuda:1
layers.15.moe.deepspeed_moe.experts.deepspeed_experts.2.bias is on cuda:1
layers.15.moe.deepspeed_moe.experts.deepspeed_experts.3.weight is on cuda:1
layers.15.moe.deepspeed_moe.experts.deepspeed_experts.3.bias is on cuda:1
layers.15.moe.deepspeed_moe.experts.deepspeed_experts.4.weight is on cuda:1
layers.15.moe.deepspeed_moe.experts.deepspeed_experts.4.bias is on cuda:1
layers.15.moe.deepspeed_moe.experts.deepspeed_experts.5.weight is on cuda:1
layers.15.moe.deepspeed_moe.experts.deepspeed_experts.5.bias is on cuda:1
layers.15.moe.deepspeed_moe.experts.deepspeed_experts.6.weight is on cuda:1
layers.15.moe.deepspeed_moe.experts.deepspeed_experts.6.bias is on cuda:1
layers.15.moe.deepspeed_moe.experts.deepspeed_experts.7.weight is on cuda:1
layers.15.moe.deepspeed_moe.experts.deepspeed_experts.7.bias is on cuda:1
layers.15.ln1.weight is on cuda:1
layers.15.ln1.bias is on cuda:1
layers.15.ln2.weight is on cuda:1
layers.15.ln2.bias is on cuda:1
layers.16.attn.self.query.weight is on cuda:1
layers.16.attn.self.query.bias is on cuda:1
layers.16.attn.self.key.weight is on cuda:1
layers.16.attn.self.key.bias is on cuda:1
layers.16.attn.self.value.weight is on cuda:1
layers.16.attn.self.value.bias is on cuda:1
layers.16.attn.output.dense.weight is on cuda:1
layers.16.attn.output.dense.bias is on cuda:1
layers.16.attn.output.LayerNorm.weight is on cuda:1
layers.16.attn.output.LayerNorm.bias is on cuda:1
layers.16.moe.deepspeed_moe.gate.wg.weight is on cuda:1
layers.16.moe.deepspeed_moe.experts.deepspeed_experts.0.weight is on cuda:1
layers.16.moe.deepspeed_moe.experts.deepspeed_experts.0.bias is on cuda:1
layers.16.moe.deepspeed_moe.experts.deepspeed_experts.1.weight is on cuda:1
layers.16.moe.deepspeed_moe.experts.deepspeed_experts.1.bias is on cuda:1
layers.16.moe.deepspeed_moe.experts.deepspeed_experts.2.weight is on cuda:1
layers.16.moe.deepspeed_moe.experts.deepspeed_experts.2.bias is on cuda:1
layers.16.moe.deepspeed_moe.experts.deepspeed_experts.3.weight is on cuda:1
layers.16.moe.deepspeed_moe.experts.deepspeed_experts.3.bias is on cuda:1
layers.16.moe.deepspeed_moe.experts.deepspeed_experts.4.weight is on cuda:1
layers.16.moe.deepspeed_moe.experts.deepspeed_experts.4.bias is on cuda:1
layers.16.moe.deepspeed_moe.experts.deepspeed_experts.5.weight is on cuda:1
layers.16.moe.deepspeed_moe.experts.deepspeed_experts.5.bias is on cuda:1
layers.16.moe.deepspeed_moe.experts.deepspeed_experts.6.weight is on cuda:1
layers.16.moe.deepspeed_moe.experts.deepspeed_experts.6.bias is on cuda:1
layers.16.moe.deepspeed_moe.experts.deepspeed_experts.7.weight is on cuda:1
layers.16.moe.deepspeed_moe.experts.deepspeed_experts.7.bias is on cuda:1
layers.16.ln1.weight is on cuda:1
layers.16.ln1.bias is on cuda:1
layers.16.ln2.weight is on cuda:1
layers.16.ln2.bias is on cuda:1
layers.17.attn.self.query.weight is on cuda:1
layers.17.attn.self.query.bias is on cuda:1
layers.17.attn.self.key.weight is on cuda:1
layers.17.attn.self.key.bias is on cuda:1
layers.17.attn.self.value.weight is on cuda:1
layers.17.attn.self.value.bias is on cuda:1
layers.17.attn.output.dense.weight is on cuda:1
layers.17.attn.output.dense.bias is on cuda:1
layers.17.attn.output.LayerNorm.weight is on cuda:1
layers.17.attn.output.LayerNorm.bias is on cuda:1
layers.17.moe.deepspeed_moe.gate.wg.weight is on cuda:1
layers.17.moe.deepspeed_moe.experts.deepspeed_experts.0.weight is on cuda:1
layers.17.moe.deepspeed_moe.experts.deepspeed_experts.0.bias is on cuda:1
layers.17.moe.deepspeed_moe.experts.deepspeed_experts.1.weight is on cuda:1
layers.17.moe.deepspeed_moe.experts.deepspeed_experts.1.bias is on cuda:1
layers.17.moe.deepspeed_moe.experts.deepspeed_experts.2.weight is on cuda:1
layers.17.moe.deepspeed_moe.experts.deepspeed_experts.2.bias is on cuda:1
layers.17.moe.deepspeed_moe.experts.deepspeed_experts.3.weight is on cuda:1
layers.17.moe.deepspeed_moe.experts.deepspeed_experts.3.bias is on cuda:1
layers.17.moe.deepspeed_moe.experts.deepspeed_experts.4.weight is on cuda:1
layers.17.moe.deepspeed_moe.experts.deepspeed_experts.4.bias is on cuda:1
layers.17.moe.deepspeed_moe.experts.deepspeed_experts.5.weight is on cuda:1
layers.17.moe.deepspeed_moe.experts.deepspeed_experts.5.bias is on cuda:1
layers.17.moe.deepspeed_moe.experts.deepspeed_experts.6.weight is on cuda:1
layers.17.moe.deepspeed_moe.experts.deepspeed_experts.6.bias is on cuda:1
layers.17.moe.deepspeed_moe.experts.deepspeed_experts.7.weight is on cuda:1
layers.17.moe.deepspeed_moe.experts.deepspeed_experts.7.bias is on cuda:1
layers.17.ln1.weight is on cuda:1
layers.17.ln1.bias is on cuda:1
layers.17.ln2.weight is on cuda:1
layers.17.ln2.bias is on cuda:1
layers.18.attn.self.query.weight is on cuda:1
layers.18.attn.self.query.bias is on cuda:1
layers.18.attn.self.key.weight is on cuda:1
layers.18.attn.self.key.bias is on cuda:1
layers.18.attn.self.value.weight is on cuda:1
layers.18.attn.self.value.bias is on cuda:1
layers.18.attn.output.dense.weight is on cuda:1
layers.18.attn.output.dense.bias is on cuda:1
layers.18.attn.output.LayerNorm.weight is on cuda:1
layers.18.attn.output.LayerNorm.bias is on cuda:1
layers.18.moe.deepspeed_moe.gate.wg.weight is on cuda:1
layers.18.moe.deepspeed_moe.experts.deepspeed_experts.0.weight is on cuda:1
layers.18.moe.deepspeed_moe.experts.deepspeed_experts.0.bias is on cuda:1
layers.18.moe.deepspeed_moe.experts.deepspeed_experts.1.weight is on cuda:1
layers.18.moe.deepspeed_moe.experts.deepspeed_experts.1.bias is on cuda:1
layers.18.moe.deepspeed_moe.experts.deepspeed_experts.2.weight is on cuda:1
layers.18.moe.deepspeed_moe.experts.deepspeed_experts.2.bias is on cuda:1
layers.18.moe.deepspeed_moe.experts.deepspeed_experts.3.weight is on cuda:1
layers.18.moe.deepspeed_moe.experts.deepspeed_experts.3.bias is on cuda:1
layers.18.moe.deepspeed_moe.experts.deepspeed_experts.4.weight is on cuda:1
layers.18.moe.deepspeed_moe.experts.deepspeed_experts.4.bias is on cuda:1
layers.18.moe.deepspeed_moe.experts.deepspeed_experts.5.weight is on cuda:1
layers.18.moe.deepspeed_moe.experts.deepspeed_experts.5.bias is on cuda:1
layers.18.moe.deepspeed_moe.experts.deepspeed_experts.6.weight is on cuda:1
layers.18.moe.deepspeed_moe.experts.deepspeed_experts.6.bias is on cuda:1
layers.18.moe.deepspeed_moe.experts.deepspeed_experts.7.weight is on cuda:1
layers.18.moe.deepspeed_moe.experts.deepspeed_experts.7.bias is on cuda:1
layers.18.ln1.weight is on cuda:1
layers.18.ln1.bias is on cuda:1
layers.18.ln2.weight is on cuda:1
layers.18.ln2.bias is on cuda:1
layers.19.attn.self.query.weight is on cuda:1
layers.19.attn.self.query.bias is on cuda:1
layers.19.attn.self.key.weight is on cuda:1
layers.19.attn.self.key.bias is on cuda:1
layers.19.attn.self.value.weight is on cuda:1
layers.19.attn.self.value.bias is on cuda:1
layers.19.attn.output.dense.weight is on cuda:1
layers.19.attn.output.dense.bias is on cuda:1
layers.19.attn.output.LayerNorm.weight is on cuda:1
layers.19.attn.output.LayerNorm.bias is on cuda:1
layers.19.moe.deepspeed_moe.gate.wg.weight is on cuda:1
layers.19.moe.deepspeed_moe.experts.deepspeed_experts.0.weight is on cuda:1
layers.19.moe.deepspeed_moe.experts.deepspeed_experts.0.bias is on cuda:1
layers.19.moe.deepspeed_moe.experts.deepspeed_experts.1.weight is on cuda:1
layers.19.moe.deepspeed_moe.experts.deepspeed_experts.1.bias is on cuda:1
layers.19.moe.deepspeed_moe.experts.deepspeed_experts.2.weight is on cuda:1
layers.19.moe.deepspeed_moe.experts.deepspeed_experts.2.bias is on cuda:1
layers.19.moe.deepspeed_moe.experts.deepspeed_experts.3.weight is on cuda:1
layers.19.moe.deepspeed_moe.experts.deepspeed_experts.3.bias is on cuda:1
layers.19.moe.deepspeed_moe.experts.deepspeed_experts.4.weight is on cuda:1
layers.19.moe.deepspeed_moe.experts.deepspeed_experts.4.bias is on cuda:1
layers.19.moe.deepspeed_moe.experts.deepspeed_experts.5.weight is on cuda:1
layers.19.moe.deepspeed_moe.experts.deepspeed_experts.5.bias is on cuda:1
layers.19.moe.deepspeed_moe.experts.deepspeed_experts.6.weight is on cuda:1
layers.19.moe.deepspeed_moe.experts.deepspeed_experts.6.bias is on cuda:1
layers.19.moe.deepspeed_moe.experts.deepspeed_experts.7.weight is on cuda:1
layers.19.moe.deepspeed_moe.experts.deepspeed_experts.7.bias is on cuda:1
layers.19.ln1.weight is on cuda:1
layers.19.ln1.bias is on cuda:1
layers.19.ln2.weight is on cuda:1
layers.19.ln2.bias is on cuda:1
layers.20.attn.self.query.weight is on cuda:1
layers.20.attn.self.query.bias is on cuda:1
layers.20.attn.self.key.weight is on cuda:1
layers.20.attn.self.key.bias is on cuda:1
layers.20.attn.self.value.weight is on cuda:1
layers.20.attn.self.value.bias is on cuda:1
layers.20.attn.output.dense.weight is on cuda:1
layers.20.attn.output.dense.bias is on cuda:1
layers.20.attn.output.LayerNorm.weight is on cuda:1
layers.20.attn.output.LayerNorm.bias is on cuda:1
layers.20.moe.deepspeed_moe.gate.wg.weight is on cuda:1
layers.20.moe.deepspeed_moe.experts.deepspeed_experts.0.weight is on cuda:1
layers.20.moe.deepspeed_moe.experts.deepspeed_experts.0.bias is on cuda:1
layers.20.moe.deepspeed_moe.experts.deepspeed_experts.1.weight is on cuda:1
layers.20.moe.deepspeed_moe.experts.deepspeed_experts.1.bias is on cuda:1
layers.20.moe.deepspeed_moe.experts.deepspeed_experts.2.weight is on cuda:1
layers.20.moe.deepspeed_moe.experts.deepspeed_experts.2.bias is on cuda:1
layers.20.moe.deepspeed_moe.experts.deepspeed_experts.3.weight is on cuda:1
layers.20.moe.deepspeed_moe.experts.deepspeed_experts.3.bias is on cuda:1
layers.20.moe.deepspeed_moe.experts.deepspeed_experts.4.weight is on cuda:1
layers.20.moe.deepspeed_moe.experts.deepspeed_experts.4.bias is on cuda:1
layers.20.moe.deepspeed_moe.experts.deepspeed_experts.5.weight is on cuda:1
layers.20.moe.deepspeed_moe.experts.deepspeed_experts.5.bias is on cuda:1
layers.20.moe.deepspeed_moe.experts.deepspeed_experts.6.weight is on cuda:1
layers.20.moe.deepspeed_moe.experts.deepspeed_experts.6.bias is on cuda:1
layers.20.moe.deepspeed_moe.experts.deepspeed_experts.7.weight is on cuda:1
layers.20.moe.deepspeed_moe.experts.deepspeed_experts.7.bias is on cuda:1
layers.20.ln1.weight is on cuda:1
layers.20.ln1.bias is on cuda:1
layers.20.ln2.weight is on cuda:1
layers.20.ln2.bias is on cuda:1
layers.21.attn.self.query.weight is on cuda:1
layers.21.attn.self.query.bias is on cuda:1
layers.21.attn.self.key.weight is on cuda:1
layers.21.attn.self.key.bias is on cuda:1
layers.21.attn.self.value.weight is on cuda:1
layers.21.attn.self.value.bias is on cuda:1
layers.21.attn.output.dense.weight is on cuda:1
layers.21.attn.output.dense.bias is on cuda:1
layers.21.attn.output.LayerNorm.weight is on cuda:1
layers.21.attn.output.LayerNorm.bias is on cuda:1
layers.21.moe.deepspeed_moe.gate.wg.weight is on cuda:1
layers.21.moe.deepspeed_moe.experts.deepspeed_experts.0.weight is on cuda:1
layers.21.moe.deepspeed_moe.experts.deepspeed_experts.0.bias is on cuda:1
layers.21.moe.deepspeed_moe.experts.deepspeed_experts.1.weight is on cuda:1
layers.21.moe.deepspeed_moe.experts.deepspeed_experts.1.bias is on cuda:1
layers.21.moe.deepspeed_moe.experts.deepspeed_experts.2.weight is on cuda:1
layers.21.moe.deepspeed_moe.experts.deepspeed_experts.2.bias is on cuda:1
layers.21.moe.deepspeed_moe.experts.deepspeed_experts.3.weight is on cuda:1
layers.21.moe.deepspeed_moe.experts.deepspeed_experts.3.bias is on cuda:1
layers.21.moe.deepspeed_moe.experts.deepspeed_experts.4.weight is on cuda:1
layers.21.moe.deepspeed_moe.experts.deepspeed_experts.4.bias is on cuda:1
layers.21.moe.deepspeed_moe.experts.deepspeed_experts.5.weight is on cuda:1
layers.21.moe.deepspeed_moe.experts.deepspeed_experts.5.bias is on cuda:1
layers.21.moe.deepspeed_moe.experts.deepspeed_experts.6.weight is on cuda:1
layers.21.moe.deepspeed_moe.experts.deepspeed_experts.6.bias is on cuda:1
layers.21.moe.deepspeed_moe.experts.deepspeed_experts.7.weight is on cuda:1
layers.21.moe.deepspeed_moe.experts.deepspeed_experts.7.bias is on cuda:1
layers.21.ln1.weight is on cuda:1
layers.21.ln1.bias is on cuda:1
layers.21.ln2.weight is on cuda:1
layers.21.ln2.bias is on cuda:1
layers.22.attn.self.query.weight is on cuda:1
layers.22.attn.self.query.bias is on cuda:1
layers.22.attn.self.key.weight is on cuda:1
layers.22.attn.self.key.bias is on cuda:1
layers.22.attn.self.value.weight is on cuda:1
layers.22.attn.self.value.bias is on cuda:1
layers.22.attn.output.dense.weight is on cuda:1
layers.22.attn.output.dense.bias is on cuda:1
layers.22.attn.output.LayerNorm.weight is on cuda:1
layers.22.attn.output.LayerNorm.bias is on cuda:1
layers.22.moe.deepspeed_moe.gate.wg.weight is on cuda:1
layers.22.moe.deepspeed_moe.experts.deepspeed_experts.0.weight is on cuda:1
layers.22.moe.deepspeed_moe.experts.deepspeed_experts.0.bias is on cuda:1
layers.22.moe.deepspeed_moe.experts.deepspeed_experts.1.weight is on cuda:1
layers.22.moe.deepspeed_moe.experts.deepspeed_experts.1.bias is on cuda:1
layers.22.moe.deepspeed_moe.experts.deepspeed_experts.2.weight is on cuda:1
layers.22.moe.deepspeed_moe.experts.deepspeed_experts.2.bias is on cuda:1
layers.22.moe.deepspeed_moe.experts.deepspeed_experts.3.weight is on cuda:1
layers.22.moe.deepspeed_moe.experts.deepspeed_experts.3.bias is on cuda:1
layers.22.moe.deepspeed_moe.experts.deepspeed_experts.4.weight is on cuda:1
layers.22.moe.deepspeed_moe.experts.deepspeed_experts.4.bias is on cuda:1
layers.22.moe.deepspeed_moe.experts.deepspeed_experts.5.weight is on cuda:1
layers.22.moe.deepspeed_moe.experts.deepspeed_experts.5.bias is on cuda:1
layers.22.moe.deepspeed_moe.experts.deepspeed_experts.6.weight is on cuda:1
layers.22.moe.deepspeed_moe.experts.deepspeed_experts.6.bias is on cuda:1
layers.22.moe.deepspeed_moe.experts.deepspeed_experts.7.weight is on cuda:1
layers.22.moe.deepspeed_moe.experts.deepspeed_experts.7.bias is on cuda:1
layers.22.ln1.weight is on cuda:1
layers.22.ln1.bias is on cuda:1
layers.22.ln2.weight is on cuda:1
layers.22.ln2.bias is on cuda:1
layers.23.attn.self.query.weight is on cuda:1
layers.23.attn.self.query.bias is on cuda:1
layers.23.attn.self.key.weight is on cuda:1
layers.23.attn.self.key.bias is on cuda:1
layers.23.attn.self.value.weight is on cuda:1
layers.23.attn.self.value.bias is on cuda:1
layers.23.attn.output.dense.weight is on cuda:1
layers.23.attn.output.dense.bias is on cuda:1
layers.23.attn.output.LayerNorm.weight is on cuda:1
layers.23.attn.output.LayerNorm.bias is on cuda:1
layers.23.moe.deepspeed_moe.gate.wg.weight is on cuda:1
layers.23.moe.deepspeed_moe.experts.deepspeed_experts.0.weight is on cuda:1
layers.23.moe.deepspeed_moe.experts.deepspeed_experts.0.bias is on cuda:1
layers.23.moe.deepspeed_moe.experts.deepspeed_experts.1.weight is on cuda:1
layers.23.moe.deepspeed_moe.experts.deepspeed_experts.1.bias is on cuda:1
layers.23.moe.deepspeed_moe.experts.deepspeed_experts.2.weight is on cuda:1
layers.23.moe.deepspeed_moe.experts.deepspeed_experts.2.bias is on cuda:1
layers.23.moe.deepspeed_moe.experts.deepspeed_experts.3.weight is on cuda:1
layers.23.moe.deepspeed_moe.experts.deepspeed_experts.3.bias is on cuda:1
layers.23.moe.deepspeed_moe.experts.deepspeed_experts.4.weight is on cuda:1
layers.23.moe.deepspeed_moe.experts.deepspeed_experts.4.bias is on cuda:1
layers.23.moe.deepspeed_moe.experts.deepspeed_experts.5.weight is on cuda:1
layers.23.moe.deepspeed_moe.experts.deepspeed_experts.5.bias is on cuda:1
layers.23.moe.deepspeed_moe.experts.deepspeed_experts.6.weight is on cuda:1
layers.23.moe.deepspeed_moe.experts.deepspeed_experts.6.bias is on cuda:1
layers.23.moe.deepspeed_moe.experts.deepspeed_experts.7.weight is on cuda:1
layers.23.moe.deepspeed_moe.experts.deepspeed_experts.7.bias is on cuda:1
layers.23.ln1.weight is on cuda:1
layers.23.ln1.bias is on cuda:1
layers.23.ln2.weight is on cuda:1
layers.23.ln2.bias is on cuda:1
norm.weight is on cuda:1
norm.bias is on cuda:1
unembed.weight is on cuda:1
[2025-05-21 14:35:33,324] [INFO] [logging.py:107:log_dist] [Rank 0] DeepSpeed info: version=0.16.7, git-hash=unknown, git-branch=unknown
[2025-05-21 14:35:33,325] [INFO] [logging.py:107:log_dist] [Rank 0] quantize_bits = 8 mlp_extra_grouping = False, quantize_groups = 1

[Rank 0] Model device: cuda:0
embed.weight is on cuda:0
layers.0.attn.self.query.weight is on cuda:0
layers.0.attn.self.query.bias is on cuda:0
layers.0.attn.self.key.weight is on cuda:0
layers.0.attn.self.key.bias is on cuda:0
layers.0.attn.self.value.weight is on cuda:0
layers.0.attn.self.value.bias is on cuda:0
layers.0.attn.output.dense.weight is on cuda:0
layers.0.attn.output.dense.bias is on cuda:0
layers.0.attn.output.LayerNorm.weight is on cuda:0
layers.0.attn.output.LayerNorm.bias is on cuda:0
layers.0.moe.deepspeed_moe.gate.wg.weight is on cuda:0
layers.0.moe.deepspeed_moe.experts.deepspeed_experts.0.weight is on cuda:0
layers.0.moe.deepspeed_moe.experts.deepspeed_experts.0.bias is on cuda:0
layers.0.moe.deepspeed_moe.experts.deepspeed_experts.1.weight is on cuda:0
layers.0.moe.deepspeed_moe.experts.deepspeed_experts.1.bias is on cuda:0
layers.0.moe.deepspeed_moe.experts.deepspeed_experts.2.weight is on cuda:0
layers.0.moe.deepspeed_moe.experts.deepspeed_experts.2.bias is on cuda:0
layers.0.moe.deepspeed_moe.experts.deepspeed_experts.3.weight is on cuda:0
layers.0.moe.deepspeed_moe.experts.deepspeed_experts.3.bias is on cuda:0
layers.0.moe.deepspeed_moe.experts.deepspeed_experts.4.weight is on cuda:0
layers.0.moe.deepspeed_moe.experts.deepspeed_experts.4.bias is on cuda:0
layers.0.moe.deepspeed_moe.experts.deepspeed_experts.5.weight is on cuda:0
layers.0.moe.deepspeed_moe.experts.deepspeed_experts.5.bias is on cuda:0
layers.0.moe.deepspeed_moe.experts.deepspeed_experts.6.weight is on cuda:0
layers.0.moe.deepspeed_moe.experts.deepspeed_experts.6.bias is on cuda:0
layers.0.moe.deepspeed_moe.experts.deepspeed_experts.7.weight is on cuda:0
layers.0.moe.deepspeed_moe.experts.deepspeed_experts.7.bias is on cuda:0
layers.0.ln1.weight is on cuda:0
layers.0.ln1.bias is on cuda:0
layers.0.ln2.weight is on cuda:0
layers.0.ln2.bias is on cuda:0
layers.1.attn.self.query.weight is on cuda:0
layers.1.attn.self.query.bias is on cuda:0
layers.1.attn.self.key.weight is on cuda:0
layers.1.attn.self.key.bias is on cuda:0
layers.1.attn.self.value.weight is on cuda:0
layers.1.attn.self.value.bias is on cuda:0
layers.1.attn.output.dense.weight is on cuda:0
layers.1.attn.output.dense.bias is on cuda:0
layers.1.attn.output.LayerNorm.weight is on cuda:0
layers.1.attn.output.LayerNorm.bias is on cuda:0
layers.1.moe.deepspeed_moe.gate.wg.weight is on cuda:0
layers.1.moe.deepspeed_moe.experts.deepspeed_experts.0.weight is on cuda:0
layers.1.moe.deepspeed_moe.experts.deepspeed_experts.0.bias is on cuda:0
layers.1.moe.deepspeed_moe.experts.deepspeed_experts.1.weight is on cuda:0
layers.1.moe.deepspeed_moe.experts.deepspeed_experts.1.bias is on cuda:0
layers.1.moe.deepspeed_moe.experts.deepspeed_experts.2.weight is on cuda:0
layers.1.moe.deepspeed_moe.experts.deepspeed_experts.2.bias is on cuda:0
layers.1.moe.deepspeed_moe.experts.deepspeed_experts.3.weight is on cuda:0
layers.1.moe.deepspeed_moe.experts.deepspeed_experts.3.bias is on cuda:0
layers.1.moe.deepspeed_moe.experts.deepspeed_experts.4.weight is on cuda:0
layers.1.moe.deepspeed_moe.experts.deepspeed_experts.4.bias is on cuda:0
layers.1.moe.deepspeed_moe.experts.deepspeed_experts.5.weight is on cuda:0
layers.1.moe.deepspeed_moe.experts.deepspeed_experts.5.bias is on cuda:0
layers.1.moe.deepspeed_moe.experts.deepspeed_experts.6.weight is on cuda:0
layers.1.moe.deepspeed_moe.experts.deepspeed_experts.6.bias is on cuda:0
layers.1.moe.deepspeed_moe.experts.deepspeed_experts.7.weight is on cuda:0
layers.1.moe.deepspeed_moe.experts.deepspeed_experts.7.bias is on cuda:0
layers.1.ln1.weight is on cuda:0
layers.1.ln1.bias is on cuda:0
layers.1.ln2.weight is on cuda:0
layers.1.ln2.bias is on cuda:0
layers.2.attn.self.query.weight is on cuda:0
layers.2.attn.self.query.bias is on cuda:0
layers.2.attn.self.key.weight is on cuda:0
layers.2.attn.self.key.bias is on cuda:0
layers.2.attn.self.value.weight is on cuda:0
layers.2.attn.self.value.bias is on cuda:0
layers.2.attn.output.dense.weight is on cuda:0
layers.2.attn.output.dense.bias is on cuda:0
layers.2.attn.output.LayerNorm.weight is on cuda:0
layers.2.attn.output.LayerNorm.bias is on cuda:0
layers.2.moe.deepspeed_moe.gate.wg.weight is on cuda:0
layers.2.moe.deepspeed_moe.experts.deepspeed_experts.0.weight is on cuda:0
layers.2.moe.deepspeed_moe.experts.deepspeed_experts.0.bias is on cuda:0
layers.2.moe.deepspeed_moe.experts.deepspeed_experts.1.weight is on cuda:0
layers.2.moe.deepspeed_moe.experts.deepspeed_experts.1.bias is on cuda:0
layers.2.moe.deepspeed_moe.experts.deepspeed_experts.2.weight is on cuda:0
layers.2.moe.deepspeed_moe.experts.deepspeed_experts.2.bias is on cuda:0
layers.2.moe.deepspeed_moe.experts.deepspeed_experts.3.weight is on cuda:0
layers.2.moe.deepspeed_moe.experts.deepspeed_experts.3.bias is on cuda:0
layers.2.moe.deepspeed_moe.experts.deepspeed_experts.4.weight is on cuda:0
layers.2.moe.deepspeed_moe.experts.deepspeed_experts.4.bias is on cuda:0
layers.2.moe.deepspeed_moe.experts.deepspeed_experts.5.weight is on cuda:0
layers.2.moe.deepspeed_moe.experts.deepspeed_experts.5.bias is on cuda:0
layers.2.moe.deepspeed_moe.experts.deepspeed_experts.6.weight is on cuda:0
layers.2.moe.deepspeed_moe.experts.deepspeed_experts.6.bias is on cuda:0
layers.2.moe.deepspeed_moe.experts.deepspeed_experts.7.weight is on cuda:0
layers.2.moe.deepspeed_moe.experts.deepspeed_experts.7.bias is on cuda:0
layers.2.ln1.weight is on cuda:0
layers.2.ln1.bias is on cuda:0
layers.2.ln2.weight is on cuda:0
layers.2.ln2.bias is on cuda:0
layers.3.attn.self.query.weight is on cuda:0
layers.3.attn.self.query.bias is on cuda:0
layers.3.attn.self.key.weight is on cuda:0
layers.3.attn.self.key.bias is on cuda:0
layers.3.attn.self.value.weight is on cuda:0
layers.3.attn.self.value.bias is on cuda:0
layers.3.attn.output.dense.weight is on cuda:0
layers.3.attn.output.dense.bias is on cuda:0
layers.3.attn.output.LayerNorm.weight is on cuda:0
layers.3.attn.output.LayerNorm.bias is on cuda:0
layers.3.moe.deepspeed_moe.gate.wg.weight is on cuda:0
layers.3.moe.deepspeed_moe.experts.deepspeed_experts.0.weight is on cuda:0
layers.3.moe.deepspeed_moe.experts.deepspeed_experts.0.bias is on cuda:0
layers.3.moe.deepspeed_moe.experts.deepspeed_experts.1.weight is on cuda:0
layers.3.moe.deepspeed_moe.experts.deepspeed_experts.1.bias is on cuda:0
layers.3.moe.deepspeed_moe.experts.deepspeed_experts.2.weight is on cuda:0
layers.3.moe.deepspeed_moe.experts.deepspeed_experts.2.bias is on cuda:0
layers.3.moe.deepspeed_moe.experts.deepspeed_experts.3.weight is on cuda:0
layers.3.moe.deepspeed_moe.experts.deepspeed_experts.3.bias is on cuda:0
layers.3.moe.deepspeed_moe.experts.deepspeed_experts.4.weight is on cuda:0
layers.3.moe.deepspeed_moe.experts.deepspeed_experts.4.bias is on cuda:0
layers.3.moe.deepspeed_moe.experts.deepspeed_experts.5.weight is on cuda:0
layers.3.moe.deepspeed_moe.experts.deepspeed_experts.5.bias is on cuda:0
layers.3.moe.deepspeed_moe.experts.deepspeed_experts.6.weight is on cuda:0
layers.3.moe.deepspeed_moe.experts.deepspeed_experts.6.bias is on cuda:0
layers.3.moe.deepspeed_moe.experts.deepspeed_experts.7.weight is on cuda:0
layers.3.moe.deepspeed_moe.experts.deepspeed_experts.7.bias is on cuda:0
layers.3.ln1.weight is on cuda:0
layers.3.ln1.bias is on cuda:0
layers.3.ln2.weight is on cuda:0
layers.3.ln2.bias is on cuda:0
layers.4.attn.self.query.weight is on cuda:0
layers.4.attn.self.query.bias is on cuda:0
layers.4.attn.self.key.weight is on cuda:0
layers.4.attn.self.key.bias is on cuda:0
layers.4.attn.self.value.weight is on cuda:0
layers.4.attn.self.value.bias is on cuda:0
layers.4.attn.output.dense.weight is on cuda:0
layers.4.attn.output.dense.bias is on cuda:0
layers.4.attn.output.LayerNorm.weight is on cuda:0
layers.4.attn.output.LayerNorm.bias is on cuda:0
layers.4.moe.deepspeed_moe.gate.wg.weight is on cuda:0
layers.4.moe.deepspeed_moe.experts.deepspeed_experts.0.weight is on cuda:0
layers.4.moe.deepspeed_moe.experts.deepspeed_experts.0.bias is on cuda:0
layers.4.moe.deepspeed_moe.experts.deepspeed_experts.1.weight is on cuda:0
layers.4.moe.deepspeed_moe.experts.deepspeed_experts.1.bias is on cuda:0
layers.4.moe.deepspeed_moe.experts.deepspeed_experts.2.weight is on cuda:0
layers.4.moe.deepspeed_moe.experts.deepspeed_experts.2.bias is on cuda:0
layers.4.moe.deepspeed_moe.experts.deepspeed_experts.3.weight is on cuda:0
layers.4.moe.deepspeed_moe.experts.deepspeed_experts.3.bias is on cuda:0
layers.4.moe.deepspeed_moe.experts.deepspeed_experts.4.weight is on cuda:0
layers.4.moe.deepspeed_moe.experts.deepspeed_experts.4.bias is on cuda:0
layers.4.moe.deepspeed_moe.experts.deepspeed_experts.5.weight is on cuda:0
layers.4.moe.deepspeed_moe.experts.deepspeed_experts.5.bias is on cuda:0
layers.4.moe.deepspeed_moe.experts.deepspeed_experts.6.weight is on cuda:0
layers.4.moe.deepspeed_moe.experts.deepspeed_experts.6.bias is on cuda:0
layers.4.moe.deepspeed_moe.experts.deepspeed_experts.7.weight is on cuda:0
layers.4.moe.deepspeed_moe.experts.deepspeed_experts.7.bias is on cuda:0
layers.4.ln1.weight is on cuda:0
layers.4.ln1.bias is on cuda:0
layers.4.ln2.weight is on cuda:0
layers.4.ln2.bias is on cuda:0
layers.5.attn.self.query.weight is on cuda:0
layers.5.attn.self.query.bias is on cuda:0
layers.5.attn.self.key.weight is on cuda:0
layers.5.attn.self.key.bias is on cuda:0
layers.5.attn.self.value.weight is on cuda:0
layers.5.attn.self.value.bias is on cuda:0
layers.5.attn.output.dense.weight is on cuda:0
layers.5.attn.output.dense.bias is on cuda:0
layers.5.attn.output.LayerNorm.weight is on cuda:0
layers.5.attn.output.LayerNorm.bias is on cuda:0
layers.5.moe.deepspeed_moe.gate.wg.weight is on cuda:0
layers.5.moe.deepspeed_moe.experts.deepspeed_experts.0.weight is on cuda:0
layers.5.moe.deepspeed_moe.experts.deepspeed_experts.0.bias is on cuda:0
layers.5.moe.deepspeed_moe.experts.deepspeed_experts.1.weight is on cuda:0
layers.5.moe.deepspeed_moe.experts.deepspeed_experts.1.bias is on cuda:0
layers.5.moe.deepspeed_moe.experts.deepspeed_experts.2.weight is on cuda:0
layers.5.moe.deepspeed_moe.experts.deepspeed_experts.2.bias is on cuda:0
layers.5.moe.deepspeed_moe.experts.deepspeed_experts.3.weight is on cuda:0
layers.5.moe.deepspeed_moe.experts.deepspeed_experts.3.bias is on cuda:0
layers.5.moe.deepspeed_moe.experts.deepspeed_experts.4.weight is on cuda:0
layers.5.moe.deepspeed_moe.experts.deepspeed_experts.4.bias is on cuda:0
layers.5.moe.deepspeed_moe.experts.deepspeed_experts.5.weight is on cuda:0
layers.5.moe.deepspeed_moe.experts.deepspeed_experts.5.bias is on cuda:0
layers.5.moe.deepspeed_moe.experts.deepspeed_experts.6.weight is on cuda:0
layers.5.moe.deepspeed_moe.experts.deepspeed_experts.6.bias is on cuda:0
layers.5.moe.deepspeed_moe.experts.deepspeed_experts.7.weight is on cuda:0
layers.5.moe.deepspeed_moe.experts.deepspeed_experts.7.bias is on cuda:0
layers.5.ln1.weight is on cuda:0
layers.5.ln1.bias is on cuda:0
layers.5.ln2.weight is on cuda:0
layers.5.ln2.bias is on cuda:0
layers.6.attn.self.query.weight is on cuda:0
layers.6.attn.self.query.bias is on cuda:0
layers.6.attn.self.key.weight is on cuda:0
layers.6.attn.self.key.bias is on cuda:0
layers.6.attn.self.value.weight is on cuda:0
layers.6.attn.self.value.bias is on cuda:0
layers.6.attn.output.dense.weight is on cuda:0
layers.6.attn.output.dense.bias is on cuda:0
layers.6.attn.output.LayerNorm.weight is on cuda:0
layers.6.attn.output.LayerNorm.bias is on cuda:0
layers.6.moe.deepspeed_moe.gate.wg.weight is on cuda:0
layers.6.moe.deepspeed_moe.experts.deepspeed_experts.0.weight is on cuda:0
layers.6.moe.deepspeed_moe.experts.deepspeed_experts.0.bias is on cuda:0
layers.6.moe.deepspeed_moe.experts.deepspeed_experts.1.weight is on cuda:0
layers.6.moe.deepspeed_moe.experts.deepspeed_experts.1.bias is on cuda:0
layers.6.moe.deepspeed_moe.experts.deepspeed_experts.2.weight is on cuda:0
layers.6.moe.deepspeed_moe.experts.deepspeed_experts.2.bias is on cuda:0
layers.6.moe.deepspeed_moe.experts.deepspeed_experts.3.weight is on cuda:0
layers.6.moe.deepspeed_moe.experts.deepspeed_experts.3.bias is on cuda:0
layers.6.moe.deepspeed_moe.experts.deepspeed_experts.4.weight is on cuda:0
layers.6.moe.deepspeed_moe.experts.deepspeed_experts.4.bias is on cuda:0
layers.6.moe.deepspeed_moe.experts.deepspeed_experts.5.weight is on cuda:0
layers.6.moe.deepspeed_moe.experts.deepspeed_experts.5.bias is on cuda:0
layers.6.moe.deepspeed_moe.experts.deepspeed_experts.6.weight is on cuda:0
layers.6.moe.deepspeed_moe.experts.deepspeed_experts.6.bias is on cuda:0
layers.6.moe.deepspeed_moe.experts.deepspeed_experts.7.weight is on cuda:0
layers.6.moe.deepspeed_moe.experts.deepspeed_experts.7.bias is on cuda:0
layers.6.ln1.weight is on cuda:0
layers.6.ln1.bias is on cuda:0
layers.6.ln2.weight is on cuda:0
layers.6.ln2.bias is on cuda:0
layers.7.attn.self.query.weight is on cuda:0
layers.7.attn.self.query.bias is on cuda:0
layers.7.attn.self.key.weight is on cuda:0
layers.7.attn.self.key.bias is on cuda:0
layers.7.attn.self.value.weight is on cuda:0
layers.7.attn.self.value.bias is on cuda:0
layers.7.attn.output.dense.weight is on cuda:0
layers.7.attn.output.dense.bias is on cuda:0
layers.7.attn.output.LayerNorm.weight is on cuda:0
layers.7.attn.output.LayerNorm.bias is on cuda:0
layers.7.moe.deepspeed_moe.gate.wg.weight is on cuda:0
layers.7.moe.deepspeed_moe.experts.deepspeed_experts.0.weight is on cuda:0
layers.7.moe.deepspeed_moe.experts.deepspeed_experts.0.bias is on cuda:0
layers.7.moe.deepspeed_moe.experts.deepspeed_experts.1.weight is on cuda:0
layers.7.moe.deepspeed_moe.experts.deepspeed_experts.1.bias is on cuda:0
layers.7.moe.deepspeed_moe.experts.deepspeed_experts.2.weight is on cuda:0
layers.7.moe.deepspeed_moe.experts.deepspeed_experts.2.bias is on cuda:0
layers.7.moe.deepspeed_moe.experts.deepspeed_experts.3.weight is on cuda:0
layers.7.moe.deepspeed_moe.experts.deepspeed_experts.3.bias is on cuda:0
layers.7.moe.deepspeed_moe.experts.deepspeed_experts.4.weight is on cuda:0
layers.7.moe.deepspeed_moe.experts.deepspeed_experts.4.bias is on cuda:0
layers.7.moe.deepspeed_moe.experts.deepspeed_experts.5.weight is on cuda:0
layers.7.moe.deepspeed_moe.experts.deepspeed_experts.5.bias is on cuda:0
layers.7.moe.deepspeed_moe.experts.deepspeed_experts.6.weight is on cuda:0
layers.7.moe.deepspeed_moe.experts.deepspeed_experts.6.bias is on cuda:0
layers.7.moe.deepspeed_moe.experts.deepspeed_experts.7.weight is on cuda:0
layers.7.moe.deepspeed_moe.experts.deepspeed_experts.7.bias is on cuda:0
layers.7.ln1.weight is on cuda:0
layers.7.ln1.bias is on cuda:0
layers.7.ln2.weight is on cuda:0
layers.7.ln2.bias is on cuda:0
layers.8.attn.self.query.weight is on cuda:0
layers.8.attn.self.query.bias is on cuda:0
layers.8.attn.self.key.weight is on cuda:0
layers.8.attn.self.key.bias is on cuda:0
layers.8.attn.self.value.weight is on cuda:0
layers.8.attn.self.value.bias is on cuda:0
layers.8.attn.output.dense.weight is on cuda:0
layers.8.attn.output.dense.bias is on cuda:0
layers.8.attn.output.LayerNorm.weight is on cuda:0
layers.8.attn.output.LayerNorm.bias is on cuda:0
layers.8.moe.deepspeed_moe.gate.wg.weight is on cuda:0
layers.8.moe.deepspeed_moe.experts.deepspeed_experts.0.weight is on cuda:0
layers.8.moe.deepspeed_moe.experts.deepspeed_experts.0.bias is on cuda:0
layers.8.moe.deepspeed_moe.experts.deepspeed_experts.1.weight is on cuda:0
layers.8.moe.deepspeed_moe.experts.deepspeed_experts.1.bias is on cuda:0
layers.8.moe.deepspeed_moe.experts.deepspeed_experts.2.weight is on cuda:0
layers.8.moe.deepspeed_moe.experts.deepspeed_experts.2.bias is on cuda:0
layers.8.moe.deepspeed_moe.experts.deepspeed_experts.3.weight is on cuda:0
layers.8.moe.deepspeed_moe.experts.deepspeed_experts.3.bias is on cuda:0
layers.8.moe.deepspeed_moe.experts.deepspeed_experts.4.weight is on cuda:0
layers.8.moe.deepspeed_moe.experts.deepspeed_experts.4.bias is on cuda:0
layers.8.moe.deepspeed_moe.experts.deepspeed_experts.5.weight is on cuda:0
layers.8.moe.deepspeed_moe.experts.deepspeed_experts.5.bias is on cuda:0
layers.8.moe.deepspeed_moe.experts.deepspeed_experts.6.weight is on cuda:0
layers.8.moe.deepspeed_moe.experts.deepspeed_experts.6.bias is on cuda:0
layers.8.moe.deepspeed_moe.experts.deepspeed_experts.7.weight is on cuda:0
layers.8.moe.deepspeed_moe.experts.deepspeed_experts.7.bias is on cuda:0
layers.8.ln1.weight is on cuda:0
layers.8.ln1.bias is on cuda:0
layers.8.ln2.weight is on cuda:0
layers.8.ln2.bias is on cuda:0
layers.9.attn.self.query.weight is on cuda:0
layers.9.attn.self.query.bias is on cuda:0
layers.9.attn.self.key.weight is on cuda:0
layers.9.attn.self.key.bias is on cuda:0
layers.9.attn.self.value.weight is on cuda:0
layers.9.attn.self.value.bias is on cuda:0
layers.9.attn.output.dense.weight is on cuda:0
layers.9.attn.output.dense.bias is on cuda:0
layers.9.attn.output.LayerNorm.weight is on cuda:0
layers.9.attn.output.LayerNorm.bias is on cuda:0
layers.9.moe.deepspeed_moe.gate.wg.weight is on cuda:0
layers.9.moe.deepspeed_moe.experts.deepspeed_experts.0.weight is on cuda:0
layers.9.moe.deepspeed_moe.experts.deepspeed_experts.0.bias is on cuda:0
layers.9.moe.deepspeed_moe.experts.deepspeed_experts.1.weight is on cuda:0
layers.9.moe.deepspeed_moe.experts.deepspeed_experts.1.bias is on cuda:0
layers.9.moe.deepspeed_moe.experts.deepspeed_experts.2.weight is on cuda:0
layers.9.moe.deepspeed_moe.experts.deepspeed_experts.2.bias is on cuda:0
layers.9.moe.deepspeed_moe.experts.deepspeed_experts.3.weight is on cuda:0
layers.9.moe.deepspeed_moe.experts.deepspeed_experts.3.bias is on cuda:0
layers.9.moe.deepspeed_moe.experts.deepspeed_experts.4.weight is on cuda:0
layers.9.moe.deepspeed_moe.experts.deepspeed_experts.4.bias is on cuda:0
layers.9.moe.deepspeed_moe.experts.deepspeed_experts.5.weight is on cuda:0
layers.9.moe.deepspeed_moe.experts.deepspeed_experts.5.bias is on cuda:0
layers.9.moe.deepspeed_moe.experts.deepspeed_experts.6.weight is on cuda:0
layers.9.moe.deepspeed_moe.experts.deepspeed_experts.6.bias is on cuda:0
layers.9.moe.deepspeed_moe.experts.deepspeed_experts.7.weight is on cuda:0
layers.9.moe.deepspeed_moe.experts.deepspeed_experts.7.bias is on cuda:0
layers.9.ln1.weight is on cuda:0
layers.9.ln1.bias is on cuda:0
layers.9.ln2.weight is on cuda:0
layers.9.ln2.bias is on cuda:0
layers.10.attn.self.query.weight is on cuda:0
layers.10.attn.self.query.bias is on cuda:0
layers.10.attn.self.key.weight is on cuda:0
layers.10.attn.self.key.bias is on cuda:0
layers.10.attn.self.value.weight is on cuda:0
layers.10.attn.self.value.bias is on cuda:0
layers.10.attn.output.dense.weight is on cuda:0
layers.10.attn.output.dense.bias is on cuda:0
layers.10.attn.output.LayerNorm.weight is on cuda:0
layers.10.attn.output.LayerNorm.bias is on cuda:0
layers.10.moe.deepspeed_moe.gate.wg.weight is on cuda:0
layers.10.moe.deepspeed_moe.experts.deepspeed_experts.0.weight is on cuda:0
layers.10.moe.deepspeed_moe.experts.deepspeed_experts.0.bias is on cuda:0
layers.10.moe.deepspeed_moe.experts.deepspeed_experts.1.weight is on cuda:0
layers.10.moe.deepspeed_moe.experts.deepspeed_experts.1.bias is on cuda:0
layers.10.moe.deepspeed_moe.experts.deepspeed_experts.2.weight is on cuda:0
layers.10.moe.deepspeed_moe.experts.deepspeed_experts.2.bias is on cuda:0
layers.10.moe.deepspeed_moe.experts.deepspeed_experts.3.weight is on cuda:0
layers.10.moe.deepspeed_moe.experts.deepspeed_experts.3.bias is on cuda:0
layers.10.moe.deepspeed_moe.experts.deepspeed_experts.4.weight is on cuda:0
layers.10.moe.deepspeed_moe.experts.deepspeed_experts.4.bias is on cuda:0
layers.10.moe.deepspeed_moe.experts.deepspeed_experts.5.weight is on cuda:0
layers.10.moe.deepspeed_moe.experts.deepspeed_experts.5.bias is on cuda:0
layers.10.moe.deepspeed_moe.experts.deepspeed_experts.6.weight is on cuda:0
layers.10.moe.deepspeed_moe.experts.deepspeed_experts.6.bias is on cuda:0
layers.10.moe.deepspeed_moe.experts.deepspeed_experts.7.weight is on cuda:0
layers.10.moe.deepspeed_moe.experts.deepspeed_experts.7.bias is on cuda:0
layers.10.ln1.weight is on cuda:0
layers.10.ln1.bias is on cuda:0
layers.10.ln2.weight is on cuda:0
layers.10.ln2.bias is on cuda:0
layers.11.attn.self.query.weight is on cuda:0
layers.11.attn.self.query.bias is on cuda:0
layers.11.attn.self.key.weight is on cuda:0
layers.11.attn.self.key.bias is on cuda:0
layers.11.attn.self.value.weight is on cuda:0
layers.11.attn.self.value.bias is on cuda:0
layers.11.attn.output.dense.weight is on cuda:0
layers.11.attn.output.dense.bias is on cuda:0
layers.11.attn.output.LayerNorm.weight is on cuda:0
layers.11.attn.output.LayerNorm.bias is on cuda:0
layers.11.moe.deepspeed_moe.gate.wg.weight is on cuda:0
layers.11.moe.deepspeed_moe.experts.deepspeed_experts.0.weight is on cuda:0
layers.11.moe.deepspeed_moe.experts.deepspeed_experts.0.bias is on cuda:0
layers.11.moe.deepspeed_moe.experts.deepspeed_experts.1.weight is on cuda:0
layers.11.moe.deepspeed_moe.experts.deepspeed_experts.1.bias is on cuda:0
layers.11.moe.deepspeed_moe.experts.deepspeed_experts.2.weight is on cuda:0
layers.11.moe.deepspeed_moe.experts.deepspeed_experts.2.bias is on cuda:0
layers.11.moe.deepspeed_moe.experts.deepspeed_experts.3.weight is on cuda:0
layers.11.moe.deepspeed_moe.experts.deepspeed_experts.3.bias is on cuda:0
layers.11.moe.deepspeed_moe.experts.deepspeed_experts.4.weight is on cuda:0
layers.11.moe.deepspeed_moe.experts.deepspeed_experts.4.bias is on cuda:0
layers.11.moe.deepspeed_moe.experts.deepspeed_experts.5.weight is on cuda:0
layers.11.moe.deepspeed_moe.experts.deepspeed_experts.5.bias is on cuda:0
layers.11.moe.deepspeed_moe.experts.deepspeed_experts.6.weight is on cuda:0
layers.11.moe.deepspeed_moe.experts.deepspeed_experts.6.bias is on cuda:0
layers.11.moe.deepspeed_moe.experts.deepspeed_experts.7.weight is on cuda:0
layers.11.moe.deepspeed_moe.experts.deepspeed_experts.7.bias is on cuda:0
layers.11.ln1.weight is on cuda:0
layers.11.ln1.bias is on cuda:0
layers.11.ln2.weight is on cuda:0
layers.11.ln2.bias is on cuda:0
layers.12.attn.self.query.weight is on cuda:0
layers.12.attn.self.query.bias is on cuda:0
layers.12.attn.self.key.weight is on cuda:0
layers.12.attn.self.key.bias is on cuda:0
layers.12.attn.self.value.weight is on cuda:0
layers.12.attn.self.value.bias is on cuda:0
layers.12.attn.output.dense.weight is on cuda:0
layers.12.attn.output.dense.bias is on cuda:0
layers.12.attn.output.LayerNorm.weight is on cuda:0
layers.12.attn.output.LayerNorm.bias is on cuda:0
layers.12.moe.deepspeed_moe.gate.wg.weight is on cuda:0
layers.12.moe.deepspeed_moe.experts.deepspeed_experts.0.weight is on cuda:0
layers.12.moe.deepspeed_moe.experts.deepspeed_experts.0.bias is on cuda:0
layers.12.moe.deepspeed_moe.experts.deepspeed_experts.1.weight is on cuda:0
layers.12.moe.deepspeed_moe.experts.deepspeed_experts.1.bias is on cuda:0
layers.12.moe.deepspeed_moe.experts.deepspeed_experts.2.weight is on cuda:0
layers.12.moe.deepspeed_moe.experts.deepspeed_experts.2.bias is on cuda:0
layers.12.moe.deepspeed_moe.experts.deepspeed_experts.3.weight is on cuda:0
layers.12.moe.deepspeed_moe.experts.deepspeed_experts.3.bias is on cuda:0
layers.12.moe.deepspeed_moe.experts.deepspeed_experts.4.weight is on cuda:0
layers.12.moe.deepspeed_moe.experts.deepspeed_experts.4.bias is on cuda:0
layers.12.moe.deepspeed_moe.experts.deepspeed_experts.5.weight is on cuda:0
layers.12.moe.deepspeed_moe.experts.deepspeed_experts.5.bias is on cuda:0
layers.12.moe.deepspeed_moe.experts.deepspeed_experts.6.weight is on cuda:0
layers.12.moe.deepspeed_moe.experts.deepspeed_experts.6.bias is on cuda:0
layers.12.moe.deepspeed_moe.experts.deepspeed_experts.7.weight is on cuda:0
layers.12.moe.deepspeed_moe.experts.deepspeed_experts.7.bias is on cuda:0
layers.12.ln1.weight is on cuda:0
layers.12.ln1.bias is on cuda:0
layers.12.ln2.weight is on cuda:0
layers.12.ln2.bias is on cuda:0
layers.13.attn.self.query.weight is on cuda:0
layers.13.attn.self.query.bias is on cuda:0
layers.13.attn.self.key.weight is on cuda:0
layers.13.attn.self.key.bias is on cuda:0
layers.13.attn.self.value.weight is on cuda:0
layers.13.attn.self.value.bias is on cuda:0
layers.13.attn.output.dense.weight is on cuda:0
layers.13.attn.output.dense.bias is on cuda:0
layers.13.attn.output.LayerNorm.weight is on cuda:0
layers.13.attn.output.LayerNorm.bias is on cuda:0
layers.13.moe.deepspeed_moe.gate.wg.weight is on cuda:0
layers.13.moe.deepspeed_moe.experts.deepspeed_experts.0.weight is on cuda:0
layers.13.moe.deepspeed_moe.experts.deepspeed_experts.0.bias is on cuda:0
layers.13.moe.deepspeed_moe.experts.deepspeed_experts.1.weight is on cuda:0
layers.13.moe.deepspeed_moe.experts.deepspeed_experts.1.bias is on cuda:0
layers.13.moe.deepspeed_moe.experts.deepspeed_experts.2.weight is on cuda:0
layers.13.moe.deepspeed_moe.experts.deepspeed_experts.2.bias is on cuda:0
layers.13.moe.deepspeed_moe.experts.deepspeed_experts.3.weight is on cuda:0
layers.13.moe.deepspeed_moe.experts.deepspeed_experts.3.bias is on cuda:0
layers.13.moe.deepspeed_moe.experts.deepspeed_experts.4.weight is on cuda:0
layers.13.moe.deepspeed_moe.experts.deepspeed_experts.4.bias is on cuda:0
layers.13.moe.deepspeed_moe.experts.deepspeed_experts.5.weight is on cuda:0
layers.13.moe.deepspeed_moe.experts.deepspeed_experts.5.bias is on cuda:0
layers.13.moe.deepspeed_moe.experts.deepspeed_experts.6.weight is on cuda:0
layers.13.moe.deepspeed_moe.experts.deepspeed_experts.6.bias is on cuda:0
layers.13.moe.deepspeed_moe.experts.deepspeed_experts.7.weight is on cuda:0
layers.13.moe.deepspeed_moe.experts.deepspeed_experts.7.bias is on cuda:0
layers.13.ln1.weight is on cuda:0
layers.13.ln1.bias is on cuda:0
layers.13.ln2.weight is on cuda:0
layers.13.ln2.bias is on cuda:0
layers.14.attn.self.query.weight is on cuda:0
layers.14.attn.self.query.bias is on cuda:0
layers.14.attn.self.key.weight is on cuda:0
layers.14.attn.self.key.bias is on cuda:0
layers.14.attn.self.value.weight is on cuda:0
layers.14.attn.self.value.bias is on cuda:0
layers.14.attn.output.dense.weight is on cuda:0
layers.14.attn.output.dense.bias is on cuda:0
layers.14.attn.output.LayerNorm.weight is on cuda:0
layers.14.attn.output.LayerNorm.bias is on cuda:0
layers.14.moe.deepspeed_moe.gate.wg.weight is on cuda:0
layers.14.moe.deepspeed_moe.experts.deepspeed_experts.0.weight is on cuda:0
layers.14.moe.deepspeed_moe.experts.deepspeed_experts.0.bias is on cuda:0
layers.14.moe.deepspeed_moe.experts.deepspeed_experts.1.weight is on cuda:0
layers.14.moe.deepspeed_moe.experts.deepspeed_experts.1.bias is on cuda:0
layers.14.moe.deepspeed_moe.experts.deepspeed_experts.2.weight is on cuda:0
layers.14.moe.deepspeed_moe.experts.deepspeed_experts.2.bias is on cuda:0
layers.14.moe.deepspeed_moe.experts.deepspeed_experts.3.weight is on cuda:0
layers.14.moe.deepspeed_moe.experts.deepspeed_experts.3.bias is on cuda:0
layers.14.moe.deepspeed_moe.experts.deepspeed_experts.4.weight is on cuda:0
layers.14.moe.deepspeed_moe.experts.deepspeed_experts.4.bias is on cuda:0
layers.14.moe.deepspeed_moe.experts.deepspeed_experts.5.weight is on cuda:0
layers.14.moe.deepspeed_moe.experts.deepspeed_experts.5.bias is on cuda:0
layers.14.moe.deepspeed_moe.experts.deepspeed_experts.6.weight is on cuda:0
layers.14.moe.deepspeed_moe.experts.deepspeed_experts.6.bias is on cuda:0
layers.14.moe.deepspeed_moe.experts.deepspeed_experts.7.weight is on cuda:0
layers.14.moe.deepspeed_moe.experts.deepspeed_experts.7.bias is on cuda:0
layers.14.ln1.weight is on cuda:0
layers.14.ln1.bias is on cuda:0
layers.14.ln2.weight is on cuda:0
layers.14.ln2.bias is on cuda:0
layers.15.attn.self.query.weight is on cuda:0
layers.15.attn.self.query.bias is on cuda:0
layers.15.attn.self.key.weight is on cuda:0
layers.15.attn.self.key.bias is on cuda:0
layers.15.attn.self.value.weight is on cuda:0
layers.15.attn.self.value.bias is on cuda:0
layers.15.attn.output.dense.weight is on cuda:0
layers.15.attn.output.dense.bias is on cuda:0
layers.15.attn.output.LayerNorm.weight is on cuda:0
layers.15.attn.output.LayerNorm.bias is on cuda:0
layers.15.moe.deepspeed_moe.gate.wg.weight is on cuda:0
layers.15.moe.deepspeed_moe.experts.deepspeed_experts.0.weight is on cuda:0
layers.15.moe.deepspeed_moe.experts.deepspeed_experts.0.bias is on cuda:0
layers.15.moe.deepspeed_moe.experts.deepspeed_experts.1.weight is on cuda:0
layers.15.moe.deepspeed_moe.experts.deepspeed_experts.1.bias is on cuda:0
layers.15.moe.deepspeed_moe.experts.deepspeed_experts.2.weight is on cuda:0
layers.15.moe.deepspeed_moe.experts.deepspeed_experts.2.bias is on cuda:0
layers.15.moe.deepspeed_moe.experts.deepspeed_experts.3.weight is on cuda:0
layers.15.moe.deepspeed_moe.experts.deepspeed_experts.3.bias is on cuda:0
layers.15.moe.deepspeed_moe.experts.deepspeed_experts.4.weight is on cuda:0
layers.15.moe.deepspeed_moe.experts.deepspeed_experts.4.bias is on cuda:0
layers.15.moe.deepspeed_moe.experts.deepspeed_experts.5.weight is on cuda:0
layers.15.moe.deepspeed_moe.experts.deepspeed_experts.5.bias is on cuda:0
layers.15.moe.deepspeed_moe.experts.deepspeed_experts.6.weight is on cuda:0
layers.15.moe.deepspeed_moe.experts.deepspeed_experts.6.bias is on cuda:0
layers.15.moe.deepspeed_moe.experts.deepspeed_experts.7.weight is on cuda:0
layers.15.moe.deepspeed_moe.experts.deepspeed_experts.7.bias is on cuda:0
layers.15.ln1.weight is on cuda:0
layers.15.ln1.bias is on cuda:0
layers.15.ln2.weight is on cuda:0
layers.15.ln2.bias is on cuda:0
layers.16.attn.self.query.weight is on cuda:0
layers.16.attn.self.query.bias is on cuda:0
layers.16.attn.self.key.weight is on cuda:0
layers.16.attn.self.key.bias is on cuda:0
layers.16.attn.self.value.weight is on cuda:0
layers.16.attn.self.value.bias is on cuda:0
layers.16.attn.output.dense.weight is on cuda:0
layers.16.attn.output.dense.bias is on cuda:0
layers.16.attn.output.LayerNorm.weight is on cuda:0
layers.16.attn.output.LayerNorm.bias is on cuda:0
layers.16.moe.deepspeed_moe.gate.wg.weight is on cuda:0
layers.16.moe.deepspeed_moe.experts.deepspeed_experts.0.weight is on cuda:0
layers.16.moe.deepspeed_moe.experts.deepspeed_experts.0.bias is on cuda:0
layers.16.moe.deepspeed_moe.experts.deepspeed_experts.1.weight is on cuda:0
layers.16.moe.deepspeed_moe.experts.deepspeed_experts.1.bias is on cuda:0
layers.16.moe.deepspeed_moe.experts.deepspeed_experts.2.weight is on cuda:0
layers.16.moe.deepspeed_moe.experts.deepspeed_experts.2.bias is on cuda:0
layers.16.moe.deepspeed_moe.experts.deepspeed_experts.3.weight is on cuda:0
layers.16.moe.deepspeed_moe.experts.deepspeed_experts.3.bias is on cuda:0
layers.16.moe.deepspeed_moe.experts.deepspeed_experts.4.weight is on cuda:0
layers.16.moe.deepspeed_moe.experts.deepspeed_experts.4.bias is on cuda:0
layers.16.moe.deepspeed_moe.experts.deepspeed_experts.5.weight is on cuda:0
layers.16.moe.deepspeed_moe.experts.deepspeed_experts.5.bias is on cuda:0
layers.16.moe.deepspeed_moe.experts.deepspeed_experts.6.weight is on cuda:0
layers.16.moe.deepspeed_moe.experts.deepspeed_experts.6.bias is on cuda:0
layers.16.moe.deepspeed_moe.experts.deepspeed_experts.7.weight is on cuda:0
layers.16.moe.deepspeed_moe.experts.deepspeed_experts.7.bias is on cuda:0
layers.16.ln1.weight is on cuda:0
layers.16.ln1.bias is on cuda:0
layers.16.ln2.weight is on cuda:0
layers.16.ln2.bias is on cuda:0
layers.17.attn.self.query.weight is on cuda:0
layers.17.attn.self.query.bias is on cuda:0
layers.17.attn.self.key.weight is on cuda:0
layers.17.attn.self.key.bias is on cuda:0
layers.17.attn.self.value.weight is on cuda:0
layers.17.attn.self.value.bias is on cuda:0
layers.17.attn.output.dense.weight is on cuda:0
layers.17.attn.output.dense.bias is on cuda:0
layers.17.attn.output.LayerNorm.weight is on cuda:0
layers.17.attn.output.LayerNorm.bias is on cuda:0
layers.17.moe.deepspeed_moe.gate.wg.weight is on cuda:0
layers.17.moe.deepspeed_moe.experts.deepspeed_experts.0.weight is on cuda:0
layers.17.moe.deepspeed_moe.experts.deepspeed_experts.0.bias is on cuda:0
layers.17.moe.deepspeed_moe.experts.deepspeed_experts.1.weight is on cuda:0
layers.17.moe.deepspeed_moe.experts.deepspeed_experts.1.bias is on cuda:0
layers.17.moe.deepspeed_moe.experts.deepspeed_experts.2.weight is on cuda:0
layers.17.moe.deepspeed_moe.experts.deepspeed_experts.2.bias is on cuda:0
layers.17.moe.deepspeed_moe.experts.deepspeed_experts.3.weight is on cuda:0
layers.17.moe.deepspeed_moe.experts.deepspeed_experts.3.bias is on cuda:0
layers.17.moe.deepspeed_moe.experts.deepspeed_experts.4.weight is on cuda:0
layers.17.moe.deepspeed_moe.experts.deepspeed_experts.4.bias is on cuda:0
layers.17.moe.deepspeed_moe.experts.deepspeed_experts.5.weight is on cuda:0
layers.17.moe.deepspeed_moe.experts.deepspeed_experts.5.bias is on cuda:0
layers.17.moe.deepspeed_moe.experts.deepspeed_experts.6.weight is on cuda:0
layers.17.moe.deepspeed_moe.experts.deepspeed_experts.6.bias is on cuda:0
layers.17.moe.deepspeed_moe.experts.deepspeed_experts.7.weight is on cuda:0
layers.17.moe.deepspeed_moe.experts.deepspeed_experts.7.bias is on cuda:0
layers.17.ln1.weight is on cuda:0
layers.17.ln1.bias is on cuda:0
layers.17.ln2.weight is on cuda:0
layers.17.ln2.bias is on cuda:0
layers.18.attn.self.query.weight is on cuda:0
layers.18.attn.self.query.bias is on cuda:0
layers.18.attn.self.key.weight is on cuda:0
layers.18.attn.self.key.bias is on cuda:0
layers.18.attn.self.value.weight is on cuda:0
layers.18.attn.self.value.bias is on cuda:0
layers.18.attn.output.dense.weight is on cuda:0
layers.18.attn.output.dense.bias is on cuda:0
layers.18.attn.output.LayerNorm.weight is on cuda:0
layers.18.attn.output.LayerNorm.bias is on cuda:0
layers.18.moe.deepspeed_moe.gate.wg.weight is on cuda:0
layers.18.moe.deepspeed_moe.experts.deepspeed_experts.0.weight is on cuda:0
layers.18.moe.deepspeed_moe.experts.deepspeed_experts.0.bias is on cuda:0
layers.18.moe.deepspeed_moe.experts.deepspeed_experts.1.weight is on cuda:0
layers.18.moe.deepspeed_moe.experts.deepspeed_experts.1.bias is on cuda:0
layers.18.moe.deepspeed_moe.experts.deepspeed_experts.2.weight is on cuda:0
layers.18.moe.deepspeed_moe.experts.deepspeed_experts.2.bias is on cuda:0
layers.18.moe.deepspeed_moe.experts.deepspeed_experts.3.weight is on cuda:0
layers.18.moe.deepspeed_moe.experts.deepspeed_experts.3.bias is on cuda:0
layers.18.moe.deepspeed_moe.experts.deepspeed_experts.4.weight is on cuda:0
layers.18.moe.deepspeed_moe.experts.deepspeed_experts.4.bias is on cuda:0
layers.18.moe.deepspeed_moe.experts.deepspeed_experts.5.weight is on cuda:0
layers.18.moe.deepspeed_moe.experts.deepspeed_experts.5.bias is on cuda:0
layers.18.moe.deepspeed_moe.experts.deepspeed_experts.6.weight is on cuda:0
layers.18.moe.deepspeed_moe.experts.deepspeed_experts.6.bias is on cuda:0
layers.18.moe.deepspeed_moe.experts.deepspeed_experts.7.weight is on cuda:0
layers.18.moe.deepspeed_moe.experts.deepspeed_experts.7.bias is on cuda:0
layers.18.ln1.weight is on cuda:0
layers.18.ln1.bias is on cuda:0
layers.18.ln2.weight is on cuda:0
layers.18.ln2.bias is on cuda:0
layers.19.attn.self.query.weight is on cuda:0
layers.19.attn.self.query.bias is on cuda:0
layers.19.attn.self.key.weight is on cuda:0
layers.19.attn.self.key.bias is on cuda:0
layers.19.attn.self.value.weight is on cuda:0
layers.19.attn.self.value.bias is on cuda:0
layers.19.attn.output.dense.weight is on cuda:0
layers.19.attn.output.dense.bias is on cuda:0
layers.19.attn.output.LayerNorm.weight is on cuda:0
layers.19.attn.output.LayerNorm.bias is on cuda:0
layers.19.moe.deepspeed_moe.gate.wg.weight is on cuda:0
layers.19.moe.deepspeed_moe.experts.deepspeed_experts.0.weight is on cuda:0
layers.19.moe.deepspeed_moe.experts.deepspeed_experts.0.bias is on cuda:0
layers.19.moe.deepspeed_moe.experts.deepspeed_experts.1.weight is on cuda:0
layers.19.moe.deepspeed_moe.experts.deepspeed_experts.1.bias is on cuda:0
layers.19.moe.deepspeed_moe.experts.deepspeed_experts.2.weight is on cuda:0
layers.19.moe.deepspeed_moe.experts.deepspeed_experts.2.bias is on cuda:0
layers.19.moe.deepspeed_moe.experts.deepspeed_experts.3.weight is on cuda:0
layers.19.moe.deepspeed_moe.experts.deepspeed_experts.3.bias is on cuda:0
layers.19.moe.deepspeed_moe.experts.deepspeed_experts.4.weight is on cuda:0
layers.19.moe.deepspeed_moe.experts.deepspeed_experts.4.bias is on cuda:0
layers.19.moe.deepspeed_moe.experts.deepspeed_experts.5.weight is on cuda:0
layers.19.moe.deepspeed_moe.experts.deepspeed_experts.5.bias is on cuda:0
layers.19.moe.deepspeed_moe.experts.deepspeed_experts.6.weight is on cuda:0
layers.19.moe.deepspeed_moe.experts.deepspeed_experts.6.bias is on cuda:0
layers.19.moe.deepspeed_moe.experts.deepspeed_experts.7.weight is on cuda:0
layers.19.moe.deepspeed_moe.experts.deepspeed_experts.7.bias is on cuda:0
layers.19.ln1.weight is on cuda:0
layers.19.ln1.bias is on cuda:0
layers.19.ln2.weight is on cuda:0
layers.19.ln2.bias is on cuda:0
layers.20.attn.self.query.weight is on cuda:0
layers.20.attn.self.query.bias is on cuda:0
layers.20.attn.self.key.weight is on cuda:0
layers.20.attn.self.key.bias is on cuda:0
layers.20.attn.self.value.weight is on cuda:0
layers.20.attn.self.value.bias is on cuda:0
layers.20.attn.output.dense.weight is on cuda:0
layers.20.attn.output.dense.bias is on cuda:0
layers.20.attn.output.LayerNorm.weight is on cuda:0
layers.20.attn.output.LayerNorm.bias is on cuda:0
layers.20.moe.deepspeed_moe.gate.wg.weight is on cuda:0
layers.20.moe.deepspeed_moe.experts.deepspeed_experts.0.weight is on cuda:0
layers.20.moe.deepspeed_moe.experts.deepspeed_experts.0.bias is on cuda:0
layers.20.moe.deepspeed_moe.experts.deepspeed_experts.1.weight is on cuda:0
layers.20.moe.deepspeed_moe.experts.deepspeed_experts.1.bias is on cuda:0
layers.20.moe.deepspeed_moe.experts.deepspeed_experts.2.weight is on cuda:0
layers.20.moe.deepspeed_moe.experts.deepspeed_experts.2.bias is on cuda:0
layers.20.moe.deepspeed_moe.experts.deepspeed_experts.3.weight is on cuda:0
layers.20.moe.deepspeed_moe.experts.deepspeed_experts.3.bias is on cuda:0
layers.20.moe.deepspeed_moe.experts.deepspeed_experts.4.weight is on cuda:0
layers.20.moe.deepspeed_moe.experts.deepspeed_experts.4.bias is on cuda:0
layers.20.moe.deepspeed_moe.experts.deepspeed_experts.5.weight is on cuda:0
layers.20.moe.deepspeed_moe.experts.deepspeed_experts.5.bias is on cuda:0
layers.20.moe.deepspeed_moe.experts.deepspeed_experts.6.weight is on cuda:0
layers.20.moe.deepspeed_moe.experts.deepspeed_experts.6.bias is on cuda:0
layers.20.moe.deepspeed_moe.experts.deepspeed_experts.7.weight is on cuda:0
layers.20.moe.deepspeed_moe.experts.deepspeed_experts.7.bias is on cuda:0
layers.20.ln1.weight is on cuda:0
layers.20.ln1.bias is on cuda:0
layers.20.ln2.weight is on cuda:0
layers.20.ln2.bias is on cuda:0
layers.21.attn.self.query.weight is on cuda:0
layers.21.attn.self.query.bias is on cuda:0
layers.21.attn.self.key.weight is on cuda:0
layers.21.attn.self.key.bias is on cuda:0
layers.21.attn.self.value.weight is on cuda:0
layers.21.attn.self.value.bias is on cuda:0
layers.21.attn.output.dense.weight is on cuda:0
layers.21.attn.output.dense.bias is on cuda:0
layers.21.attn.output.LayerNorm.weight is on cuda:0
layers.21.attn.output.LayerNorm.bias is on cuda:0
layers.21.moe.deepspeed_moe.gate.wg.weight is on cuda:0
layers.21.moe.deepspeed_moe.experts.deepspeed_experts.0.weight is on cuda:0
layers.21.moe.deepspeed_moe.experts.deepspeed_experts.0.bias is on cuda:0
layers.21.moe.deepspeed_moe.experts.deepspeed_experts.1.weight is on cuda:0
layers.21.moe.deepspeed_moe.experts.deepspeed_experts.1.bias is on cuda:0
layers.21.moe.deepspeed_moe.experts.deepspeed_experts.2.weight is on cuda:0
layers.21.moe.deepspeed_moe.experts.deepspeed_experts.2.bias is on cuda:0
layers.21.moe.deepspeed_moe.experts.deepspeed_experts.3.weight is on cuda:0
layers.21.moe.deepspeed_moe.experts.deepspeed_experts.3.bias is on cuda:0
layers.21.moe.deepspeed_moe.experts.deepspeed_experts.4.weight is on cuda:0
layers.21.moe.deepspeed_moe.experts.deepspeed_experts.4.bias is on cuda:0
layers.21.moe.deepspeed_moe.experts.deepspeed_experts.5.weight is on cuda:0
layers.21.moe.deepspeed_moe.experts.deepspeed_experts.5.bias is on cuda:0
layers.21.moe.deepspeed_moe.experts.deepspeed_experts.6.weight is on cuda:0
layers.21.moe.deepspeed_moe.experts.deepspeed_experts.6.bias is on cuda:0
layers.21.moe.deepspeed_moe.experts.deepspeed_experts.7.weight is on cuda:0
layers.21.moe.deepspeed_moe.experts.deepspeed_experts.7.bias is on cuda:0
layers.21.ln1.weight is on cuda:0
layers.21.ln1.bias is on cuda:0
layers.21.ln2.weight is on cuda:0
layers.21.ln2.bias is on cuda:0
layers.22.attn.self.query.weight is on cuda:0
layers.22.attn.self.query.bias is on cuda:0
layers.22.attn.self.key.weight is on cuda:0
layers.22.attn.self.key.bias is on cuda:0
layers.22.attn.self.value.weight is on cuda:0
layers.22.attn.self.value.bias is on cuda:0
layers.22.attn.output.dense.weight is on cuda:0
layers.22.attn.output.dense.bias is on cuda:0
layers.22.attn.output.LayerNorm.weight is on cuda:0
layers.22.attn.output.LayerNorm.bias is on cuda:0
layers.22.moe.deepspeed_moe.gate.wg.weight is on cuda:0
layers.22.moe.deepspeed_moe.experts.deepspeed_experts.0.weight is on cuda:0
layers.22.moe.deepspeed_moe.experts.deepspeed_experts.0.bias is on cuda:0
layers.22.moe.deepspeed_moe.experts.deepspeed_experts.1.weight is on cuda:0
layers.22.moe.deepspeed_moe.experts.deepspeed_experts.1.bias is on cuda:0
layers.22.moe.deepspeed_moe.experts.deepspeed_experts.2.weight is on cuda:0
layers.22.moe.deepspeed_moe.experts.deepspeed_experts.2.bias is on cuda:0
layers.22.moe.deepspeed_moe.experts.deepspeed_experts.3.weight is on cuda:0
layers.22.moe.deepspeed_moe.experts.deepspeed_experts.3.bias is on cuda:0
layers.22.moe.deepspeed_moe.experts.deepspeed_experts.4.weight is on cuda:0
layers.22.moe.deepspeed_moe.experts.deepspeed_experts.4.bias is on cuda:0
layers.22.moe.deepspeed_moe.experts.deepspeed_experts.5.weight is on cuda:0
layers.22.moe.deepspeed_moe.experts.deepspeed_experts.5.bias is on cuda:0
layers.22.moe.deepspeed_moe.experts.deepspeed_experts.6.weight is on cuda:0
layers.22.moe.deepspeed_moe.experts.deepspeed_experts.6.bias is on cuda:0
layers.22.moe.deepspeed_moe.experts.deepspeed_experts.7.weight is on cuda:0
layers.22.moe.deepspeed_moe.experts.deepspeed_experts.7.bias is on cuda:0
layers.22.ln1.weight is on cuda:0
layers.22.ln1.bias is on cuda:0
layers.22.ln2.weight is on cuda:0
layers.22.ln2.bias is on cuda:0
layers.23.attn.self.query.weight is on cuda:0
layers.23.attn.self.query.bias is on cuda:0
layers.23.attn.self.key.weight is on cuda:0
layers.23.attn.self.key.bias is on cuda:0
layers.23.attn.self.value.weight is on cuda:0
layers.23.attn.self.value.bias is on cuda:0
layers.23.attn.output.dense.weight is on cuda:0
layers.23.attn.output.dense.bias is on cuda:0
layers.23.attn.output.LayerNorm.weight is on cuda:0
layers.23.attn.output.LayerNorm.bias is on cuda:0
layers.23.moe.deepspeed_moe.gate.wg.weight is on cuda:0
layers.23.moe.deepspeed_moe.experts.deepspeed_experts.0.weight is on cuda:0
layers.23.moe.deepspeed_moe.experts.deepspeed_experts.0.bias is on cuda:0
layers.23.moe.deepspeed_moe.experts.deepspeed_experts.1.weight is on cuda:0
layers.23.moe.deepspeed_moe.experts.deepspeed_experts.1.bias is on cuda:0
layers.23.moe.deepspeed_moe.experts.deepspeed_experts.2.weight is on cuda:0
layers.23.moe.deepspeed_moe.experts.deepspeed_experts.2.bias is on cuda:0
layers.23.moe.deepspeed_moe.experts.deepspeed_experts.3.weight is on cuda:0
layers.23.moe.deepspeed_moe.experts.deepspeed_experts.3.bias is on cuda:0
layers.23.moe.deepspeed_moe.experts.deepspeed_experts.4.weight is on cuda:0
layers.23.moe.deepspeed_moe.experts.deepspeed_experts.4.bias is on cuda:0
layers.23.moe.deepspeed_moe.experts.deepspeed_experts.5.weight is on cuda:0
layers.23.moe.deepspeed_moe.experts.deepspeed_experts.5.bias is on cuda:0
layers.23.moe.deepspeed_moe.experts.deepspeed_experts.6.weight is on cuda:0
layers.23.moe.deepspeed_moe.experts.deepspeed_experts.6.bias is on cuda:0
layers.23.moe.deepspeed_moe.experts.deepspeed_experts.7.weight is on cuda:0
layers.23.moe.deepspeed_moe.experts.deepspeed_experts.7.bias is on cuda:0
layers.23.ln1.weight is on cuda:0
layers.23.ln1.bias is on cuda:0
layers.23.ln2.weight is on cuda:0
layers.23.ln2.bias is on cuda:0
norm.weight is on cuda:0
norm.bias is on cuda:0
unembed.weight is on cuda:0
[Rank 1] Output shape: torch.Size([20, 768, 50272])
[Rank 0] Output shape: torch.Size([20, 768, 50272])
[rank0]:[W521 14:35:43.384568215 ProcessGroupNCCL.cpp:1496] Warning: WARNING: destroy_process_group() was not called before program exit, which can leak resources. For more info, please see https://pytorch.org/docs/stable/distributed.html#shutdown (function operator())
[2025-05-21 14:35:44,705] [INFO] [launch.py:351:main] Process 5975 exits successfully.
[2025-05-21 14:35:45,706] [INFO] [launch.py:351:main] Process 5974 exits successfully.
