[2025-05-09 17:24:22,358] [INFO] [real_accelerator.py:239:get_accelerator] Setting ds_accelerator to cuda (auto detect)
/home/victor/anaconda3/envs/megatron-deepspeed/lib/python3.11/site-packages/transformers/utils/generic.py:260: FutureWarning: `torch.utils._pytree._register_pytree_node` is deprecated. Please use `torch.utils._pytree.register_pytree_node` instead.
  torch.utils._pytree._register_pytree_node(
/home/victor/anaconda3/envs/megatron-deepspeed/lib/python3.11/site-packages/transformers/utils/generic.py:260: FutureWarning: `torch.utils._pytree._register_pytree_node` is deprecated. Please use `torch.utils._pytree.register_pytree_node` instead.
  torch.utils._pytree._register_pytree_node(
[2025-05-09 17:24:25,448] [WARNING] [runner.py:215:fetch_hostfile] Unable to find hostfile, will proceed with training with local resources only.
[2025-05-09 17:24:25,449] [INFO] [runner.py:605:main] cmd = /home/victor/anaconda3/envs/megatron-deepspeed/bin/python -u -m deepspeed.launcher.launch --world_info=eyJsb2NhbGhvc3QiOiBbMCwgMV19 --master_addr=127.0.0.1 --master_port=29500 --enable_each_rank_log=None run_opt_experiment.py --loops 3 --model facebook/opt-350m --batch-size 4 --prompt-len 512 --gen-len 32 --use-tp-parallel --output-file results.log --verbose 2
[2025-05-09 17:24:27,572] [INFO] [real_accelerator.py:239:get_accelerator] Setting ds_accelerator to cuda (auto detect)
/home/victor/anaconda3/envs/megatron-deepspeed/lib/python3.11/site-packages/transformers/utils/generic.py:260: FutureWarning: `torch.utils._pytree._register_pytree_node` is deprecated. Please use `torch.utils._pytree.register_pytree_node` instead.
  torch.utils._pytree._register_pytree_node(
/home/victor/anaconda3/envs/megatron-deepspeed/lib/python3.11/site-packages/transformers/utils/generic.py:260: FutureWarning: `torch.utils._pytree._register_pytree_node` is deprecated. Please use `torch.utils._pytree.register_pytree_node` instead.
  torch.utils._pytree._register_pytree_node(
[2025-05-09 17:24:30,580] [INFO] [launch.py:146:main] WORLD INFO DICT: {'localhost': [0, 1]}
[2025-05-09 17:24:30,580] [INFO] [launch.py:152:main] nnodes=1, num_local_procs=2, node_rank=0
[2025-05-09 17:24:30,580] [INFO] [launch.py:163:main] global_rank_mapping=defaultdict(<class 'list'>, {'localhost': [0, 1]})
[2025-05-09 17:24:30,580] [INFO] [launch.py:164:main] dist_world_size=2
[2025-05-09 17:24:30,580] [INFO] [launch.py:168:main] Setting CUDA_VISIBLE_DEVICES=0,1
[2025-05-09 17:24:30,583] [INFO] [launch.py:256:main] process 18108 spawned with command: ['/home/victor/anaconda3/envs/megatron-deepspeed/bin/python', '-u', 'run_opt_experiment.py', '--local_rank=0', '--loops', '3', '--model', 'facebook/opt-350m', '--batch-size', '4', '--prompt-len', '512', '--gen-len', '32', '--use-tp-parallel', '--output-file', 'results.log', '--verbose', '2']
[2025-05-09 17:24:30,584] [INFO] [launch.py:256:main] process 18109 spawned with command: ['/home/victor/anaconda3/envs/megatron-deepspeed/bin/python', '-u', 'run_opt_experiment.py', '--local_rank=1', '--loops', '3', '--model', 'facebook/opt-350m', '--batch-size', '4', '--prompt-len', '512', '--gen-len', '32', '--use-tp-parallel', '--output-file', 'results.log', '--verbose', '2']
[2025-05-09 17:24:33,606] [INFO] [real_accelerator.py:239:get_accelerator] Setting ds_accelerator to cuda (auto detect)
[2025-05-09 17:24:33,675] [INFO] [real_accelerator.py:239:get_accelerator] Setting ds_accelerator to cuda (auto detect)
/home/victor/anaconda3/envs/megatron-deepspeed/lib/python3.11/site-packages/transformers/utils/generic.py:260: FutureWarning: `torch.utils._pytree._register_pytree_node` is deprecated. Please use `torch.utils._pytree.register_pytree_node` instead.
  torch.utils._pytree._register_pytree_node(
/home/victor/anaconda3/envs/megatron-deepspeed/lib/python3.11/site-packages/transformers/utils/generic.py:260: FutureWarning: `torch.utils._pytree._register_pytree_node` is deprecated. Please use `torch.utils._pytree.register_pytree_node` instead.
  torch.utils._pytree._register_pytree_node(
[2025-05-09 17:24:38,585] [INFO] [comm.py:669:init_distributed] cdb=None
/home/victor/anaconda3/envs/megatron-deepspeed/lib/python3.11/site-packages/transformers/utils/generic.py:260: FutureWarning: `torch.utils._pytree._register_pytree_node` is deprecated. Please use `torch.utils._pytree.register_pytree_node` instead.
  torch.utils._pytree._register_pytree_node(
/home/victor/anaconda3/envs/megatron-deepspeed/lib/python3.11/site-packages/transformers/utils/generic.py:260: FutureWarning: `torch.utils._pytree._register_pytree_node` is deprecated. Please use `torch.utils._pytree.register_pytree_node` instead.
  torch.utils._pytree._register_pytree_node(
[2025-05-09 17:24:39,094] [INFO] [comm.py:669:init_distributed] cdb=None
[2025-05-09 17:24:39,098] [INFO] [comm.py:700:init_distributed] Initializing TorchBackend in DeepSpeed with backend nccl
/home/victor/anaconda3/envs/megatron-deepspeed/lib/python3.11/site-packages/huggingface_hub/file_download.py:896: FutureWarning: `resume_download` is deprecated and will be removed in version 1.0.0. Downloads always resume when possible. If you want to force a new download, use `force_download=True`.
  warnings.warn(
/home/victor/anaconda3/envs/megatron-deepspeed/lib/python3.11/site-packages/huggingface_hub/file_download.py:896: FutureWarning: `resume_download` is deprecated and will be removed in version 1.0.0. Downloads always resume when possible. If you want to force a new download, use `force_download=True`.
  warnings.warn(
[2025-05-09 17:24:58,247] [INFO] [logging.py:107:log_dist] [Rank 0] DeepSpeed info: version=0.16.7, git-hash=unknown, git-branch=unknown
[2025-05-09 17:24:58,248] [INFO] [logging.py:107:log_dist] [Rank 0] quantize_bits = 8 mlp_extra_grouping = False, quantize_groups = 1
[2025-05-09 17:25:00,269] [INFO] [logging.py:107:log_dist] [Rank 0] DeepSpeed-Inference config: {'layer_id': 0, 'hidden_size': 1024, 'intermediate_size': 4096, 'heads': 16, 'num_hidden_layers': -1, 'dtype': torch.float32, 'pre_layer_norm': False, 'norm_type': <NormType.LayerNorm: 1>, 'local_rank': -1, 'stochastic_mode': False, 'epsilon': 1e-05, 'mp_size': 2, 'scale_attention': True, 'triangular_masking': True, 'local_attention': False, 'window_size': 1, 'rotary_dim': -1, 'rotate_half': False, 'rotate_every_two': True, 'return_tuple': True, 'mlp_after_attn': True, 'mlp_act_func_type': <ActivationFuncType.ReLU: 2>, 'training_mp_size': 1, 'bigscience_bloom': False, 'max_out_tokens': 1024, 'min_out_tokens': 1, 'scale_attn_by_inverse_layer_idx': False, 'enable_qkv_quantization': False, 'use_mup': False, 'return_single_tuple': False, 'set_empty_params': False, 'transposed_mode': False, 'use_triton': False, 'triton_autotune': False, 'num_kv': -1, 'rope_theta': 10000, 'invert_mask': True}
Using /home/victor/.cache/torch_extensions/py311_cu124 as PyTorch extensions root...
Detected CUDA files, patching ldflags
Emitting ninja build file /home/victor/.cache/torch_extensions/py311_cu124/transformer_inference/build.ninja...
/home/victor/anaconda3/envs/megatron-deepspeed/lib/python3.11/site-packages/torch/utils/cpp_extension.py:2059: UserWarning: TORCH_CUDA_ARCH_LIST is not set, all archs for visible cards are included for compilation. 
If this is not desired, please set os.environ['TORCH_CUDA_ARCH_LIST'].
  warnings.warn(
Building extension module transformer_inference...
Allowing ninja to set a default number of workers... (overridable by setting the environment variable MAX_JOBS=N)
ninja: no work to do.
Loading extension module transformer_inference...
Time to load transformer_inference op: 0.015627622604370117 seconds
Using /home/victor/.cache/torch_extensions/py311_cu124 as PyTorch extensions root...
Detected CUDA files, patching ldflags
Emitting ninja build file /home/victor/.cache/torch_extensions/py311_cu124/transformer_inference/build.ninja...
/home/victor/anaconda3/envs/megatron-deepspeed/lib/python3.11/site-packages/torch/utils/cpp_extension.py:2059: UserWarning: TORCH_CUDA_ARCH_LIST is not set, all archs for visible cards are included for compilation. 
If this is not desired, please set os.environ['TORCH_CUDA_ARCH_LIST'].
  warnings.warn(
Building extension module transformer_inference...
Allowing ninja to set a default number of workers... (overridable by setting the environment variable MAX_JOBS=N)
ninja: no work to do.
Loading extension module transformer_inference...
Time to load transformer_inference op: 0.027478933334350586 seconds
/home/victor/anaconda3/envs/megatron-deepspeed/lib/python3.11/site-packages/huggingface_hub/file_download.py:896: FutureWarning: `resume_download` is deprecated and will be removed in version 1.0.0. Downloads always resume when possible. If you want to force a new download, use `force_download=True`.
  warnings.warn(
/home/victor/anaconda3/envs/megatron-deepspeed/lib/python3.11/site-packages/huggingface_hub/file_download.py:896: FutureWarning: `resume_download` is deprecated and will be removed in version 1.0.0. Downloads always resume when possible. If you want to force a new download, use `force_download=True`.
  warnings.warn(
model.decoder.embed_tokens.weight: torch.Size([50272, 512]) (device: cuda:0)
model.decoder.embed_positions.weight: torch.Size([2050, 1024]) (device: cuda:0)
model.decoder.project_out.weight: torch.Size([512, 1024]) (device: cuda:0)
model.decoder.project_in.weight: torch.Size([1024, 512]) (device: cuda:0)
model.decoder.layers.0.norm_w: torch.Size([1024]) (device: cuda:0)
model.decoder.layers.0.norm_b: torch.Size([1024]) (device: cuda:0)
model.decoder.layers.0.attention.attn_qkvw: torch.Size([1024, 1536]) (device: cuda:0)
model.decoder.layers.0.attention.attn_qkvb: torch.Size([1536]) (device: cuda:0)
model.decoder.layers.0.attention.attn_ow: torch.Size([512, 1024]) (device: cuda:0)
model.decoder.layers.0.attention.attn_ob: torch.Size([1024]) (device: cuda:0)
model.decoder.layers.0.mlp.attn_nw: torch.Size([1024]) (device: cuda:0)
model.decoder.layers.0.mlp.attn_nb: torch.Size([1024]) (device: cuda:0)
model.decoder.layers.0.mlp.inter_w: torch.Size([1024, 2048]) (device: cuda:0)
model.decoder.layers.0.mlp.inter_b: torch.Size([2048]) (device: cuda:0)
model.decoder.layers.0.mlp.output_w: torch.Size([2048, 1024]) (device: cuda:0)
model.decoder.layers.0.mlp.output_b: torch.Size([1024]) (device: cuda:0)
model.decoder.layers.1.norm_w: torch.Size([1024]) (device: cuda:0)
model.decoder.layers.1.norm_b: torch.Size([1024]) (device: cuda:0)
model.decoder.layers.1.attention.attn_qkvw: torch.Size([1024, 1536]) (device: cuda:0)
model.decoder.layers.1.attention.attn_qkvb: torch.Size([1536]) (device: cuda:0)
model.decoder.layers.1.attention.attn_ow: torch.Size([512, 1024]) (device: cuda:0)
model.decoder.layers.1.attention.attn_ob: torch.Size([1024]) (device: cuda:0)
model.decoder.layers.1.mlp.attn_nw: torch.Size([1024]) (device: cuda:0)
model.decoder.layers.1.mlp.attn_nb: torch.Size([1024]) (device: cuda:0)
model.decoder.layers.1.mlp.inter_w: torch.Size([1024, 2048]) (device: cuda:0)
model.decoder.layers.1.mlp.inter_b: torch.Size([2048]) (device: cuda:0)
model.decoder.layers.1.mlp.output_w: torch.Size([2048, 1024]) (device: cuda:0)
model.decoder.layers.1.mlp.output_b: torch.Size([1024]) (device: cuda:0)
model.decoder.layers.2.norm_w: torch.Size([1024]) (device: cuda:0)
model.decoder.layers.2.norm_b: torch.Size([1024]) (device: cuda:0)
model.decoder.layers.2.attention.attn_qkvw: torch.Size([1024, 1536]) (device: cuda:0)
model.decoder.layers.2.attention.attn_qkvb: torch.Size([1536]) (device: cuda:0)
model.decoder.layers.2.attention.attn_ow: torch.Size([512, 1024]) (device: cuda:0)
model.decoder.layers.2.attention.attn_ob: torch.Size([1024]) (device: cuda:0)
model.decoder.layers.2.mlp.attn_nw: torch.Size([1024]) (device: cuda:0)
model.decoder.layers.2.mlp.attn_nb: torch.Size([1024]) (device: cuda:0)
model.decoder.layers.2.mlp.inter_w: torch.Size([1024, 2048]) (device: cuda:0)
model.decoder.layers.2.mlp.inter_b: torch.Size([2048]) (device: cuda:0)
model.decoder.layers.2.mlp.output_w: torch.Size([2048, 1024]) (device: cuda:0)
model.decoder.layers.2.mlp.output_b: torch.Size([1024]) (device: cuda:0)
model.decoder.layers.3.norm_w: torch.Size([1024]) (device: cuda:0)
model.decoder.layers.3.norm_b: torch.Size([1024]) (device: cuda:0)
model.decoder.layers.3.attention.attn_qkvw: torch.Size([1024, 1536]) (device: cuda:0)
model.decoder.layers.3.attention.attn_qkvb: torch.Size([1536]) (device: cuda:0)
model.decoder.layers.3.attention.attn_ow: torch.Size([512, 1024]) (device: cuda:0)
model.decoder.layers.3.attention.attn_ob: torch.Size([1024]) (device: cuda:0)
model.decoder.layers.3.mlp.attn_nw: torch.Size([1024]) (device: cuda:0)
model.decoder.layers.3.mlp.attn_nb: torch.Size([1024]) (device: cuda:0)
model.decoder.layers.3.mlp.inter_w: torch.Size([1024, 2048]) (device: cuda:0)
model.decoder.layers.3.mlp.inter_b: torch.Size([2048]) (device: cuda:0)
model.decoder.layers.3.mlp.output_w: torch.Size([2048, 1024]) (device: cuda:0)
model.decoder.layers.3.mlp.output_b: torch.Size([1024]) (device: cuda:0)
model.decoder.layers.4.norm_w: torch.Size([1024]) (device: cuda:0)
model.decoder.layers.4.norm_b: torch.Size([1024]) (device: cuda:0)
model.decoder.layers.4.attention.attn_qkvw: torch.Size([1024, 1536]) (device: cuda:0)
model.decoder.layers.4.attention.attn_qkvb: torch.Size([1536]) (device: cuda:0)
model.decoder.layers.4.attention.attn_ow: torch.Size([512, 1024]) (device: cuda:0)
model.decoder.layers.4.attention.attn_ob: torch.Size([1024]) (device: cuda:0)
model.decoder.layers.4.mlp.attn_nw: torch.Size([1024]) (device: cuda:0)
model.decoder.layers.4.mlp.attn_nb: torch.Size([1024]) (device: cuda:0)
model.decoder.layers.4.mlp.inter_w: torch.Size([1024, 2048]) (device: cuda:0)
model.decoder.layers.4.mlp.inter_b: torch.Size([2048]) (device: cuda:0)
model.decoder.layers.4.mlp.output_w: torch.Size([2048, 1024]) (device: cuda:0)
model.decoder.layers.4.mlp.output_b: torch.Size([1024]) (device: cuda:0)
model.decoder.layers.5.norm_w: torch.Size([1024]) (device: cuda:0)
model.decoder.layers.5.norm_b: torch.Size([1024]) (device: cuda:0)
model.decoder.layers.5.attention.attn_qkvw: torch.Size([1024, 1536]) (device: cuda:0)
model.decoder.layers.5.attention.attn_qkvb: torch.Size([1536]) (device: cuda:0)
model.decoder.layers.5.attention.attn_ow: torch.Size([512, 1024]) (device: cuda:0)
model.decoder.layers.5.attention.attn_ob: torch.Size([1024]) (device: cuda:0)
model.decoder.layers.5.mlp.attn_nw: torch.Size([1024]) (device: cuda:0)
model.decoder.layers.5.mlp.attn_nb: torch.Size([1024]) (device: cuda:0)
model.decoder.layers.5.mlp.inter_w: torch.Size([1024, 2048]) (device: cuda:0)
model.decoder.layers.5.mlp.inter_b: torch.Size([2048]) (device: cuda:0)
model.decoder.layers.5.mlp.output_w: torch.Size([2048, 1024]) (device: cuda:0)
model.decoder.layers.5.mlp.output_b: torch.Size([1024]) (device: cuda:0)
model.decoder.layers.6.norm_w: torch.Size([1024]) (device: cuda:0)
model.decoder.layers.6.norm_b: torch.Size([1024]) (device: cuda:0)
model.decoder.layers.6.attention.attn_qkvw: torch.Size([1024, 1536]) (device: cuda:0)
model.decoder.layers.6.attention.attn_qkvb: torch.Size([1536]) (device: cuda:0)
model.decoder.layers.6.attention.attn_ow: torch.Size([512, 1024]) (device: cuda:0)
model.decoder.layers.6.attention.attn_ob: torch.Size([1024]) (device: cuda:0)
model.decoder.layers.6.mlp.attn_nw: torch.Size([1024]) (device: cuda:0)
model.decoder.layers.6.mlp.attn_nb: torch.Size([1024]) (device: cuda:0)
model.decoder.layers.6.mlp.inter_w: torch.Size([1024, 2048]) (device: cuda:0)
model.decoder.layers.6.mlp.inter_b: torch.Size([2048]) (device: cuda:0)
model.decoder.layers.6.mlp.output_w: torch.Size([2048, 1024]) (device: cuda:0)
model.decoder.layers.6.mlp.output_b: torch.Size([1024]) (device: cuda:0)
model.decoder.layers.7.norm_w: torch.Size([1024]) (device: cuda:0)
model.decoder.layers.7.norm_b: torch.Size([1024]) (device: cuda:0)
model.decoder.layers.7.attention.attn_qkvw: torch.Size([1024, 1536]) (device: cuda:0)
model.decoder.layers.7.attention.attn_qkvb: torch.Size([1536]) (device: cuda:0)
model.decoder.layers.7.attention.attn_ow: torch.Size([512, 1024]) (device: cuda:0)
model.decoder.layers.7.attention.attn_ob: torch.Size([1024]) (device: cuda:0)
model.decoder.layers.7.mlp.attn_nw: torch.Size([1024]) (device: cuda:0)
model.decoder.layers.7.mlp.attn_nb: torch.Size([1024]) (device: cuda:0)
model.decoder.layers.7.mlp.inter_w: torch.Size([1024, 2048]) (device: cuda:0)
model.decoder.layers.7.mlp.inter_b: torch.Size([2048]) (device: cuda:0)
model.decoder.layers.7.mlp.output_w: torch.Size([2048, 1024]) (device: cuda:0)
model.decoder.layers.7.mlp.output_b: torch.Size([1024]) (device: cuda:0)
model.decoder.layers.8.norm_w: torch.Size([1024]) (device: cuda:0)
model.decoder.layers.8.norm_b: torch.Size([1024]) (device: cuda:0)
model.decoder.layers.8.attention.attn_qkvw: torch.Size([1024, 1536]) (device: cuda:0)
model.decoder.layers.8.attention.attn_qkvb: torch.Size([1536]) (device: cuda:0)
model.decoder.layers.8.attention.attn_ow: torch.Size([512, 1024]) (device: cuda:0)
model.decoder.layers.8.attention.attn_ob: torch.Size([1024]) (device: cuda:0)
model.decoder.layers.8.mlp.attn_nw: torch.Size([1024]) (device: cuda:0)
model.decoder.layers.8.mlp.attn_nb: torch.Size([1024]) (device: cuda:0)
model.decoder.layers.8.mlp.inter_w: torch.Size([1024, 2048]) (device: cuda:0)
model.decoder.layers.8.mlp.inter_b: torch.Size([2048]) (device: cuda:0)
model.decoder.layers.8.mlp.output_w: torch.Size([2048, 1024]) (device: cuda:0)
model.decoder.layers.8.mlp.output_b: torch.Size([1024]) (device: cuda:0)
model.decoder.layers.9.norm_w: torch.Size([1024]) (device: cuda:0)
model.decoder.layers.9.norm_b: torch.Size([1024]) (device: cuda:0)
model.decoder.layers.9.attention.attn_qkvw: torch.Size([1024, 1536]) (device: cuda:0)
model.decoder.layers.9.attention.attn_qkvb: torch.Size([1536]) (device: cuda:0)
model.decoder.layers.9.attention.attn_ow: torch.Size([512, 1024]) (device: cuda:0)
model.decoder.layers.9.attention.attn_ob: torch.Size([1024]) (device: cuda:0)
model.decoder.layers.9.mlp.attn_nw: torch.Size([1024]) (device: cuda:0)
model.decoder.layers.9.mlp.attn_nb: torch.Size([1024]) (device: cuda:0)
model.decoder.layers.9.mlp.inter_w: torch.Size([1024, 2048]) (device: cuda:0)
model.decoder.layers.9.mlp.inter_b: torch.Size([2048]) (device: cuda:0)
model.decoder.layers.9.mlp.output_w: torch.Size([2048, 1024]) (device: cuda:0)
model.decoder.layers.9.mlp.output_b: torch.Size([1024]) (device: cuda:0)
model.decoder.layers.10.norm_w: torch.Size([1024]) (device: cuda:0)
model.decoder.layers.10.norm_b: torch.Size([1024]) (device: cuda:0)
model.decoder.layers.10.attention.attn_qkvw: torch.Size([1024, 1536]) (device: cuda:0)
model.decoder.layers.10.attention.attn_qkvb: torch.Size([1536]) (device: cuda:0)
model.decoder.layers.10.attention.attn_ow: torch.Size([512, 1024]) (device: cuda:0)
model.decoder.layers.10.attention.attn_ob: torch.Size([1024]) (device: cuda:0)
model.decoder.layers.10.mlp.attn_nw: torch.Size([1024]) (device: cuda:0)
model.decoder.layers.10.mlp.attn_nb: torch.Size([1024]) (device: cuda:0)
model.decoder.layers.10.mlp.inter_w: torch.Size([1024, 2048]) (device: cuda:0)
model.decoder.layers.10.mlp.inter_b: torch.Size([2048]) (device: cuda:0)
model.decoder.layers.10.mlp.output_w: torch.Size([2048, 1024]) (device: cuda:0)
model.decoder.layers.10.mlp.output_b: torch.Size([1024]) (device: cuda:0)
model.decoder.layers.11.norm_w: torch.Size([1024]) (device: cuda:0)
model.decoder.layers.11.norm_b: torch.Size([1024]) (device: cuda:0)
model.decoder.layers.11.attention.attn_qkvw: torch.Size([1024, 1536]) (device: cuda:0)
model.decoder.layers.11.attention.attn_qkvb: torch.Size([1536]) (device: cuda:0)
model.decoder.layers.11.attention.attn_ow: torch.Size([512, 1024]) (device: cuda:0)
model.decoder.layers.11.attention.attn_ob: torch.Size([1024]) (device: cuda:0)
model.decoder.layers.11.mlp.attn_nw: torch.Size([1024]) (device: cuda:0)
model.decoder.layers.11.mlp.attn_nb: torch.Size([1024]) (device: cuda:0)
model.decoder.layers.11.mlp.inter_w: torch.Size([1024, 2048]) (device: cuda:0)
model.decoder.layers.11.mlp.inter_b: torch.Size([2048]) (device: cuda:0)
model.decoder.layers.11.mlp.output_w: torch.Size([2048, 1024]) (device: cuda:0)
model.decoder.layers.11.mlp.output_b: torch.Size([1024]) (device: cuda:0)
model.decoder.layers.12.norm_w: torch.Size([1024]) (device: cuda:0)
model.decoder.layers.12.norm_b: torch.Size([1024]) (device: cuda:0)
model.decoder.layers.12.attention.attn_qkvw: torch.Size([1024, 1536]) (device: cuda:0)
model.decoder.layers.12.attention.attn_qkvb: torch.Size([1536]) (device: cuda:0)
model.decoder.layers.12.attention.attn_ow: torch.Size([512, 1024]) (device: cuda:0)
model.decoder.layers.12.attention.attn_ob: torch.Size([1024]) (device: cuda:0)
model.decoder.layers.12.mlp.attn_nw: torch.Size([1024]) (device: cuda:0)
model.decoder.layers.12.mlp.attn_nb: torch.Size([1024]) (device: cuda:0)
model.decoder.layers.12.mlp.inter_w: torch.Size([1024, 2048]) (device: cuda:0)
model.decoder.layers.12.mlp.inter_b: torch.Size([2048]) (device: cuda:0)
model.decoder.layers.12.mlp.output_w: torch.Size([2048, 1024]) (device: cuda:0)
model.decoder.layers.12.mlp.output_b: torch.Size([1024]) (device: cuda:0)
model.decoder.layers.13.norm_w: torch.Size([1024]) (device: cuda:0)
model.decoder.layers.13.norm_b: torch.Size([1024]) (device: cuda:0)
model.decoder.layers.13.attention.attn_qkvw: torch.Size([1024, 1536]) (device: cuda:0)
model.decoder.layers.13.attention.attn_qkvb: torch.Size([1536]) (device: cuda:0)
model.decoder.layers.13.attention.attn_ow: torch.Size([512, 1024]) (device: cuda:0)
model.decoder.layers.13.attention.attn_ob: torch.Size([1024]) (device: cuda:0)
model.decoder.layers.13.mlp.attn_nw: torch.Size([1024]) (device: cuda:0)
model.decoder.layers.13.mlp.attn_nb: torch.Size([1024]) (device: cuda:0)
model.decoder.layers.13.mlp.inter_w: torch.Size([1024, 2048]) (device: cuda:0)
model.decoder.layers.13.mlp.inter_b: torch.Size([2048]) (device: cuda:0)
model.decoder.layers.13.mlp.output_w: torch.Size([2048, 1024]) (device: cuda:0)
model.decoder.layers.13.mlp.output_b: torch.Size([1024]) (device: cuda:0)
model.decoder.layers.14.norm_w: torch.Size([1024]) (device: cuda:0)
model.decoder.layers.14.norm_b: torch.Size([1024]) (device: cuda:0)
model.decoder.layers.14.attention.attn_qkvw: torch.Size([1024, 1536]) (device: cuda:0)
model.decoder.layers.14.attention.attn_qkvb: torch.Size([1536]) (device: cuda:0)
model.decoder.layers.14.attention.attn_ow: torch.Size([512, 1024]) (device: cuda:0)
model.decoder.layers.14.attention.attn_ob: torch.Size([1024]) (device: cuda:0)
model.decoder.layers.14.mlp.attn_nw: torch.Size([1024]) (device: cuda:0)
model.decoder.layers.14.mlp.attn_nb: torch.Size([1024]) (device: cuda:0)
model.decoder.layers.14.mlp.inter_w: torch.Size([1024, 2048]) (device: cuda:0)
model.decoder.layers.14.mlp.inter_b: torch.Size([2048]) (device: cuda:0)
model.decoder.layers.14.mlp.output_w: torch.Size([2048, 1024]) (device: cuda:0)
model.decoder.layers.14.mlp.output_b: torch.Size([1024]) (device: cuda:0)
model.decoder.layers.15.norm_w: torch.Size([1024]) (device: cuda:0)
model.decoder.layers.15.norm_b: torch.Size([1024]) (device: cuda:0)
model.decoder.layers.15.attention.attn_qkvw: torch.Size([1024, 1536]) (device: cuda:0)
model.decoder.layers.15.attention.attn_qkvb: torch.Size([1536]) (device: cuda:0)
model.decoder.layers.15.attention.attn_ow: torch.Size([512, 1024]) (device: cuda:0)
model.decoder.layers.15.attention.attn_ob: torch.Size([1024]) (device: cuda:0)
model.decoder.layers.15.mlp.attn_nw: torch.Size([1024]) (device: cuda:0)
model.decoder.layers.15.mlp.attn_nb: torch.Size([1024]) (device: cuda:0)
model.decoder.layers.15.mlp.inter_w: torch.Size([1024, 2048]) (device: cuda:0)
model.decoder.layers.15.mlp.inter_b: torch.Size([2048]) (device: cuda:0)
model.decoder.layers.15.mlp.output_w: torch.Size([2048, 1024]) (device: cuda:0)
model.decoder.layers.15.mlp.output_b: torch.Size([1024]) (device: cuda:0)
model.decoder.layers.16.norm_w: torch.Size([1024]) (device: cuda:0)
model.decoder.layers.16.norm_b: torch.Size([1024]) (device: cuda:0)
model.decoder.layers.16.attention.attn_qkvw: torch.Size([1024, 1536]) (device: cuda:0)
model.decoder.layers.16.attention.attn_qkvb: torch.Size([1536]) (device: cuda:0)
model.decoder.layers.16.attention.attn_ow: torch.Size([512, 1024]) (device: cuda:0)
model.decoder.layers.16.attention.attn_ob: torch.Size([1024]) (device: cuda:0)
model.decoder.layers.16.mlp.attn_nw: torch.Size([1024]) (device: cuda:0)
model.decoder.layers.16.mlp.attn_nb: torch.Size([1024]) (device: cuda:0)
model.decoder.layers.16.mlp.inter_w: torch.Size([1024, 2048]) (device: cuda:0)
model.decoder.layers.16.mlp.inter_b: torch.Size([2048]) (device: cuda:0)
model.decoder.layers.16.mlp.output_w: torch.Size([2048, 1024]) (device: cuda:0)
model.decoder.layers.16.mlp.output_b: torch.Size([1024]) (device: cuda:0)
model.decoder.layers.17.norm_w: torch.Size([1024]) (device: cuda:0)
model.decoder.layers.17.norm_b: torch.Size([1024]) (device: cuda:0)
model.decoder.layers.17.attention.attn_qkvw: torch.Size([1024, 1536]) (device: cuda:0)
model.decoder.layers.17.attention.attn_qkvb: torch.Size([1536]) (device: cuda:0)
model.decoder.layers.17.attention.attn_ow: torch.Size([512, 1024]) (device: cuda:0)
model.decoder.layers.17.attention.attn_ob: torch.Size([1024]) (device: cuda:0)
model.decoder.layers.17.mlp.attn_nw: torch.Size([1024]) (device: cuda:0)
model.decoder.layers.17.mlp.attn_nb: torch.Size([1024]) (device: cuda:0)
model.decoder.layers.17.mlp.inter_w: torch.Size([1024, 2048]) (device: cuda:0)
model.decoder.layers.17.mlp.inter_b: torch.Size([2048]) (device: cuda:0)
model.decoder.layers.17.mlp.output_w: torch.Size([2048, 1024]) (device: cuda:0)
model.decoder.layers.17.mlp.output_b: torch.Size([1024]) (device: cuda:0)
model.decoder.layers.18.norm_w: torch.Size([1024]) (device: cuda:0)
model.decoder.layers.18.norm_b: torch.Size([1024]) (device: cuda:0)
model.decoder.layers.18.attention.attn_qkvw: torch.Size([1024, 1536]) (device: cuda:0)
model.decoder.layers.18.attention.attn_qkvb: torch.Size([1536]) (device: cuda:0)
model.decoder.layers.18.attention.attn_ow: torch.Size([512, 1024]) (device: cuda:0)
model.decoder.layers.18.attention.attn_ob: torch.Size([1024]) (device: cuda:0)
model.decoder.layers.18.mlp.attn_nw: torch.Size([1024]) (device: cuda:0)
model.decoder.layers.18.mlp.attn_nb: torch.Size([1024]) (device: cuda:0)
model.decoder.layers.18.mlp.inter_w: torch.Size([1024, 2048]) (device: cuda:0)
model.decoder.layers.18.mlp.inter_b: torch.Size([2048]) (device: cuda:0)
model.decoder.layers.18.mlp.output_w: torch.Size([2048, 1024]) (device: cuda:0)
model.decoder.layers.18.mlp.output_b: torch.Size([1024]) (device: cuda:0)
model.decoder.layers.19.norm_w: torch.Size([1024]) (device: cuda:0)
model.decoder.layers.19.norm_b: torch.Size([1024]) (device: cuda:0)
model.decoder.layers.19.attention.attn_qkvw: torch.Size([1024, 1536]) (device: cuda:0)
model.decoder.layers.19.attention.attn_qkvb: torch.Size([1536]) (device: cuda:0)
model.decoder.layers.19.attention.attn_ow: torch.Size([512, 1024]) (device: cuda:0)
model.decoder.layers.19.attention.attn_ob: torch.Size([1024]) (device: cuda:0)
model.decoder.layers.19.mlp.attn_nw: torch.Size([1024]) (device: cuda:0)
model.decoder.layers.19.mlp.attn_nb: torch.Size([1024]) (device: cuda:0)
model.decoder.layers.19.mlp.inter_w: torch.Size([1024, 2048]) (device: cuda:0)
model.decoder.layers.19.mlp.inter_b: torch.Size([2048]) (device: cuda:0)
model.decoder.layers.19.mlp.output_w: torch.Size([2048, 1024]) (device: cuda:0)
model.decoder.layers.19.mlp.output_b: torch.Size([1024]) (device: cuda:0)
model.decoder.layers.20.norm_w: torch.Size([1024]) (device: cuda:0)
model.decoder.layers.20.norm_b: torch.Size([1024]) (device: cuda:0)
model.decoder.layers.20.attention.attn_qkvw: torch.Size([1024, 1536]) (device: cuda:0)
model.decoder.layers.20.attention.attn_qkvb: torch.Size([1536]) (device: cuda:0)
model.decoder.layers.20.attention.attn_ow: torch.Size([512, 1024]) (device: cuda:0)
model.decoder.layers.20.attention.attn_ob: torch.Size([1024]) (device: cuda:0)
model.decoder.layers.20.mlp.attn_nw: torch.Size([1024]) (device: cuda:0)
model.decoder.layers.20.mlp.attn_nb: torch.Size([1024]) (device: cuda:0)
model.decoder.layers.20.mlp.inter_w: torch.Size([1024, 2048]) (device: cuda:0)
model.decoder.layers.20.mlp.inter_b: torch.Size([2048]) (device: cuda:0)
model.decoder.layers.20.mlp.output_w: torch.Size([2048, 1024]) (device: cuda:0)
model.decoder.layers.20.mlp.output_b: torch.Size([1024]) (device: cuda:0)
model.decoder.layers.21.norm_w: torch.Size([1024]) (device: cuda:0)
model.decoder.layers.21.norm_b: torch.Size([1024]) (device: cuda:0)
model.decoder.layers.21.attention.attn_qkvw: torch.Size([1024, 1536]) (device: cuda:0)
model.decoder.layers.21.attention.attn_qkvb: torch.Size([1536]) (device: cuda:0)
model.decoder.layers.21.attention.attn_ow: torch.Size([512, 1024]) (device: cuda:0)
model.decoder.layers.21.attention.attn_ob: torch.Size([1024]) (device: cuda:0)
model.decoder.layers.21.mlp.attn_nw: torch.Size([1024]) (device: cuda:0)
model.decoder.layers.21.mlp.attn_nb: torch.Size([1024]) (device: cuda:0)
model.decoder.layers.21.mlp.inter_w: torch.Size([1024, 2048]) (device: cuda:0)
model.decoder.layers.21.mlp.inter_b: torch.Size([2048]) (device: cuda:0)
model.decoder.layers.21.mlp.output_w: torch.Size([2048, 1024]) (device: cuda:0)
model.decoder.layers.21.mlp.output_b: torch.Size([1024]) (device: cuda:0)
model.decoder.layers.22.norm_w: torch.Size([1024]) (device: cuda:0)
model.decoder.layers.22.norm_b: torch.Size([1024]) (device: cuda:0)
model.decoder.layers.22.attention.attn_qkvw: torch.Size([1024, 1536]) (device: cuda:0)
model.decoder.layers.22.attention.attn_qkvb: torch.Size([1536]) (device: cuda:0)
model.decoder.layers.22.attention.attn_ow: torch.Size([512, 1024]) (device: cuda:0)
model.decoder.layers.22.attention.attn_ob: torch.Size([1024]) (device: cuda:0)
model.decoder.layers.22.mlp.attn_nw: torch.Size([1024]) (device: cuda:0)
model.decoder.layers.22.mlp.attn_nb: torch.Size([1024]) (device: cuda:0)
model.decoder.layers.22.mlp.inter_w: torch.Size([1024, 2048]) (device: cuda:0)
model.decoder.layers.22.mlp.inter_b: torch.Size([2048]) (device: cuda:0)
model.decoder.layers.22.mlp.output_w: torch.Size([2048, 1024]) (device: cuda:0)
model.decoder.layers.22.mlp.output_b: torch.Size([1024]) (device: cuda:0)
model.decoder.layers.23.norm_w: torch.Size([1024]) (device: cuda:0)
model.decoder.layers.23.norm_b: torch.Size([1024]) (device: cuda:0)
model.decoder.layers.23.attention.attn_qkvw: torch.Size([1024, 1536]) (device: cuda:0)
model.decoder.layers.23.attention.attn_qkvb: torch.Size([1536]) (device: cuda:0)
model.decoder.layers.23.attention.attn_ow: torch.Size([512, 1024]) (device: cuda:0)
model.decoder.layers.23.attention.attn_ob: torch.Size([1024]) (device: cuda:0)
model.decoder.layers.23.mlp.attn_nw: torch.Size([1024]) (device: cuda:0)
model.decoder.layers.23.mlp.attn_nb: torch.Size([1024]) (device: cuda:0)
model.decoder.layers.23.mlp.inter_w: torch.Size([1024, 2048]) (device: cuda:0)
model.decoder.layers.23.mlp.inter_b: torch.Size([2048]) (device: cuda:0)
model.decoder.layers.23.mlp.output_w: torch.Size([2048, 1024]) (device: cuda:0)
model.decoder.layers.23.mlp.output_b: torch.Size([1024]) (device: cuda:0)
model.decoder.embed_tokens.weight: torch.Size([50272, 512]) (device: cuda:1)
model.decoder.embed_positions.weight: torch.Size([2050, 1024]) (device: cuda:1)
model.decoder.project_out.weight: torch.Size([512, 1024]) (device: cuda:1)
model.decoder.project_in.weight: torch.Size([1024, 512]) (device: cuda:1)
model.decoder.layers.0.norm_w: torch.Size([1024]) (device: cuda:1)
model.decoder.layers.0.norm_b: torch.Size([1024]) (device: cuda:1)
model.decoder.layers.0.attention.attn_qkvw: torch.Size([1024, 1536]) (device: cuda:1)
model.decoder.layers.0.attention.attn_qkvb: torch.Size([1536]) (device: cuda:1)
model.decoder.layers.0.attention.attn_ow: torch.Size([512, 1024]) (device: cuda:1)
model.decoder.layers.0.attention.attn_ob: torch.Size([1024]) (device: cuda:1)
model.decoder.layers.0.mlp.attn_nw: torch.Size([1024]) (device: cuda:1)
model.decoder.layers.0.mlp.attn_nb: torch.Size([1024]) (device: cuda:1)
model.decoder.layers.0.mlp.inter_w: torch.Size([1024, 2048]) (device: cuda:1)
model.decoder.layers.0.mlp.inter_b: torch.Size([2048]) (device: cuda:1)
model.decoder.layers.0.mlp.output_w: torch.Size([2048, 1024]) (device: cuda:1)
model.decoder.layers.0.mlp.output_b: torch.Size([1024]) (device: cuda:1)
model.decoder.layers.1.norm_w: torch.Size([1024]) (device: cuda:1)
model.decoder.layers.1.norm_b: torch.Size([1024]) (device: cuda:1)
model.decoder.layers.1.attention.attn_qkvw: torch.Size([1024, 1536]) (device: cuda:1)
model.decoder.layers.1.attention.attn_qkvb: torch.Size([1536]) (device: cuda:1)
model.decoder.layers.1.attention.attn_ow: torch.Size([512, 1024]) (device: cuda:1)
model.decoder.layers.1.attention.attn_ob: torch.Size([1024]) (device: cuda:1)
model.decoder.layers.1.mlp.attn_nw: torch.Size([1024]) (device: cuda:1)
model.decoder.layers.1.mlp.attn_nb: torch.Size([1024]) (device: cuda:1)
model.decoder.layers.1.mlp.inter_w: torch.Size([1024, 2048]) (device: cuda:1)
model.decoder.layers.1.mlp.inter_b: torch.Size([2048]) (device: cuda:1)
model.decoder.layers.1.mlp.output_w: torch.Size([2048, 1024]) (device: cuda:1)
model.decoder.layers.1.mlp.output_b: torch.Size([1024]) (device: cuda:1)
model.decoder.layers.2.norm_w: torch.Size([1024]) (device: cuda:1)
model.decoder.layers.2.norm_b: torch.Size([1024]) (device: cuda:1)
model.decoder.layers.2.attention.attn_qkvw: torch.Size([1024, 1536]) (device: cuda:1)
model.decoder.layers.2.attention.attn_qkvb: torch.Size([1536]) (device: cuda:1)
model.decoder.layers.2.attention.attn_ow: torch.Size([512, 1024]) (device: cuda:1)
model.decoder.layers.2.attention.attn_ob: torch.Size([1024]) (device: cuda:1)
model.decoder.layers.2.mlp.attn_nw: torch.Size([1024]) (device: cuda:1)
model.decoder.layers.2.mlp.attn_nb: torch.Size([1024]) (device: cuda:1)
model.decoder.layers.2.mlp.inter_w: torch.Size([1024, 2048]) (device: cuda:1)
model.decoder.layers.2.mlp.inter_b: torch.Size([2048]) (device: cuda:1)
model.decoder.layers.2.mlp.output_w: torch.Size([2048, 1024]) (device: cuda:1)
model.decoder.layers.2.mlp.output_b: torch.Size([1024]) (device: cuda:1)
model.decoder.layers.3.norm_w: torch.Size([1024]) (device: cuda:1)
model.decoder.layers.3.norm_b: torch.Size([1024]) (device: cuda:1)
model.decoder.layers.3.attention.attn_qkvw: torch.Size([1024, 1536]) (device: cuda:1)
model.decoder.layers.3.attention.attn_qkvb: torch.Size([1536]) (device: cuda:1)
model.decoder.layers.3.attention.attn_ow: torch.Size([512, 1024]) (device: cuda:1)
model.decoder.layers.3.attention.attn_ob: torch.Size([1024]) (device: cuda:1)
model.decoder.layers.3.mlp.attn_nw: torch.Size([1024]) (device: cuda:1)
model.decoder.layers.3.mlp.attn_nb: torch.Size([1024]) (device: cuda:1)
model.decoder.layers.3.mlp.inter_w: torch.Size([1024, 2048]) (device: cuda:1)
model.decoder.layers.3.mlp.inter_b: torch.Size([2048]) (device: cuda:1)
model.decoder.layers.3.mlp.output_w: torch.Size([2048, 1024]) (device: cuda:1)
model.decoder.layers.3.mlp.output_b: torch.Size([1024]) (device: cuda:1)
model.decoder.layers.4.norm_w: torch.Size([1024]) (device: cuda:1)
model.decoder.layers.4.norm_b: torch.Size([1024]) (device: cuda:1)
model.decoder.layers.4.attention.attn_qkvw: torch.Size([1024, 1536]) (device: cuda:1)
model.decoder.layers.4.attention.attn_qkvb: torch.Size([1536]) (device: cuda:1)
model.decoder.layers.4.attention.attn_ow: torch.Size([512, 1024]) (device: cuda:1)
model.decoder.layers.4.attention.attn_ob: torch.Size([1024]) (device: cuda:1)
model.decoder.layers.4.mlp.attn_nw: torch.Size([1024]) (device: cuda:1)
model.decoder.layers.4.mlp.attn_nb: torch.Size([1024]) (device: cuda:1)
model.decoder.layers.4.mlp.inter_w: torch.Size([1024, 2048]) (device: cuda:1)
model.decoder.layers.4.mlp.inter_b: torch.Size([2048]) (device: cuda:1)
model.decoder.layers.4.mlp.output_w: torch.Size([2048, 1024]) (device: cuda:1)
model.decoder.layers.4.mlp.output_b: torch.Size([1024]) (device: cuda:1)
model.decoder.layers.5.norm_w: torch.Size([1024]) (device: cuda:1)
model.decoder.layers.5.norm_b: torch.Size([1024]) (device: cuda:1)
model.decoder.layers.5.attention.attn_qkvw: torch.Size([1024, 1536]) (device: cuda:1)
model.decoder.layers.5.attention.attn_qkvb: torch.Size([1536]) (device: cuda:1)
model.decoder.layers.5.attention.attn_ow: torch.Size([512, 1024]) (device: cuda:1)
model.decoder.layers.5.attention.attn_ob: torch.Size([1024]) (device: cuda:1)
model.decoder.layers.5.mlp.attn_nw: torch.Size([1024]) (device: cuda:1)
model.decoder.layers.5.mlp.attn_nb: torch.Size([1024]) (device: cuda:1)
model.decoder.layers.5.mlp.inter_w: torch.Size([1024, 2048]) (device: cuda:1)
model.decoder.layers.5.mlp.inter_b: torch.Size([2048]) (device: cuda:1)
model.decoder.layers.5.mlp.output_w: torch.Size([2048, 1024]) (device: cuda:1)
model.decoder.layers.5.mlp.output_b: torch.Size([1024]) (device: cuda:1)
model.decoder.layers.6.norm_w: torch.Size([1024]) (device: cuda:1)
model.decoder.layers.6.norm_b: torch.Size([1024]) (device: cuda:1)
model.decoder.layers.6.attention.attn_qkvw: torch.Size([1024, 1536]) (device: cuda:1)
model.decoder.layers.6.attention.attn_qkvb: torch.Size([1536]) (device: cuda:1)
model.decoder.layers.6.attention.attn_ow: torch.Size([512, 1024]) (device: cuda:1)
model.decoder.layers.6.attention.attn_ob: torch.Size([1024]) (device: cuda:1)
model.decoder.layers.6.mlp.attn_nw: torch.Size([1024]) (device: cuda:1)
model.decoder.layers.6.mlp.attn_nb: torch.Size([1024]) (device: cuda:1)
model.decoder.layers.6.mlp.inter_w: torch.Size([1024, 2048]) (device: cuda:1)
model.decoder.layers.6.mlp.inter_b: torch.Size([2048]) (device: cuda:1)
model.decoder.layers.6.mlp.output_w: torch.Size([2048, 1024]) (device: cuda:1)
model.decoder.layers.6.mlp.output_b: torch.Size([1024]) (device: cuda:1)
model.decoder.layers.7.norm_w: torch.Size([1024]) (device: cuda:1)
model.decoder.layers.7.norm_b: torch.Size([1024]) (device: cuda:1)
model.decoder.layers.7.attention.attn_qkvw: torch.Size([1024, 1536]) (device: cuda:1)
model.decoder.layers.7.attention.attn_qkvb: torch.Size([1536]) (device: cuda:1)
model.decoder.layers.7.attention.attn_ow: torch.Size([512, 1024]) (device: cuda:1)
model.decoder.layers.7.attention.attn_ob: torch.Size([1024]) (device: cuda:1)
model.decoder.layers.7.mlp.attn_nw: torch.Size([1024]) (device: cuda:1)
model.decoder.layers.7.mlp.attn_nb: torch.Size([1024]) (device: cuda:1)
model.decoder.layers.7.mlp.inter_w: torch.Size([1024, 2048]) (device: cuda:1)
model.decoder.layers.7.mlp.inter_b: torch.Size([2048]) (device: cuda:1)
model.decoder.layers.7.mlp.output_w: torch.Size([2048, 1024]) (device: cuda:1)
model.decoder.layers.7.mlp.output_b: torch.Size([1024]) (device: cuda:1)
model.decoder.layers.8.norm_w: torch.Size([1024]) (device: cuda:1)
model.decoder.layers.8.norm_b: torch.Size([1024]) (device: cuda:1)
model.decoder.layers.8.attention.attn_qkvw: torch.Size([1024, 1536]) (device: cuda:1)
model.decoder.layers.8.attention.attn_qkvb: torch.Size([1536]) (device: cuda:1)
model.decoder.layers.8.attention.attn_ow: torch.Size([512, 1024]) (device: cuda:1)
model.decoder.layers.8.attention.attn_ob: torch.Size([1024]) (device: cuda:1)
model.decoder.layers.8.mlp.attn_nw: torch.Size([1024]) (device: cuda:1)
model.decoder.layers.8.mlp.attn_nb: torch.Size([1024]) (device: cuda:1)
model.decoder.layers.8.mlp.inter_w: torch.Size([1024, 2048]) (device: cuda:1)
model.decoder.layers.8.mlp.inter_b: torch.Size([2048]) (device: cuda:1)
model.decoder.layers.8.mlp.output_w: torch.Size([2048, 1024]) (device: cuda:1)
model.decoder.layers.8.mlp.output_b: torch.Size([1024]) (device: cuda:1)
model.decoder.layers.9.norm_w: torch.Size([1024]) (device: cuda:1)
model.decoder.layers.9.norm_b: torch.Size([1024]) (device: cuda:1)
model.decoder.layers.9.attention.attn_qkvw: torch.Size([1024, 1536]) (device: cuda:1)
model.decoder.layers.9.attention.attn_qkvb: torch.Size([1536]) (device: cuda:1)
model.decoder.layers.9.attention.attn_ow: torch.Size([512, 1024]) (device: cuda:1)
model.decoder.layers.9.attention.attn_ob: torch.Size([1024]) (device: cuda:1)
model.decoder.layers.9.mlp.attn_nw: torch.Size([1024]) (device: cuda:1)
model.decoder.layers.9.mlp.attn_nb: torch.Size([1024]) (device: cuda:1)
model.decoder.layers.9.mlp.inter_w: torch.Size([1024, 2048]) (device: cuda:1)
model.decoder.layers.9.mlp.inter_b: torch.Size([2048]) (device: cuda:1)
model.decoder.layers.9.mlp.output_w: torch.Size([2048, 1024]) (device: cuda:1)
model.decoder.layers.9.mlp.output_b: torch.Size([1024]) (device: cuda:1)
model.decoder.layers.10.norm_w: torch.Size([1024]) (device: cuda:1)
model.decoder.layers.10.norm_b: torch.Size([1024]) (device: cuda:1)
model.decoder.layers.10.attention.attn_qkvw: torch.Size([1024, 1536]) (device: cuda:1)
model.decoder.layers.10.attention.attn_qkvb: torch.Size([1536]) (device: cuda:1)
model.decoder.layers.10.attention.attn_ow: torch.Size([512, 1024]) (device: cuda:1)
model.decoder.layers.10.attention.attn_ob: torch.Size([1024]) (device: cuda:1)
model.decoder.layers.10.mlp.attn_nw: torch.Size([1024]) (device: cuda:1)
model.decoder.layers.10.mlp.attn_nb: torch.Size([1024]) (device: cuda:1)
model.decoder.layers.10.mlp.inter_w: torch.Size([1024, 2048]) (device: cuda:1)
model.decoder.layers.10.mlp.inter_b: torch.Size([2048]) (device: cuda:1)
model.decoder.layers.10.mlp.output_w: torch.Size([2048, 1024]) (device: cuda:1)
model.decoder.layers.10.mlp.output_b: torch.Size([1024]) (device: cuda:1)
model.decoder.layers.11.norm_w: torch.Size([1024]) (device: cuda:1)
model.decoder.layers.11.norm_b: torch.Size([1024]) (device: cuda:1)
model.decoder.layers.11.attention.attn_qkvw: torch.Size([1024, 1536]) (device: cuda:1)
model.decoder.layers.11.attention.attn_qkvb: torch.Size([1536]) (device: cuda:1)
model.decoder.layers.11.attention.attn_ow: torch.Size([512, 1024]) (device: cuda:1)
model.decoder.layers.11.attention.attn_ob: torch.Size([1024]) (device: cuda:1)
model.decoder.layers.11.mlp.attn_nw: torch.Size([1024]) (device: cuda:1)
model.decoder.layers.11.mlp.attn_nb: torch.Size([1024]) (device: cuda:1)
model.decoder.layers.11.mlp.inter_w: torch.Size([1024, 2048]) (device: cuda:1)
model.decoder.layers.11.mlp.inter_b: torch.Size([2048]) (device: cuda:1)
model.decoder.layers.11.mlp.output_w: torch.Size([2048, 1024]) (device: cuda:1)
model.decoder.layers.11.mlp.output_b: torch.Size([1024]) (device: cuda:1)
model.decoder.layers.12.norm_w: torch.Size([1024]) (device: cuda:1)
model.decoder.layers.12.norm_b: torch.Size([1024]) (device: cuda:1)
model.decoder.layers.12.attention.attn_qkvw: torch.Size([1024, 1536]) (device: cuda:1)
model.decoder.layers.12.attention.attn_qkvb: torch.Size([1536]) (device: cuda:1)
model.decoder.layers.12.attention.attn_ow: torch.Size([512, 1024]) (device: cuda:1)
model.decoder.layers.12.attention.attn_ob: torch.Size([1024]) (device: cuda:1)
model.decoder.layers.12.mlp.attn_nw: torch.Size([1024]) (device: cuda:1)
model.decoder.layers.12.mlp.attn_nb: torch.Size([1024]) (device: cuda:1)
model.decoder.layers.12.mlp.inter_w: torch.Size([1024, 2048]) (device: cuda:1)
model.decoder.layers.12.mlp.inter_b: torch.Size([2048]) (device: cuda:1)
model.decoder.layers.12.mlp.output_w: torch.Size([2048, 1024]) (device: cuda:1)
model.decoder.layers.12.mlp.output_b: torch.Size([1024]) (device: cuda:1)
model.decoder.layers.13.norm_w: torch.Size([1024]) (device: cuda:1)
model.decoder.layers.13.norm_b: torch.Size([1024]) (device: cuda:1)
model.decoder.layers.13.attention.attn_qkvw: torch.Size([1024, 1536]) (device: cuda:1)
model.decoder.layers.13.attention.attn_qkvb: torch.Size([1536]) (device: cuda:1)
model.decoder.layers.13.attention.attn_ow: torch.Size([512, 1024]) (device: cuda:1)
model.decoder.layers.13.attention.attn_ob: torch.Size([1024]) (device: cuda:1)
model.decoder.layers.13.mlp.attn_nw: torch.Size([1024]) (device: cuda:1)
model.decoder.layers.13.mlp.attn_nb: torch.Size([1024]) (device: cuda:1)
model.decoder.layers.13.mlp.inter_w: torch.Size([1024, 2048]) (device: cuda:1)
model.decoder.layers.13.mlp.inter_b: torch.Size([2048]) (device: cuda:1)
model.decoder.layers.13.mlp.output_w: torch.Size([2048, 1024]) (device: cuda:1)
model.decoder.layers.13.mlp.output_b: torch.Size([1024]) (device: cuda:1)
model.decoder.layers.14.norm_w: torch.Size([1024]) (device: cuda:1)
model.decoder.layers.14.norm_b: torch.Size([1024]) (device: cuda:1)
model.decoder.layers.14.attention.attn_qkvw: torch.Size([1024, 1536]) (device: cuda:1)
model.decoder.layers.14.attention.attn_qkvb: torch.Size([1536]) (device: cuda:1)
model.decoder.layers.14.attention.attn_ow: torch.Size([512, 1024]) (device: cuda:1)
model.decoder.layers.14.attention.attn_ob: torch.Size([1024]) (device: cuda:1)
model.decoder.layers.14.mlp.attn_nw: torch.Size([1024]) (device: cuda:1)
model.decoder.layers.14.mlp.attn_nb: torch.Size([1024]) (device: cuda:1)
model.decoder.layers.14.mlp.inter_w: torch.Size([1024, 2048]) (device: cuda:1)
model.decoder.layers.14.mlp.inter_b: torch.Size([2048]) (device: cuda:1)
model.decoder.layers.14.mlp.output_w: torch.Size([2048, 1024]) (device: cuda:1)
model.decoder.layers.14.mlp.output_b: torch.Size([1024]) (device: cuda:1)
model.decoder.layers.15.norm_w: torch.Size([1024]) (device: cuda:1)
model.decoder.layers.15.norm_b: torch.Size([1024]) (device: cuda:1)
model.decoder.layers.15.attention.attn_qkvw: torch.Size([1024, 1536]) (device: cuda:1)
model.decoder.layers.15.attention.attn_qkvb: torch.Size([1536]) (device: cuda:1)
model.decoder.layers.15.attention.attn_ow: torch.Size([512, 1024]) (device: cuda:1)
model.decoder.layers.15.attention.attn_ob: torch.Size([1024]) (device: cuda:1)
model.decoder.layers.15.mlp.attn_nw: torch.Size([1024]) (device: cuda:1)
model.decoder.layers.15.mlp.attn_nb: torch.Size([1024]) (device: cuda:1)
model.decoder.layers.15.mlp.inter_w: torch.Size([1024, 2048]) (device: cuda:1)
model.decoder.layers.15.mlp.inter_b: torch.Size([2048]) (device: cuda:1)
model.decoder.layers.15.mlp.output_w: torch.Size([2048, 1024]) (device: cuda:1)
model.decoder.layers.15.mlp.output_b: torch.Size([1024]) (device: cuda:1)
model.decoder.layers.16.norm_w: torch.Size([1024]) (device: cuda:1)
model.decoder.layers.16.norm_b: torch.Size([1024]) (device: cuda:1)
model.decoder.layers.16.attention.attn_qkvw: torch.Size([1024, 1536]) (device: cuda:1)
model.decoder.layers.16.attention.attn_qkvb: torch.Size([1536]) (device: cuda:1)
model.decoder.layers.16.attention.attn_ow: torch.Size([512, 1024]) (device: cuda:1)
model.decoder.layers.16.attention.attn_ob: torch.Size([1024]) (device: cuda:1)
model.decoder.layers.16.mlp.attn_nw: torch.Size([1024]) (device: cuda:1)
model.decoder.layers.16.mlp.attn_nb: torch.Size([1024]) (device: cuda:1)
model.decoder.layers.16.mlp.inter_w: torch.Size([1024, 2048]) (device: cuda:1)
model.decoder.layers.16.mlp.inter_b: torch.Size([2048]) (device: cuda:1)
model.decoder.layers.16.mlp.output_w: torch.Size([2048, 1024]) (device: cuda:1)
model.decoder.layers.16.mlp.output_b: torch.Size([1024]) (device: cuda:1)
model.decoder.layers.17.norm_w: torch.Size([1024]) (device: cuda:1)
model.decoder.layers.17.norm_b: torch.Size([1024]) (device: cuda:1)
model.decoder.layers.17.attention.attn_qkvw: torch.Size([1024, 1536]) (device: cuda:1)
model.decoder.layers.17.attention.attn_qkvb: torch.Size([1536]) (device: cuda:1)
model.decoder.layers.17.attention.attn_ow: torch.Size([512, 1024]) (device: cuda:1)
model.decoder.layers.17.attention.attn_ob: torch.Size([1024]) (device: cuda:1)
model.decoder.layers.17.mlp.attn_nw: torch.Size([1024]) (device: cuda:1)
model.decoder.layers.17.mlp.attn_nb: torch.Size([1024]) (device: cuda:1)
model.decoder.layers.17.mlp.inter_w: torch.Size([1024, 2048]) (device: cuda:1)
model.decoder.layers.17.mlp.inter_b: torch.Size([2048]) (device: cuda:1)
model.decoder.layers.17.mlp.output_w: torch.Size([2048, 1024]) (device: cuda:1)
model.decoder.layers.17.mlp.output_b: torch.Size([1024]) (device: cuda:1)
model.decoder.layers.18.norm_w: torch.Size([1024]) (device: cuda:1)
model.decoder.layers.18.norm_b: torch.Size([1024]) (device: cuda:1)
model.decoder.layers.18.attention.attn_qkvw: torch.Size([1024, 1536]) (device: cuda:1)
model.decoder.layers.18.attention.attn_qkvb: torch.Size([1536]) (device: cuda:1)
model.decoder.layers.18.attention.attn_ow: torch.Size([512, 1024]) (device: cuda:1)
model.decoder.layers.18.attention.attn_ob: torch.Size([1024]) (device: cuda:1)
model.decoder.layers.18.mlp.attn_nw: torch.Size([1024]) (device: cuda:1)
model.decoder.layers.18.mlp.attn_nb: torch.Size([1024]) (device: cuda:1)
model.decoder.layers.18.mlp.inter_w: torch.Size([1024, 2048]) (device: cuda:1)
model.decoder.layers.18.mlp.inter_b: torch.Size([2048]) (device: cuda:1)
model.decoder.layers.18.mlp.output_w: torch.Size([2048, 1024]) (device: cuda:1)
model.decoder.layers.18.mlp.output_b: torch.Size([1024]) (device: cuda:1)
model.decoder.layers.19.norm_w: torch.Size([1024]) (device: cuda:1)
model.decoder.layers.19.norm_b: torch.Size([1024]) (device: cuda:1)
model.decoder.layers.19.attention.attn_qkvw: torch.Size([1024, 1536]) (device: cuda:1)
model.decoder.layers.19.attention.attn_qkvb: torch.Size([1536]) (device: cuda:1)
model.decoder.layers.19.attention.attn_ow: torch.Size([512, 1024]) (device: cuda:1)
model.decoder.layers.19.attention.attn_ob: torch.Size([1024]) (device: cuda:1)
model.decoder.layers.19.mlp.attn_nw: torch.Size([1024]) (device: cuda:1)
model.decoder.layers.19.mlp.attn_nb: torch.Size([1024]) (device: cuda:1)
model.decoder.layers.19.mlp.inter_w: torch.Size([1024, 2048]) (device: cuda:1)
model.decoder.layers.19.mlp.inter_b: torch.Size([2048]) (device: cuda:1)
model.decoder.layers.19.mlp.output_w: torch.Size([2048, 1024]) (device: cuda:1)
model.decoder.layers.19.mlp.output_b: torch.Size([1024]) (device: cuda:1)
model.decoder.layers.20.norm_w: torch.Size([1024]) (device: cuda:1)
model.decoder.layers.20.norm_b: torch.Size([1024]) (device: cuda:1)
model.decoder.layers.20.attention.attn_qkvw: torch.Size([1024, 1536]) (device: cuda:1)
model.decoder.layers.20.attention.attn_qkvb: torch.Size([1536]) (device: cuda:1)
model.decoder.layers.20.attention.attn_ow: torch.Size([512, 1024]) (device: cuda:1)
model.decoder.layers.20.attention.attn_ob: torch.Size([1024]) (device: cuda:1)
model.decoder.layers.20.mlp.attn_nw: torch.Size([1024]) (device: cuda:1)
model.decoder.layers.20.mlp.attn_nb: torch.Size([1024]) (device: cuda:1)
model.decoder.layers.20.mlp.inter_w: torch.Size([1024, 2048]) (device: cuda:1)
model.decoder.layers.20.mlp.inter_b: torch.Size([2048]) (device: cuda:1)
model.decoder.layers.20.mlp.output_w: torch.Size([2048, 1024]) (device: cuda:1)
model.decoder.layers.20.mlp.output_b: torch.Size([1024]) (device: cuda:1)
model.decoder.layers.21.norm_w: torch.Size([1024]) (device: cuda:1)
model.decoder.layers.21.norm_b: torch.Size([1024]) (device: cuda:1)
model.decoder.layers.21.attention.attn_qkvw: torch.Size([1024, 1536]) (device: cuda:1)
model.decoder.layers.21.attention.attn_qkvb: torch.Size([1536]) (device: cuda:1)
model.decoder.layers.21.attention.attn_ow: torch.Size([512, 1024]) (device: cuda:1)
model.decoder.layers.21.attention.attn_ob: torch.Size([1024]) (device: cuda:1)
model.decoder.layers.21.mlp.attn_nw: torch.Size([1024]) (device: cuda:1)
model.decoder.layers.21.mlp.attn_nb: torch.Size([1024]) (device: cuda:1)
model.decoder.layers.21.mlp.inter_w: torch.Size([1024, 2048]) (device: cuda:1)
model.decoder.layers.21.mlp.inter_b: torch.Size([2048]) (device: cuda:1)
model.decoder.layers.21.mlp.output_w: torch.Size([2048, 1024]) (device: cuda:1)
model.decoder.layers.21.mlp.output_b: torch.Size([1024]) (device: cuda:1)
model.decoder.layers.22.norm_w: torch.Size([1024]) (device: cuda:1)
model.decoder.layers.22.norm_b: torch.Size([1024]) (device: cuda:1)
model.decoder.layers.22.attention.attn_qkvw: torch.Size([1024, 1536]) (device: cuda:1)
model.decoder.layers.22.attention.attn_qkvb: torch.Size([1536]) (device: cuda:1)
model.decoder.layers.22.attention.attn_ow: torch.Size([512, 1024]) (device: cuda:1)
model.decoder.layers.22.attention.attn_ob: torch.Size([1024]) (device: cuda:1)
model.decoder.layers.22.mlp.attn_nw: torch.Size([1024]) (device: cuda:1)
model.decoder.layers.22.mlp.attn_nb: torch.Size([1024]) (device: cuda:1)
model.decoder.layers.22.mlp.inter_w: torch.Size([1024, 2048]) (device: cuda:1)
model.decoder.layers.22.mlp.inter_b: torch.Size([2048]) (device: cuda:1)
model.decoder.layers.22.mlp.output_w: torch.Size([2048, 1024]) (device: cuda:1)
model.decoder.layers.22.mlp.output_b: torch.Size([1024]) (device: cuda:1)
model.decoder.layers.23.norm_w: torch.Size([1024]) (device: cuda:1)
model.decoder.layers.23.norm_b: torch.Size([1024]) (device: cuda:1)
model.decoder.layers.23.attention.attn_qkvw: torch.Size([1024, 1536]) (device: cuda:1)
model.decoder.layers.23.attention.attn_qkvb: torch.Size([1536]) (device: cuda:1)
model.decoder.layers.23.attention.attn_ow: torch.Size([512, 1024]) (device: cuda:1)
model.decoder.layers.23.attention.attn_ob: torch.Size([1024]) (device: cuda:1)
model.decoder.layers.23.mlp.attn_nw: torch.Size([1024]) (device: cuda:1)
model.decoder.layers.23.mlp.attn_nb: torch.Size([1024]) (device: cuda:1)
model.decoder.layers.23.mlp.inter_w: torch.Size([1024, 2048]) (device: cuda:1)
model.decoder.layers.23.mlp.inter_b: torch.Size([2048]) (device: cuda:1)
model.decoder.layers.23.mlp.output_w: torch.Size([2048, 1024]) (device: cuda:1)
model.decoder.layers.23.mlp.output_b: torch.Size([1024]) (device: cuda:1)
benchmark, prompt_len = 512, execute_gen_len = 32, input_ids.shape = torch.Size([53, 512])
benchmark, prompt_len = 512, execute_gen_len = 32, input_ids.shape = torch.Size([53, 512])
------------------------------------------------------
Free memory : 6.322815 (GigaBytes)  
Total memory: 7.919250 (GigaBytes)  
Requested memory: 5.833672 (GigaBytes) 
Setting maximum total tokens (input + output) to 687 
WorkSpace: 0x757248000000 
------------------------------------------------------
[rank1]: Traceback (most recent call last):
[rank1]:   File "/home/victor/NIR/multi-gpu/deepspeed-tp/run_opt_experiment.py", line 134, in <module>
[rank1]:     run_generation(
[rank1]:   File "/home/victor/NIR/multi-gpu/deepspeed-tp/run_opt_experiment.py", line 55, in run_generation
[rank1]:     output_ids = model.generate(**input_tokens, **generate_kwargs)
[rank1]:                  ^^^^^^^^^^^^^^^^^^^^^^^^^^^^^^^^^^^^^^^^^^^^^^^^^
[rank1]:   File "/home/victor/anaconda3/envs/megatron-deepspeed/lib/python3.11/site-packages/torch/utils/_contextlib.py", line 116, in decorate_context
[rank1]:     return func(*args, **kwargs)
[rank1]:            ^^^^^^^^^^^^^^^^^^^^^
[rank1]:   File "/home/victor/anaconda3/envs/megatron-deepspeed/lib/python3.11/site-packages/transformers/generation/utils.py", line 1602, in generate
[rank1]:     return self.greedy_search(
[rank1]:            ^^^^^^^^^^^^^^^^^^^
[rank1]:   File "/home/victor/anaconda3/envs/megatron-deepspeed/lib/python3.11/site-packages/transformers/generation/utils.py", line 2454, in greedy_search
[rank1]:     outputs = self(
[rank1]:               ^^^^^
[rank1]:   File "/home/victor/anaconda3/envs/megatron-deepspeed/lib/python3.11/site-packages/torch/nn/modules/module.py", line 1739, in _wrapped_call_impl
[rank1]:     return self._call_impl(*args, **kwargs)
[rank1]:            ^^^^^^^^^^^^^^^^^^^^^^^^^^^^^^^^
[rank1]:   File "/home/victor/anaconda3/envs/megatron-deepspeed/lib/python3.11/site-packages/torch/nn/modules/module.py", line 1845, in _call_impl
[rank1]:     return inner()
[rank1]:            ^^^^^^^
[rank1]:   File "/home/victor/anaconda3/envs/megatron-deepspeed/lib/python3.11/site-packages/torch/nn/modules/module.py", line 1793, in inner
[rank1]:     result = forward_call(*args, **kwargs)
[rank1]:              ^^^^^^^^^^^^^^^^^^^^^^^^^^^^^
[rank1]:   File "/home/victor/anaconda3/envs/megatron-deepspeed/lib/python3.11/site-packages/transformers/models/opt/modeling_opt.py", line 1028, in forward
[rank1]:     logits = self.lm_head(outputs[0]).contiguous()
[rank1]:              ^^^^^^^^^^^^^^^^^^^^^^^^
[rank1]:   File "/home/victor/anaconda3/envs/megatron-deepspeed/lib/python3.11/site-packages/torch/nn/modules/module.py", line 1739, in _wrapped_call_impl
[rank1]:     return self._call_impl(*args, **kwargs)
[rank1]:            ^^^^^^^^^^^^^^^^^^^^^^^^^^^^^^^^
[rank1]:   File "/home/victor/anaconda3/envs/megatron-deepspeed/lib/python3.11/site-packages/torch/nn/modules/module.py", line 1750, in _call_impl
[rank1]:     return forward_call(*args, **kwargs)
[rank1]:            ^^^^^^^^^^^^^^^^^^^^^^^^^^^^^
[rank1]:   File "/home/victor/anaconda3/envs/megatron-deepspeed/lib/python3.11/site-packages/torch/nn/modules/linear.py", line 125, in forward
[rank1]:     return F.linear(input, self.weight, self.bias)
[rank1]:            ^^^^^^^^^^^^^^^^^^^^^^^^^^^^^^^^^^^^^^^
[rank1]: torch.OutOfMemoryError: CUDA out of memory. Tried to allocate 5.08 GiB. GPU 1 has a total capacity of 7.92 GiB of which 976.56 MiB is free. Including non-PyTorch memory, this process has 6.96 GiB memory in use. Of the allocated memory 763.64 MiB is allocated by PyTorch, and 112.36 MiB is reserved by PyTorch but unallocated. If reserved but unallocated memory is large try setting PYTORCH_CUDA_ALLOC_CONF=expandable_segments:True to avoid fragmentation.  See documentation for Memory Management  (https://pytorch.org/docs/stable/notes/cuda.html#environment-variables)
[rank0]: Traceback (most recent call last):
[rank0]:   File "/home/victor/NIR/multi-gpu/deepspeed-tp/run_opt_experiment.py", line 134, in <module>
[rank0]:     run_generation(
[rank0]:   File "/home/victor/NIR/multi-gpu/deepspeed-tp/run_opt_experiment.py", line 55, in run_generation
[rank0]:     output_ids = model.generate(**input_tokens, **generate_kwargs)
[rank0]:                  ^^^^^^^^^^^^^^^^^^^^^^^^^^^^^^^^^^^^^^^^^^^^^^^^^
[rank0]:   File "/home/victor/anaconda3/envs/megatron-deepspeed/lib/python3.11/site-packages/torch/utils/_contextlib.py", line 116, in decorate_context
[rank0]:     return func(*args, **kwargs)
[rank0]:            ^^^^^^^^^^^^^^^^^^^^^
[rank0]:   File "/home/victor/anaconda3/envs/megatron-deepspeed/lib/python3.11/site-packages/transformers/generation/utils.py", line 1602, in generate
[rank0]:     return self.greedy_search(
[rank0]:            ^^^^^^^^^^^^^^^^^^^
[rank0]:   File "/home/victor/anaconda3/envs/megatron-deepspeed/lib/python3.11/site-packages/transformers/generation/utils.py", line 2454, in greedy_search
[rank0]:     outputs = self(
[rank0]:               ^^^^^
[rank0]:   File "/home/victor/anaconda3/envs/megatron-deepspeed/lib/python3.11/site-packages/torch/nn/modules/module.py", line 1739, in _wrapped_call_impl
[rank0]:     return self._call_impl(*args, **kwargs)
[rank0]:            ^^^^^^^^^^^^^^^^^^^^^^^^^^^^^^^^
[rank0]:   File "/home/victor/anaconda3/envs/megatron-deepspeed/lib/python3.11/site-packages/torch/nn/modules/module.py", line 1845, in _call_impl
[rank0]:     return inner()
[rank0]:            ^^^^^^^
[rank0]:   File "/home/victor/anaconda3/envs/megatron-deepspeed/lib/python3.11/site-packages/torch/nn/modules/module.py", line 1793, in inner
[rank0]:     result = forward_call(*args, **kwargs)
[rank0]:              ^^^^^^^^^^^^^^^^^^^^^^^^^^^^^
[rank0]:   File "/home/victor/anaconda3/envs/megatron-deepspeed/lib/python3.11/site-packages/transformers/models/opt/modeling_opt.py", line 1028, in forward
[rank0]:     logits = self.lm_head(outputs[0]).contiguous()
[rank0]:              ^^^^^^^^^^^^^^^^^^^^^^^^
[rank0]:   File "/home/victor/anaconda3/envs/megatron-deepspeed/lib/python3.11/site-packages/torch/nn/modules/module.py", line 1739, in _wrapped_call_impl
[rank0]:     return self._call_impl(*args, **kwargs)
[rank0]:            ^^^^^^^^^^^^^^^^^^^^^^^^^^^^^^^^
[rank0]:   File "/home/victor/anaconda3/envs/megatron-deepspeed/lib/python3.11/site-packages/torch/nn/modules/module.py", line 1750, in _call_impl
[rank0]:     return forward_call(*args, **kwargs)
[rank0]:            ^^^^^^^^^^^^^^^^^^^^^^^^^^^^^
[rank0]:   File "/home/victor/anaconda3/envs/megatron-deepspeed/lib/python3.11/site-packages/torch/nn/modules/linear.py", line 125, in forward
[rank0]:     return F.linear(input, self.weight, self.bias)
[rank0]:            ^^^^^^^^^^^^^^^^^^^^^^^^^^^^^^^^^^^^^^^
[rank0]: torch.OutOfMemoryError: CUDA out of memory. Tried to allocate 5.08 GiB. GPU 0 has a total capacity of 7.92 GiB of which 978.56 MiB is free. Process 18109 has 104.00 MiB memory in use. Including non-PyTorch memory, this process has 6.86 GiB memory in use. Of the allocated memory 763.64 MiB is allocated by PyTorch, and 112.36 MiB is reserved by PyTorch but unallocated. If reserved but unallocated memory is large try setting PYTORCH_CUDA_ALLOC_CONF=expandable_segments:True to avoid fragmentation.  See documentation for Memory Management  (https://pytorch.org/docs/stable/notes/cuda.html#environment-variables)
[rank0]:[W509 17:25:20.325829694 ProcessGroupNCCL.cpp:1496] Warning: WARNING: destroy_process_group() was not called before program exit, which can leak resources. For more info, please see https://pytorch.org/docs/stable/distributed.html#shutdown (function operator())
[2025-05-09 17:25:22,595] [INFO] [launch.py:319:sigkill_handler] Killing subprocess 18108
[2025-05-09 17:25:22,595] [INFO] [launch.py:319:sigkill_handler] Killing subprocess 18109
[2025-05-09 17:25:22,607] [ERROR] [launch.py:325:sigkill_handler] ['/home/victor/anaconda3/envs/megatron-deepspeed/bin/python', '-u', 'run_opt_experiment.py', '--local_rank=1', '--loops', '3', '--model', 'facebook/opt-350m', '--batch-size', '4', '--prompt-len', '512', '--gen-len', '32', '--use-tp-parallel', '--output-file', 'results.log', '--verbose', '2'] exits with return code = 1
