[2025-04-09 15:27:26,452] [INFO] [real_accelerator.py:239:get_accelerator] Setting ds_accelerator to cuda (auto detect)
/home/victor/anaconda3/envs/deepspeed_zero/lib/python3.11/site-packages/transformers/utils/generic.py:260: FutureWarning: `torch.utils._pytree._register_pytree_node` is deprecated. Please use `torch.utils._pytree.register_pytree_node` instead.
  torch.utils._pytree._register_pytree_node(
/home/victor/anaconda3/envs/deepspeed_zero/lib/python3.11/site-packages/transformers/utils/generic.py:260: FutureWarning: `torch.utils._pytree._register_pytree_node` is deprecated. Please use `torch.utils._pytree.register_pytree_node` instead.
  torch.utils._pytree._register_pytree_node(
[2025-04-09 15:27:28,029] [WARNING] [runner.py:215:fetch_hostfile] Unable to find hostfile, will proceed with training with local resources only.
[2025-04-09 15:27:28,030] [INFO] [runner.py:605:main] cmd = /home/victor/anaconda3/envs/deepspeed_zero/bin/python -u -m deepspeed.launcher.launch --world_info=eyJsb2NhbGhvc3QiOiBbMF19 --master_addr=127.0.0.1 --master_port=29500 --enable_each_rank_log=None run_opt_experiment_initialize.py --loops 10 --model facebook/opt-125m --batch-size 3 --prompt-len 512 --gen-len 4 --use_gds --use_zero --cpu-offload --kv-offload --pin-memory --half-precision fp16
[2025-04-09 15:27:29,227] [INFO] [real_accelerator.py:239:get_accelerator] Setting ds_accelerator to cuda (auto detect)
/home/victor/anaconda3/envs/deepspeed_zero/lib/python3.11/site-packages/transformers/utils/generic.py:260: FutureWarning: `torch.utils._pytree._register_pytree_node` is deprecated. Please use `torch.utils._pytree.register_pytree_node` instead.
  torch.utils._pytree._register_pytree_node(
/home/victor/anaconda3/envs/deepspeed_zero/lib/python3.11/site-packages/transformers/utils/generic.py:260: FutureWarning: `torch.utils._pytree._register_pytree_node` is deprecated. Please use `torch.utils._pytree.register_pytree_node` instead.
  torch.utils._pytree._register_pytree_node(
[2025-04-09 15:27:30,759] [INFO] [launch.py:146:main] WORLD INFO DICT: {'localhost': [0]}
[2025-04-09 15:27:30,759] [INFO] [launch.py:152:main] nnodes=1, num_local_procs=1, node_rank=0
[2025-04-09 15:27:30,759] [INFO] [launch.py:163:main] global_rank_mapping=defaultdict(<class 'list'>, {'localhost': [0]})
[2025-04-09 15:27:30,759] [INFO] [launch.py:164:main] dist_world_size=1
[2025-04-09 15:27:30,759] [INFO] [launch.py:168:main] Setting CUDA_VISIBLE_DEVICES=0
[2025-04-09 15:27:30,760] [INFO] [launch.py:256:main] process 43647 spawned with command: ['/home/victor/anaconda3/envs/deepspeed_zero/bin/python', '-u', 'run_opt_experiment_initialize.py', '--local_rank=0', '--loops', '10', '--model', 'facebook/opt-125m', '--batch-size', '3', '--prompt-len', '512', '--gen-len', '4', '--use_gds', '--use_zero', '--cpu-offload', '--kv-offload', '--pin-memory', '--half-precision', 'fp16']
[2025-04-09 15:27:32,017] [INFO] [real_accelerator.py:239:get_accelerator] Setting ds_accelerator to cuda (auto detect)
/home/victor/anaconda3/envs/deepspeed_zero/lib/python3.11/site-packages/transformers/utils/generic.py:260: FutureWarning: `torch.utils._pytree._register_pytree_node` is deprecated. Please use `torch.utils._pytree.register_pytree_node` instead.
  torch.utils._pytree._register_pytree_node(
/home/victor/anaconda3/envs/deepspeed_zero/lib/python3.11/site-packages/transformers/utils/generic.py:260: FutureWarning: `torch.utils._pytree._register_pytree_node` is deprecated. Please use `torch.utils._pytree.register_pytree_node` instead.
  torch.utils._pytree._register_pytree_node(
/home/victor/anaconda3/envs/deepspeed_zero/lib/python3.11/site-packages/huggingface_hub/file_download.py:797: FutureWarning: `resume_download` is deprecated and will be removed in version 1.0.0. Downloads always resume when possible. If you want to force a new download, use `force_download=True`.
  warnings.warn(
[2025-04-09 15:27:34,870] [INFO] [comm.py:658:init_distributed] cdb=None
[2025-04-09 15:27:34,870] [INFO] [comm.py:689:init_distributed] Initializing TorchBackend in DeepSpeed with backend nccl
[2025-04-09 15:27:35,560] [INFO] [config.py:734:__init__] Config mesh_device None world_size = 1
[2025-04-09 15:27:36,396] [INFO] [partition_parameters.py:348:__exit__] finished initializing model - num_params = 197, num_elems = 0.16B
[2025-04-09 15:27:36,774] [INFO] [logging.py:107:log_dist] [Rank 0] DeepSpeed info: version=0.16.5, git-hash=unknown, git-branch=unknown
[2025-04-09 15:27:36,774] [INFO] [config.py:734:__init__] Config mesh_device None world_size = 1
[2025-04-09 15:27:36,777] [INFO] [logging.py:107:log_dist] [Rank 0] DeepSpeed Flops Profiler Enabled: False
[2025-04-09 15:27:36,778] [INFO] [logging.py:107:log_dist] [Rank 0] Creating ZeRO Offload
[2025-04-09 15:27:36,881] [INFO] [utils.py:781:see_memory_usage] DeepSpeedZeRoOffload initialize [begin]
[2025-04-09 15:27:36,881] [INFO] [utils.py:782:see_memory_usage] MA 0.0 GB         Max_MA 0.14 GB         CA 0.15 GB         Max_CA 0 GB 
[2025-04-09 15:27:36,881] [INFO] [utils.py:789:see_memory_usage] CPU Virtual Memory:  used = 10.06 GB, percent = 66.9%
Parameter Offload: Total persistent parameters: 84480 in 110 params
[2025-04-09 15:27:37,011] [INFO] [utils.py:781:see_memory_usage] DeepSpeedZeRoOffload initialize [end]
[2025-04-09 15:27:37,012] [INFO] [utils.py:782:see_memory_usage] MA 0.0 GB         Max_MA 0.0 GB         CA 0.15 GB         Max_CA 0 GB 
[2025-04-09 15:27:37,012] [INFO] [utils.py:789:see_memory_usage] CPU Virtual Memory:  used = 10.06 GB, percent = 66.9%
[2025-04-09 15:27:37,012] [INFO] [config.py:1000:print] DeepSpeedEngine configuration:
[2025-04-09 15:27:37,012] [INFO] [config.py:1004:print]   activation_checkpointing_config  {
    "partition_activations": false, 
    "contiguous_memory_optimization": false, 
    "cpu_checkpointing": false, 
    "number_checkpoints": null, 
    "synchronize_checkpoint_boundary": false, 
    "profile": false
}
[2025-04-09 15:27:37,012] [INFO] [config.py:1004:print]   aio_config ................... {'block_size': 1048576, 'queue_depth': 8, 'intra_op_parallelism': 1, 'single_submit': False, 'overlap_events': True, 'use_gds': False}
[2025-04-09 15:27:37,012] [INFO] [config.py:1004:print]   amp_enabled .................. False
[2025-04-09 15:27:37,012] [INFO] [config.py:1004:print]   amp_params ................... False
[2025-04-09 15:27:37,012] [INFO] [config.py:1004:print]   autotuning_config ............ {
    "enabled": false, 
    "start_step": null, 
    "end_step": null, 
    "metric_path": null, 
    "arg_mappings": null, 
    "metric": "throughput", 
    "model_info": null, 
    "results_dir": "autotuning_results", 
    "exps_dir": "autotuning_exps", 
    "overwrite": true, 
    "fast": true, 
    "start_profile_step": 3, 
    "end_profile_step": 5, 
    "tuner_type": "gridsearch", 
    "tuner_early_stopping": 5, 
    "tuner_num_trials": 50, 
    "model_info_path": null, 
    "mp_size": 1, 
    "max_train_batch_size": null, 
    "min_train_batch_size": 1, 
    "max_train_micro_batch_size_per_gpu": 1.024000e+03, 
    "min_train_micro_batch_size_per_gpu": 1, 
    "num_tuning_micro_batch_sizes": 3
}
[2025-04-09 15:27:37,012] [INFO] [config.py:1004:print]   bfloat16_enabled ............. False
[2025-04-09 15:27:37,012] [INFO] [config.py:1004:print]   bfloat16_immediate_grad_update  False
[2025-04-09 15:27:37,013] [INFO] [config.py:1004:print]   checkpoint_parallel_write_pipeline  False
[2025-04-09 15:27:37,013] [INFO] [config.py:1004:print]   checkpoint_tag_validation_enabled  True
[2025-04-09 15:27:37,013] [INFO] [config.py:1004:print]   checkpoint_tag_validation_fail  False
[2025-04-09 15:27:37,013] [INFO] [config.py:1004:print]   comms_config ................. <deepspeed.comm.config.DeepSpeedCommsConfig object at 0x7fa38d93a050>
[2025-04-09 15:27:37,013] [INFO] [config.py:1004:print]   communication_data_type ...... None
[2025-04-09 15:27:37,013] [INFO] [config.py:1004:print]   compression_config ........... {'weight_quantization': {'shared_parameters': {'enabled': False, 'quantizer_kernel': False, 'schedule_offset': 0, 'quantize_groups': 1, 'quantize_verbose': False, 'quantization_type': 'symmetric', 'quantize_weight_in_forward': False, 'rounding': 'nearest', 'fp16_mixed_quantize': False, 'quantize_change_ratio': 0.001}, 'different_groups': {}}, 'activation_quantization': {'shared_parameters': {'enabled': False, 'quantization_type': 'symmetric', 'range_calibration': 'dynamic', 'schedule_offset': 1000}, 'different_groups': {}}, 'sparse_pruning': {'shared_parameters': {'enabled': False, 'method': 'l1', 'schedule_offset': 1000}, 'different_groups': {}}, 'row_pruning': {'shared_parameters': {'enabled': False, 'method': 'l1', 'schedule_offset': 1000}, 'different_groups': {}}, 'head_pruning': {'shared_parameters': {'enabled': False, 'method': 'topk', 'schedule_offset': 1000}, 'different_groups': {}}, 'channel_pruning': {'shared_parameters': {'enabled': False, 'method': 'l1', 'schedule_offset': 1000}, 'different_groups': {}}, 'layer_reduction': {'enabled': False}}
[2025-04-09 15:27:37,013] [INFO] [config.py:1004:print]   curriculum_enabled_legacy .... False
[2025-04-09 15:27:37,013] [INFO] [config.py:1004:print]   curriculum_params_legacy ..... False
[2025-04-09 15:27:37,013] [INFO] [config.py:1004:print]   data_efficiency_config ....... {'enabled': False, 'seed': 1234, 'data_sampling': {'enabled': False, 'num_epochs': 1000, 'num_workers': 0, 'pin_memory': False, 'curriculum_learning': {'enabled': False}, 'dynamic_batching': {'enabled': False, 'lr_scaling_method': 'linear', 'min_batch_size': 1, 'max_batch_size': None, 'sequence_picking_order': 'dataloader', 'verbose': False}}, 'data_routing': {'enabled': False, 'random_ltd': {'enabled': False, 'layer_token_lr_schedule': {'enabled': False}}}}
[2025-04-09 15:27:37,013] [INFO] [config.py:1004:print]   data_efficiency_enabled ...... False
[2025-04-09 15:27:37,013] [INFO] [config.py:1004:print]   dataloader_drop_last ......... False
[2025-04-09 15:27:37,013] [INFO] [config.py:1004:print]   disable_allgather ............ False
[2025-04-09 15:27:37,013] [INFO] [config.py:1004:print]   dump_state ................... False
[2025-04-09 15:27:37,013] [INFO] [config.py:1004:print]   dynamic_loss_scale_args ...... None
[2025-04-09 15:27:37,013] [INFO] [config.py:1004:print]   eigenvalue_enabled ........... False
[2025-04-09 15:27:37,013] [INFO] [config.py:1004:print]   eigenvalue_gas_boundary_resolution  1
[2025-04-09 15:27:37,013] [INFO] [config.py:1004:print]   eigenvalue_layer_name ........ bert.encoder.layer
[2025-04-09 15:27:37,013] [INFO] [config.py:1004:print]   eigenvalue_layer_num ......... 0
[2025-04-09 15:27:37,013] [INFO] [config.py:1004:print]   eigenvalue_max_iter .......... 100
[2025-04-09 15:27:37,013] [INFO] [config.py:1004:print]   eigenvalue_stability ......... 1e-06
[2025-04-09 15:27:37,013] [INFO] [config.py:1004:print]   eigenvalue_tol ............... 0.01
[2025-04-09 15:27:37,013] [INFO] [config.py:1004:print]   eigenvalue_verbose ........... False
[2025-04-09 15:27:37,013] [INFO] [config.py:1004:print]   elasticity_enabled ........... False
[2025-04-09 15:27:37,013] [INFO] [config.py:1004:print]   flops_profiler_config ........ {
    "enabled": false, 
    "recompute_fwd_factor": 0.0, 
    "profile_step": 1, 
    "module_depth": -1, 
    "top_modules": 1, 
    "detailed": true, 
    "output_file": null
}
[2025-04-09 15:27:37,013] [INFO] [config.py:1004:print]   fp16_auto_cast ............... False
[2025-04-09 15:27:37,013] [INFO] [config.py:1004:print]   fp16_enabled ................. True
[2025-04-09 15:27:37,013] [INFO] [config.py:1004:print]   fp16_master_weights_and_gradients  False
[2025-04-09 15:27:37,013] [INFO] [config.py:1004:print]   global_rank .................. 0
[2025-04-09 15:27:37,013] [INFO] [config.py:1004:print]   grad_accum_dtype ............. None
[2025-04-09 15:27:37,013] [INFO] [config.py:1004:print]   gradient_accumulation_steps .. 1
[2025-04-09 15:27:37,013] [INFO] [config.py:1004:print]   gradient_clipping ............ 0.0
[2025-04-09 15:27:37,013] [INFO] [config.py:1004:print]   gradient_predivide_factor .... 1.0
[2025-04-09 15:27:37,013] [INFO] [config.py:1004:print]   graph_harvesting ............. False
[2025-04-09 15:27:37,013] [INFO] [config.py:1004:print]   hybrid_engine ................ enabled=False max_out_tokens=512 inference_tp_size=1 release_inference_cache=False pin_parameters=True tp_gather_partition_size=8
[2025-04-09 15:27:37,013] [INFO] [config.py:1004:print]   initial_dynamic_scale ........ 65536
[2025-04-09 15:27:37,013] [INFO] [config.py:1004:print]   load_universal_checkpoint .... False
[2025-04-09 15:27:37,013] [INFO] [config.py:1004:print]   loss_scale ................... 0
[2025-04-09 15:27:37,013] [INFO] [config.py:1004:print]   memory_breakdown ............. False
[2025-04-09 15:27:37,013] [INFO] [config.py:1004:print]   mics_hierarchial_params_gather  False
[2025-04-09 15:27:37,013] [INFO] [config.py:1004:print]   mics_shard_size .............. -1
[2025-04-09 15:27:37,013] [INFO] [config.py:1004:print]   monitor_config ............... tensorboard=TensorBoardConfig(enabled=False, output_path='', job_name='DeepSpeedJobName') comet=CometConfig(enabled=False, samples_log_interval=100, project=None, workspace=None, api_key=None, experiment_name=None, experiment_key=None, online=None, mode=None) wandb=WandbConfig(enabled=False, group=None, team=None, project='deepspeed') csv_monitor=CSVConfig(enabled=False, output_path='', job_name='DeepSpeedJobName')
[2025-04-09 15:27:37,013] [INFO] [config.py:1004:print]   nebula_config ................ {
    "enabled": false, 
    "persistent_storage_path": null, 
    "persistent_time_interval": 100, 
    "num_of_version_in_retention": 2, 
    "enable_nebula_load": true, 
    "load_path": null
}
[2025-04-09 15:27:37,013] [INFO] [config.py:1004:print]   optimizer_legacy_fusion ...... False
[2025-04-09 15:27:37,013] [INFO] [config.py:1004:print]   optimizer_name ............... None
[2025-04-09 15:27:37,013] [INFO] [config.py:1004:print]   optimizer_params ............. None
[2025-04-09 15:27:37,013] [INFO] [config.py:1004:print]   pipeline ..................... {'stages': 'auto', 'partition': 'best', 'seed_layers': False, 'activation_checkpoint_interval': 0, 'pipe_partitioned': True, 'grad_partitioned': True}
[2025-04-09 15:27:37,014] [INFO] [config.py:1004:print]   pld_enabled .................. False
[2025-04-09 15:27:37,014] [INFO] [config.py:1004:print]   pld_params ................... False
[2025-04-09 15:27:37,014] [INFO] [config.py:1004:print]   prescale_gradients ........... False
[2025-04-09 15:27:37,014] [INFO] [config.py:1004:print]   scheduler_name ............... None
[2025-04-09 15:27:37,014] [INFO] [config.py:1004:print]   scheduler_params ............. None
[2025-04-09 15:27:37,014] [INFO] [config.py:1004:print]   seq_parallel_communication_data_type  torch.float32
[2025-04-09 15:27:37,014] [INFO] [config.py:1004:print]   sparse_attention ............. None
[2025-04-09 15:27:37,014] [INFO] [config.py:1004:print]   sparse_gradients_enabled ..... False
[2025-04-09 15:27:37,014] [INFO] [config.py:1004:print]   steps_per_print .............. 2000
[2025-04-09 15:27:37,014] [INFO] [config.py:1004:print]   tensor_parallel_config ....... dtype=torch.float16 autotp_size=0 tensor_parallel=TPConfig(tp_size=1, tp_grain_size=1, mpu=None, tp_group=None) injection_policy_tuple=None keep_module_on_host=False replace_with_kernel_inject=False
[2025-04-09 15:27:37,014] [INFO] [config.py:1004:print]   timers_config ................ enabled=True synchronized=True
[2025-04-09 15:27:37,014] [INFO] [config.py:1004:print]   train_batch_size ............. 3
[2025-04-09 15:27:37,014] [INFO] [config.py:1004:print]   train_micro_batch_size_per_gpu  3
[2025-04-09 15:27:37,014] [INFO] [config.py:1004:print]   use_data_before_expert_parallel_  False
[2025-04-09 15:27:37,014] [INFO] [config.py:1004:print]   use_node_local_storage ....... False
[2025-04-09 15:27:37,014] [INFO] [config.py:1004:print]   wall_clock_breakdown ......... False
[2025-04-09 15:27:37,014] [INFO] [config.py:1004:print]   weight_quantization_config ... None
[2025-04-09 15:27:37,014] [INFO] [config.py:1004:print]   world_size ................... 1
[2025-04-09 15:27:37,014] [INFO] [config.py:1004:print]   zero_allow_untested_optimizer  False
[2025-04-09 15:27:37,014] [INFO] [config.py:1004:print]   zero_config .................. stage=3 contiguous_gradients=True reduce_scatter=True reduce_bucket_size=500000000 use_multi_rank_bucket_allreduce=True allgather_partitions=True allgather_bucket_size=500000000 overlap_comm=True load_from_fp32_weights=True elastic_checkpoint=False offload_param=DeepSpeedZeroOffloadParamConfig(device='cpu', nvme_path=None, buffer_count=5, buffer_size=100000000, max_in_cpu=1000000000, pin_memory=True) offload_optimizer=None sub_group_size=1000000000 cpu_offload_param=None cpu_offload_use_pin_memory=None cpu_offload=None prefetch_bucket_size=1179648 param_persistence_threshold=768 model_persistence_threshold=9223372036854775807 max_live_parameters=1179648 max_reuse_distance=1000000000 gather_16bit_weights_on_model_save=False module_granularity_threshold=0 use_all_reduce_for_fetch_params=False stage3_gather_fp16_weights_on_model_save=False ignore_unused_parameters=True legacy_stage1=False round_robin_gradients=False zero_hpz_partition_size=1 zero_quantized_weights=False zero_quantized_nontrainable_weights=False zero_quantized_gradients=False zeropp_loco_param=None mics_shard_size=-1 mics_hierarchical_params_gather=False memory_efficient_linear=True pipeline_loading_checkpoint=False override_module_apply=True log_trace_cache_warnings=False
[2025-04-09 15:27:37,014] [INFO] [config.py:1004:print]   zero_enabled ................. True
[2025-04-09 15:27:37,014] [INFO] [config.py:1004:print]   zero_force_ds_cpu_optimizer .. True
[2025-04-09 15:27:37,014] [INFO] [config.py:1004:print]   zero_optimization_stage ...... 3
[2025-04-09 15:27:37,014] [INFO] [config.py:990:print_user_config]   json = {
    "fp16": {
        "enabled": true
    }, 
    "bp16": {
        "enabled": false
    }, 
    "steps_per_print": 2.000000e+03, 
    "train_batch_size": 3, 
    "wall_clock_breakdown": false, 
    "zero_optimization": {
        "stage": 3, 
        "stage3_prefetch_bucket_size": 1.179648e+06, 
        "stage3_param_persistence_threshold": 768, 
        "stage3_max_live_parameters": 1.179648e+06, 
        "offload_param": {
            "device": "cpu", 
            "pin_memory": true
        }
    }
}
benchmark, prompt_len = 512, execute_gen_len = 4, input_ids.shape = torch.Size([11, 512])
token_latency=[0.5747087001800537, 0.20186233520507812, 0.11600327491760254, 0.11605310440063477]
token_latency=[0.35955309867858887, 0.1132357120513916, 0.11580371856689453, 0.11651182174682617]
token_latency=[0.3494880199432373, 0.11496257781982422, 0.11532068252563477, 0.11627507209777832]
token_latency=[0.35787367820739746, 0.10483598709106445, 0.10895681381225586, 0.10492253303527832]
token_latency=[0.3443922996520996, 0.10497283935546875, 0.1042947769165039, 0.10550165176391602]
token_latency=[0.35068511962890625, 0.10545921325683594, 0.10395646095275879, 0.11124062538146973]
token_latency=[0.3452327251434326, 0.10591959953308105, 0.10708904266357422, 0.10527944564819336]
token_latency=[0.36864352226257324, 0.10641193389892578, 0.10706090927124023, 0.11231350898742676]
token_latency=[0.3504772186279297, 0.11359763145446777, 0.11459708213806152, 0.10546302795410156]
token_latency=[0.3461568355560303, 0.11883997917175293, 0.12337803840637207, 0.118743896484375]
Summary:
costs = [1.0429259319998891, 0.7087088959997345, 0.6999803909993716, 0.6794173200005389, 0.6616444049996062, 0.6738486899994314, 0.6659652709995498, 0.6973878990002049, 0.6868466720006836, 0.7100558049996835], prefill_timings = [0.5737755298614502, 0.3473856449127197, 0.33707261085510254, 0.34561920166015625, 0.3322153091430664, 0.33849334716796875, 0.33307719230651855, 0.3562905788421631, 0.3381528854370117, 0.33396196365356445]
Outputs:
----------------------------------------------------------------------
0: is curly maple a hardwood
It's not.
----------------------------------------------------------------------
5: propper way to fill butane
I'm not sure
----------------------------------------------------------------------
10: scholarships of art

The Scholars
----------------------------------------------------------------------

model size: 0.230 GB	cache size: 0.053 GB	hidden size (p): 0.002 GB
peak gpu mem: 0.616 GB	prefill latency: 0.334 s	prefill throughput: 4599.326 token/s
decode latency: 0.376 s	decode throughput: 23.930 token/s
total latency: 0.710 s	total throughput: 16.900 token/s
[2025-04-09 15:27:46,763] [INFO] [launch.py:351:main] Process 43647 exits successfully.
